09-09 11:37:20.430  1604  2127 D ConnectivityService: notifyType IP_CHANGED for NetworkAgentInfo [MOBILE (LTE_CA) - 108]
09-09 11:37:30.574  1604  2127 D ConnectivityService: Setting tx/rx TCP buffers to 2097152,4194304,8388608,262144,524288,1048576
09-09 11:37:30.588  1604  2127 D ConnectivityService: notifyType IP_CHANGED for NetworkAgentInfo [MOBILE (LTE) - 108]
09-09 11:38:01.642  1604  2127 D ConnectivityService: Setting tx/rx TCP buffers to 2097152,4194304,8388608,4096,1048576,2097152
09-09 11:38:01.679  1604  2127 D ConnectivityService: notifyType IP_CHANGED for NetworkAgentInfo [MOBILE (LTE_CA) - 108]
09-09 11:38:15.699  1604  2127 D ConnectivityService: Setting tx/rx TCP buffers to 2097152,4194304,8388608,262144,524288,1048576
09-09 11:38:15.713  1604  2127 D ConnectivityService: notifyType IP_CHANGED for NetworkAgentInfo [MOBILE (LTE) - 108]
09-09 11:38:20.454  1604  2127 D ConnectivityService: Setting tx/rx TCP buffers to 2097152,4194304,8388608,4096,1048576,2097152
09-09 11:38:20.469  1604  2127 D ConnectivityService: notifyType IP_CHANGED for NetworkAgentInfo [MOBILE (LTE_CA) - 108]
09-09 11:38:30.638  1604  2127 D ConnectivityService: Setting tx/rx TCP buffers to 2097152,4194304,8388608,262144,524288,1048576
09-09 11:38:30.666  1604  2127 D ConnectivityService: notifyType IP_CHANGED for NetworkAgentInfo [MOBILE (LTE) - 108]
09-09 11:38:31.105  1604  2127 D ConnectivityService: Setting tx/rx TCP buffers to 2097152,4194304,8388608,4096,1048576,2097152
09-09 11:38:31.115  1604  2127 D ConnectivityService: notifyType IP_CHANGED for NetworkAgentInfo [MOBILE (LTE_CA) - 108]
09-09 11:38:41.298  1604  2127 D ConnectivityService: Setting tx/rx TCP buffers to 2097152,4194304,8388608,262144,524288,1048576
09-09 11:38:41.323  1604  2127 D ConnectivityService: notifyType IP_CHANGED for NetworkAgentInfo [MOBILE (LTE) - 108]
09-09 11:38:53.355  1604  2127 D ConnectivityService: Setting tx/rx TCP buffers to 2097152,4194304,8388608,4096,1048576,2097152
09-09 11:38:53.387  1604  2127 D ConnectivityService: notifyType IP_CHANGED for NetworkAgentInfo [MOBILE (LTE_CA) - 108]
09-09 11:39:16.545  1604  2127 D ConnectivityService: Setting tx/rx TCP buffers to 2097152,4194304,8388608,262144,524288,1048576
09-09 11:39:16.565  1604  2127 D ConnectivityService: notifyType IP_CHANGED for NetworkAgentInfo [MOBILE (LTE) - 108]
09-09 11:39:20.572  1604  2127 D ConnectivityService: Setting tx/rx TCP buffers to 2097152,4194304,8388608,4096,1048576,2097152
09-09 11:39:20.605  1604  2127 D ConnectivityService: notifyType IP_CHANGED for NetworkAgentInfo [MOBILE (LTE_CA) - 108]
09-09 11:39:30.598  1604  2127 D ConnectivityService: Setting tx/rx TCP buffers to 2097152,4194304,8388608,262144,524288,1048576
09-09 11:39:30.625  1604  2127 D ConnectivityService: notifyType IP_CHANGED for NetworkAgentInfo [MOBILE (LTE) - 108]
09-09 11:39:42.047  1604  2127 D ConnectivityService: Setting tx/rx TCP buffers to 2097152,4194304,8388608,4096,1048576,2097152
09-09 11:39:42.081  1604  2127 D ConnectivityService: notifyType IP_CHANGED for NetworkAgentInfo [MOBILE (LTE_CA) - 108]
09-09 11:39:52.119  1604  2127 D ConnectivityService: Setting tx/rx TCP buffers to 2097152,4194304,8388608,262144,524288,1048576
09-09 11:39:52.158  1604  2127 D ConnectivityService: notifyType IP_CHANGED for NetworkAgentInfo [MOBILE (LTE) - 108]
09-09 11:39:53.968  1604  2127 D ConnectivityService: Setting tx/rx TCP buffers to 2097152,4194304,8388608,4096,1048576,2097152
09-09 11:39:54.002  1604  2127 D ConnectivityService: notifyType IP_CHANGED for NetworkAgentInfo [MOBILE (LTE_CA) - 108]
09-09 11:40:16.006  1604  2127 D ConnectivityService: Setting tx/rx TCP buffers to 2097152,4194304,8388608,262144,524288,1048576
09-09 11:40:16.035  1604  2127 D ConnectivityService: notifyType IP_CHANGED for NetworkAgentInfo [MOBILE (LTE) - 108]
09-09 11:40:20.563  1604  2127 D ConnectivityService: Setting tx/rx TCP buffers to 2097152,4194304,8388608,4096,1048576,2097152
09-09 11:40:20.586  1604  2127 D ConnectivityService: notifyType IP_CHANGED for NetworkAgentInfo [MOBILE (LTE_CA) - 108]
09-09 11:40:30.585  1604  2127 D ConnectivityService: Setting tx/rx TCP buffers to 2097152,4194304,8388608,262144,524288,1048576
09-09 11:40:30.614  1604  2127 D ConnectivityService: notifyType IP_CHANGED for NetworkAgentInfo [MOBILE (LTE) - 108]
09-09 11:41:01.183  1604  2127 D ConnectivityService: Setting tx/rx TCP buffers to 2097152,4194304,8388608,4096,1048576,2097152
09-09 11:41:01.207  1604  2127 D ConnectivityService: notifyType IP_CHANGED for NetworkAgentInfo [MOBILE (LTE_CA) - 108]
09-09 11:41:16.229  1604  2127 D ConnectivityService: Setting tx/rx TCP buffers to 2097152,4194304,8388608,262144,524288,1048576
09-09 11:41:16.254  1604  2127 D ConnectivityService: notifyType IP_CHANGED for NetworkAgentInfo [MOBILE (LTE) - 108]
09-09 11:41:20.674  1604  2127 D ConnectivityService: Setting tx/rx TCP buffers to 2097152,4194304,8388608,4096,1048576,2097152
09-09 11:41:20.699  1604  2127 D ConnectivityService: notifyType IP_CHANGED for NetworkAgentInfo [MOBILE (LTE_CA) - 108]
09-09 11:41:30.751  1604  2127 D ConnectivityService: Setting tx/rx TCP buffers to 2097152,4194304,8388608,262144,524288,1048576
09-09 11:41:30.773  1604  2127 D ConnectivityService: notifyType IP_CHANGED for NetworkAgentInfo [MOBILE (LTE) - 108]
09-09 11:41:53.339  1604  2127 D ConnectivityService: Setting tx/rx TCP buffers to 2097152,4194304,8388608,4096,1048576,2097152
09-09 11:41:53.368  1604  2127 D ConnectivityService: notifyType IP_CHANGED for NetworkAgentInfo [MOBILE (LTE_CA) - 108]
09-09 11:42:16.457  1604  2127 D ConnectivityService: Setting tx/rx TCP buffers to 2097152,4194304,8388608,262144,524288,1048576
09-09 11:42:16.487  1604  2127 D ConnectivityService: notifyType IP_CHANGED for NetworkAgentInfo [MOBILE (LTE) - 108]
09-09 11:42:16.736  1604  2127 D ConnectivityService: Setting tx/rx TCP buffers to 2097152,4194304,8388608,4096,1048576,2097152
09-09 11:42:16.758  1604  2127 D ConnectivityService: notifyType IP_CHANGED for NetworkAgentInfo [MOBILE (LTE_CA) - 108]
09-09 11:42:30.894  1604  2127 D ConnectivityService: Setting tx/rx TCP buffers to 2097152,4194304,8388608,262144,524288,1048576
09-09 11:42:30.919  1604  2127 D ConnectivityService: notifyType IP_CHANGED for NetworkAgentInfo [MOBILE (LTE) - 108]
09-09 11:42:46.544  1604  2127 D ConnectivityService: Setting tx/rx TCP buffers to 2097152,4194304,8388608,4096,1048576,2097152
09-09 11:42:46.571  1604  2127 D ConnectivityService: notifyType IP_CHANGED for NetworkAgentInfo [MOBILE (LTE_CA) - 108]
09-09 11:42:59.699  1604  2127 D ConnectivityService: Setting tx/rx TCP buffers to 2097152,4194304,8388608,262144,524288,1048576
09-09 11:42:59.722  1604  2127 D ConnectivityService: notifyType IP_CHANGED for NetworkAgentInfo [MOBILE (LTE) - 108]
09-09 11:43:01.639  1604  2127 D ConnectivityService: Setting tx/rx TCP buffers to 2097152,4194304,8388608,4096,1048576,2097152
09-09 11:43:01.664  1604  2127 D ConnectivityService: notifyType IP_CHANGED for NetworkAgentInfo [MOBILE (LTE_CA) - 108]
09-09 11:43:41.729  1604  2127 D ConnectivityService: Setting tx/rx TCP buffers to 2097152,4194304,8388608,262144,524288,1048576
09-09 11:43:41.752  1604  2127 D ConnectivityService: notifyType IP_CHANGED for NetworkAgentInfo [MOBILE (LTE) - 108]
09-09 11:43:52.674  1604  2127 D ConnectivityService: Setting tx/rx TCP buffers to 2097152,4194304,8388608,4096,1048576,2097152
09-09 11:43:52.702  1604  2127 D ConnectivityService: notifyType IP_CHANGED for NetworkAgentInfo [MOBILE (LTE_CA) - 108]
09-09 11:44:16.705  1604  2127 D ConnectivityService: Setting tx/rx TCP buffers to 2097152,4194304,8388608,262144,524288,1048576
09-09 11:44:16.719  1604  2127 D ConnectivityService: notifyType IP_CHANGED for NetworkAgentInfo [MOBILE (LTE) - 108]
09-09 11:44:20.758  1604  2127 D ConnectivityService: Setting tx/rx TCP buffers to 2097152,4194304,8388608,4096,1048576,2097152
09-09 11:44:20.772  1604  2127 D ConnectivityService: notifyType IP_CHANGED for NetworkAgentInfo [MOBILE (LTE_CA) - 108]
09-09 11:44:30.970  1604  2127 D ConnectivityService: Setting tx/rx TCP buffers to 2097152,4194304,8388608,262144,524288,1048576
09-09 11:44:31.000  1604  2127 D ConnectivityService: notifyType IP_CHANGED for NetworkAgentInfo [MOBILE (LTE) - 108]
09-09 11:44:42.077  1604  2127 D ConnectivityService: Setting tx/rx TCP buffers to 2097152,4194304,8388608,4096,1048576,2097152
09-09 11:44:42.099  1604  2127 D ConnectivityService: notifyType IP_CHANGED for NetworkAgentInfo [MOBILE (LTE_CA) - 108]
09-09 11:44:52.098  1604  2127 D ConnectivityService: Setting tx/rx TCP buffers to 2097152,4194304,8388608,262144,524288,1048576
09-09 11:44:52.123  1604  2127 D ConnectivityService: notifyType IP_CHANGED for NetworkAgentInfo [MOBILE (LTE) - 108]
09-09 11:45:02.264  1604  2127 D ConnectivityService: Setting tx/rx TCP buffers to 2097152,4194304,8388608,4096,1048576,2097152
09-09 11:45:02.288  1604  2127 D ConnectivityService: notifyType IP_CHANGED for NetworkAgentInfo [MOBILE (LTE_CA) - 108]
09-09 11:45:16.336  1604  2127 D ConnectivityService: Setting tx/rx TCP buffers to 2097152,4194304,8388608,262144,524288,1048576
09-09 11:45:16.350  1604  2127 D ConnectivityService: notifyType IP_CHANGED for NetworkAgentInfo [MOBILE (LTE) - 108]
09-09 11:45:20.774  1604  2127 D ConnectivityService: Setting tx/rx TCP buffers to 2097152,4194304,8388608,4096,1048576,2097152
09-09 11:45:20.803  1604  2127 D ConnectivityService: notifyType IP_CHANGED for NetworkAgentInfo [MOBILE (LTE_CA) - 108]
09-09 11:45:30.816  1604  2127 D ConnectivityService: Setting tx/rx TCP buffers to 2097152,4194304,8388608,262144,524288,1048576
09-09 11:45:30.830  1604  2127 D ConnectivityService: notifyType IP_CHANGED for NetworkAgentInfo [MOBILE (LTE) - 108]
09-09 11:45:31.129  1604  2127 D ConnectivityService: Setting tx/rx TCP buffers to 2097152,4194304,8388608,4096,1048576,2097152
09-09 11:45:31.172  1604  2127 D ConnectivityService: notifyType IP_CHANGED for NetworkAgentInfo [MOBILE (LTE_CA) - 108]
09-09 11:45:41.411  1604  2127 D ConnectivityService: Setting tx/rx TCP buffers to 2097152,4194304,8388608,262144,524288,1048576
09-09 11:45:41.453  1604  2127 D ConnectivityService: notifyType IP_CHANGED for NetworkAgentInfo [MOBILE (LTE) - 108]
09-09 11:45:53.352  1604  2127 D ConnectivityService: Setting tx/rx TCP buffers to 2097152,4194304,8388608,4096,1048576,2097152
09-09 11:45:53.374  1604  2127 D ConnectivityService: notifyType IP_CHANGED for NetworkAgentInfo [MOBILE (LTE_CA) - 108]
09-09 11:46:16.426  1604  2127 D ConnectivityService: Setting tx/rx TCP buffers to 2097152,4194304,8388608,262144,524288,1048576
09-09 11:46:16.449  1604  2127 D ConnectivityService: notifyType IP_CHANGED for NetworkAgentInfo [MOBILE (LTE) - 108]
09-09 11:46:20.866  1604  2127 D ConnectivityService: Setting tx/rx TCP buffers to 2097152,4194304,8388608,4096,1048576,2097152
09-09 11:46:20.889  1604  2127 D ConnectivityService: notifyType IP_CHANGED for NetworkAgentInfo [MOBILE (LTE_CA) - 108]
09-09 11:46:30.920  1604  2127 D ConnectivityService: Setting tx/rx TCP buffers to 2097152,4194304,8388608,262144,524288,1048576
09-09 11:46:30.946  1604  2127 D ConnectivityService: notifyType IP_CHANGED for NetworkAgentInfo [MOBILE (LTE) - 108]
09-09 11:46:53.359  1604  2127 D ConnectivityService: Setting tx/rx TCP buffers to 2097152,4194304,8388608,4096,1048576,2097152
09-09 11:46:53.389  1604  2127 D ConnectivityService: notifyType IP_CHANGED for NetworkAgentInfo [MOBILE (LTE_CA) - 108]
09-09 11:47:16.468  1604  2127 D ConnectivityService: Setting tx/rx TCP buffers to 2097152,4194304,8388608,262144,524288,1048576
09-09 11:47:16.482  1604  2127 D ConnectivityService: notifyType IP_CHANGED for NetworkAgentInfo [MOBILE (LTE) - 108]
09-09 11:47:20.905  1604  2127 D ConnectivityService: Setting tx/rx TCP buffers to 2097152,4194304,8388608,4096,1048576,2097152
09-09 11:47:20.924  1604  2127 D ConnectivityService: notifyType IP_CHANGED for NetworkAgentInfo [MOBILE (LTE_CA) - 108]
09-09 11:47:30.909  1604  2127 D ConnectivityService: Setting tx/rx TCP buffers to 2097152,4194304,8388608,262144,524288,1048576
09-09 11:47:30.923  1604  2127 D ConnectivityService: notifyType IP_CHANGED for NetworkAgentInfo [MOBILE (LTE) - 108]
09-09 11:48:01.134  1604  2100 I PowerManagerService: Waking up from dozing (uid 1000)...
09-09 11:48:01.135  1604  1669 I DisplayPowerController: Blocking screen on until initial contents have been drawn.
09-09 11:48:01.140  1604  1667 I DisplayManagerService: Display device changed state: "", ON
09-09 11:48:01.214  1604  1669 I DisplayPowerController: Unblocked screen on after 78 ms
09-09 11:48:01.214  1604  1669 I DreamManagerService: Gently waking up from dream.
09-09 11:48:01.232  1604  1645 I DreamManagerService: Leaving dreamland.
09-09 11:48:01.233  1604  1664 I DreamController: Stopping dream: name=ComponentInfo{com.android.systemui/com.android.systemui.doze.DozeService}, isTest=false, canDoze=true, userId=0
09-09 11:48:01.625  1604  2127 D ConnectivityService: Setting tx/rx TCP buffers to 2097152,4194304,8388608,4096,1048576,2097152
09-09 11:48:01.640  1604  2127 D ConnectivityService: notifyType IP_CHANGED for NetworkAgentInfo [MOBILE (LTE_CA) - 108]
09-09 11:48:02.124  1604  2100 I PowerManagerService: Going to sleep due to power button (uid 1000)...
09-09 11:48:02.631  1604  1667 I DisplayManagerService: Display device changed state: "", OFF
09-09 11:48:02.866  1604  1669 I DreamManagerService: Entering dreamland.
09-09 11:48:02.866  1604  1669 I PowerManagerService: Dozing...
09-09 11:48:02.867  1604  1664 I DreamController: Starting dream: name=ComponentInfo{com.android.systemui/com.android.systemui.doze.DozeService}, isTest=false, canDoze=true, userId=0
09-09 11:48:16.737  1604  2127 D ConnectivityService: Setting tx/rx TCP buffers to 2097152,4194304,8388608,262144,524288,1048576
09-09 11:48:16.749  1604  2127 D ConnectivityService: notifyType IP_CHANGED for NetworkAgentInfo [MOBILE (LTE) - 108]
09-09 11:48:20.933  1604  2127 D ConnectivityService: Setting tx/rx TCP buffers to 2097152,4194304,8388608,4096,1048576,2097152
09-09 11:48:20.946  1604  2127 D ConnectivityService: notifyType IP_CHANGED for NetworkAgentInfo [MOBILE (LTE_CA) - 108]
09-09 11:48:31.028  1604  2127 D ConnectivityService: Setting tx/rx TCP buffers to 2097152,4194304,8388608,262144,524288,1048576
09-09 11:48:31.044  1604  2127 D ConnectivityService: notifyType IP_CHANGED for NetworkAgentInfo [MOBILE (LTE) - 108]
09-09 11:48:31.623  1604  2127 D ConnectivityService: Setting tx/rx TCP buffers to 2097152,4194304,8388608,4096,1048576,2097152
09-09 11:48:31.644  1604  2127 D ConnectivityService: notifyType IP_CHANGED for NetworkAgentInfo [MOBILE (LTE_CA) - 108]
09-09 11:48:41.663  1604  2127 D ConnectivityService: Setting tx/rx TCP buffers to 2097152,4194304,8388608,262144,524288,1048576
09-09 11:48:41.678  1604  2127 D ConnectivityService: notifyType IP_CHANGED for NetworkAgentInfo [MOBILE (LTE) - 108]
09-09 11:48:53.412  1604  2127 D ConnectivityService: Setting tx/rx TCP buffers to 2097152,4194304,8388608,4096,1048576,2097152
09-09 11:48:53.439  1604  2127 D ConnectivityService: notifyType IP_CHANGED for NetworkAgentInfo [MOBILE (LTE_CA) - 108]
09-09 11:49:03.495  1604  2127 D ConnectivityService: Setting tx/rx TCP buffers to 2097152,4194304,8388608,262144,524288,1048576
09-09 11:49:03.509  1604  2127 D ConnectivityService: notifyType IP_CHANGED for NetworkAgentInfo [MOBILE (LTE) - 108]
09-09 11:49:06.728  1604  2127 D ConnectivityService: Setting tx/rx TCP buffers to 2097152,4194304,8388608,4096,1048576,2097152
09-09 11:49:06.757  1604  2127 D ConnectivityService: notifyType IP_CHANGED for NetworkAgentInfo [MOBILE (LTE_CA) - 108]
09-09 11:49:16.866  1604  2127 D ConnectivityService: Setting tx/rx TCP buffers to 2097152,4194304,8388608,262144,524288,1048576
09-09 11:49:16.868  1604  1662 I ProcessStatsService: Prepared write state in 3ms
09-09 11:49:16.879  1604  2127 D ConnectivityService: notifyType IP_CHANGED for NetworkAgentInfo [MOBILE (LTE) - 108]
09-09 11:49:20.946  1604  2127 D ConnectivityService: Setting tx/rx TCP buffers to 2097152,4194304,8388608,4096,1048576,2097152
09-09 11:49:20.981  1604  2127 D ConnectivityService: notifyType IP_CHANGED for NetworkAgentInfo [MOBILE (LTE_CA) - 108]
09-09 11:49:30.978  1604  2127 D ConnectivityService: Setting tx/rx TCP buffers to 2097152,4194304,8388608,262144,524288,1048576
09-09 11:49:31.005  1604  2127 D ConnectivityService: notifyType IP_CHANGED for NetworkAgentInfo [MOBILE (LTE) - 108]
09-09 11:49:31.682  1604  2127 D ConnectivityService: Setting tx/rx TCP buffers to 2097152,4194304,8388608,4096,1048576,2097152
09-09 11:49:31.709  1604  2127 D ConnectivityService: notifyType IP_CHANGED for NetworkAgentInfo [MOBILE (LTE_CA) - 108]
09-09 11:49:41.708  1604  2127 D ConnectivityService: Setting tx/rx TCP buffers to 2097152,4194304,8388608,262144,524288,1048576
09-09 11:49:41.720  1604  2127 D ConnectivityService: notifyType IP_CHANGED for NetworkAgentInfo [MOBILE (LTE) - 108]
09-09 11:49:42.096  1604  2127 D ConnectivityService: Setting tx/rx TCP buffers to 2097152,4194304,8388608,4096,1048576,2097152
09-09 11:49:42.121  1604  2127 D ConnectivityService: notifyType IP_CHANGED for NetworkAgentInfo [MOBILE (LTE_CA) - 108]
09-09 11:49:52.138  1604  2127 D ConnectivityService: Setting tx/rx TCP buffers to 2097152,4194304,8388608,262144,524288,1048576
09-09 11:49:52.153  1604  2127 D ConnectivityService: notifyType IP_CHANGED for NetworkAgentInfo [MOBILE (LTE) - 108]
09-09 11:50:01.222  1604  2127 D ConnectivityService: Setting tx/rx TCP buffers to 2097152,4194304,8388608,4096,1048576,2097152
09-09 11:50:01.247  1604  2127 D ConnectivityService: notifyType IP_CHANGED for NetworkAgentInfo [MOBILE (LTE_CA) - 108]
09-09 11:50:16.342  1604  2127 D ConnectivityService: Setting tx/rx TCP buffers to 2097152,4194304,8388608,262144,524288,1048576
09-09 11:50:16.355  1604  2127 D ConnectivityService: notifyType IP_CHANGED for NetworkAgentInfo [MOBILE (LTE) - 108]
09-09 11:50:21.013  1604  2127 D ConnectivityService: Setting tx/rx TCP buffers to 2097152,4194304,8388608,4096,1048576,2097152
09-09 11:50:21.040  1604  2127 D ConnectivityService: notifyType IP_CHANGED for NetworkAgentInfo [MOBILE (LTE_CA) - 108]
09-09 11:50:31.138  1604  2127 D ConnectivityService: Setting tx/rx TCP buffers to 2097152,4194304,8388608,262144,524288,1048576
09-09 11:50:31.162  1604  2127 D ConnectivityService: notifyType IP_CHANGED for NetworkAgentInfo [MOBILE (LTE) - 108]
09-09 11:50:31.650  1604  2127 D ConnectivityService: Setting tx/rx TCP buffers to 2097152,4194304,8388608,4096,1048576,2097152
09-09 11:50:31.666  1604  2127 D ConnectivityService: notifyType IP_CHANGED for NetworkAgentInfo [MOBILE (LTE_CA) - 108]
09-09 11:50:41.891  1604  2127 D ConnectivityService: Setting tx/rx TCP buffers to 2097152,4194304,8388608,262144,524288,1048576
09-09 11:50:41.918  1604  2127 D ConnectivityService: notifyType IP_CHANGED for NetworkAgentInfo [MOBILE (LTE) - 108]
09-09 11:50:53.421  1604  2127 D ConnectivityService: Setting tx/rx TCP buffers to 2097152,4194304,8388608,4096,1048576,2097152
09-09 11:50:53.444  1604  2127 D ConnectivityService: notifyType IP_CHANGED for NetworkAgentInfo [MOBILE (LTE_CA) - 108]
09-09 11:51:03.511  1604  2127 D ConnectivityService: Setting tx/rx TCP buffers to 2097152,4194304,8388608,262144,524288,1048576
09-09 11:51:03.534  1604  2127 D ConnectivityService: notifyType IP_CHANGED for NetworkAgentInfo [MOBILE (LTE) - 108]
09-09 11:51:06.295  1604  2127 D ConnectivityService: Setting tx/rx TCP buffers to 2097152,4194304,8388608,4096,1048576,2097152
09-09 11:51:06.321  1604  2127 D ConnectivityService: notifyType IP_CHANGED for NetworkAgentInfo [MOBILE (LTE_CA) - 108]
09-09 11:51:16.296  1604  2127 D ConnectivityService: Setting tx/rx TCP buffers to 2097152,4194304,8388608,262144,524288,1048576
09-09 11:51:16.312  1604  2127 D ConnectivityService: notifyType IP_CHANGED for NetworkAgentInfo [MOBILE (LTE) - 108]
09-09 11:51:21.050  1604  2127 D ConnectivityService: Setting tx/rx TCP buffers to 2097152,4194304,8388608,4096,1048576,2097152
09-09 11:51:21.062  1604  2127 D ConnectivityService: notifyType IP_CHANGED for NetworkAgentInfo [MOBILE (LTE_CA) - 108]
09-09 11:51:31.212  1604  2127 D ConnectivityService: Setting tx/rx TCP buffers to 2097152,4194304,8388608,262144,524288,1048576
09-09 11:51:31.239  1604  2127 D ConnectivityService: notifyType IP_CHANGED for NetworkAgentInfo [MOBILE (LTE) - 108]
09-09 11:51:31.671  1604  2127 D ConnectivityService: Setting tx/rx TCP buffers to 2097152,4194304,8388608,4096,1048576,2097152
09-09 11:51:31.684  1604  2127 D ConnectivityService: notifyType IP_CHANGED for NetworkAgentInfo [MOBILE (LTE_CA) - 108]
09-09 11:51:41.925  1604  2127 D ConnectivityService: Setting tx/rx TCP buffers to 2097152,4194304,8388608,262144,524288,1048576
09-09 11:51:41.959  1604  2127 D ConnectivityService: notifyType IP_CHANGED for NetworkAgentInfo [MOBILE (LTE) - 108]
09-09 11:51:53.998  1604  2127 D ConnectivityService: Setting tx/rx TCP buffers to 2097152,4194304,8388608,4096,1048576,2097152
09-09 11:51:54.024  1604  2127 D ConnectivityService: notifyType IP_CHANGED for NetworkAgentInfo [MOBILE (LTE_CA) - 108]
09-09 11:52:17.079  1604  2127 D ConnectivityService: Setting tx/rx TCP buffers to 2097152,4194304,8388608,262144,524288,1048576
09-09 11:52:17.105  1604  2127 D ConnectivityService: notifyType IP_CHANGED for NetworkAgentInfo [MOBILE (LTE) - 108]
09-09 11:52:21.120  1604  2127 D ConnectivityService: Setting tx/rx TCP buffers to 2097152,4194304,8388608,4096,1048576,2097152
09-09 11:52:21.146  1604  2127 D ConnectivityService: notifyType IP_CHANGED for NetworkAgentInfo [MOBILE (LTE_CA) - 108]
09-09 11:52:31.199  1604  2127 D ConnectivityService: Setting tx/rx TCP buffers to 2097152,4194304,8388608,262144,524288,1048576
09-09 11:52:31.239  1604  2127 D ConnectivityService: notifyType IP_CHANGED for NetworkAgentInfo [MOBILE (LTE) - 108]
09-09 11:52:31.640  1604  2127 D ConnectivityService: Setting tx/rx TCP buffers to 2097152,4194304,8388608,4096,1048576,2097152
09-09 11:52:31.652  1604  2127 D ConnectivityService: notifyType IP_CHANGED for NetworkAgentInfo [MOBILE (LTE_CA) - 108]
09-09 11:52:41.703  1604  2127 D ConnectivityService: Setting tx/rx TCP buffers to 2097152,4194304,8388608,262144,524288,1048576
09-09 11:52:41.718  1604  2127 D ConnectivityService: notifyType IP_CHANGED for NetworkAgentInfo [MOBILE (LTE) - 108]
09-09 11:53:06.293  1604  2127 D ConnectivityService: Setting tx/rx TCP buffers to 2097152,4194304,8388608,4096,1048576,2097152
09-09 11:53:06.332  1604  2127 D ConnectivityService: notifyType IP_CHANGED for NetworkAgentInfo [MOBILE (LTE_CA) - 108]
09-09 11:53:16.339  1604  2127 D ConnectivityService: Setting tx/rx TCP buffers to 2097152,4194304,8388608,262144,524288,1048576
09-09 11:53:16.358  1604  2127 D ConnectivityService: notifyType IP_CHANGED for NetworkAgentInfo [MOBILE (LTE) - 108]
09-09 11:53:21.213  1604  2127 D ConnectivityService: Setting tx/rx TCP buffers to 2097152,4194304,8388608,4096,1048576,2097152
09-09 11:53:21.237  1604  2127 D ConnectivityService: notifyType IP_CHANGED for NetworkAgentInfo [MOBILE (LTE_CA) - 108]
09-09 11:53:42.257  1604  2127 D ConnectivityService: Setting tx/rx TCP buffers to 2097152,4194304,8388608,262144,524288,1048576
09-09 11:53:42.285  1604  2127 D ConnectivityService: notifyType IP_CHANGED for NetworkAgentInfo [MOBILE (LTE) - 108]
09-09 11:54:06.327  1604  2127 D ConnectivityService: Setting tx/rx TCP buffers to 2097152,4194304,8388608,4096,1048576,2097152
09-09 11:54:06.350  1604  2127 D ConnectivityService: notifyType IP_CHANGED for NetworkAgentInfo [MOBILE (LTE_CA) - 108]
09-09 11:54:16.396  1604  2127 D ConnectivityService: Setting tx/rx TCP buffers to 2097152,4194304,8388608,262144,524288,1048576
09-09 11:54:16.461  1604  2127 D ConnectivityService: notifyType IP_CHANGED for NetworkAgentInfo [MOBILE (LTE) - 108]
09-09 11:54:21.233  1604  2127 D ConnectivityService: Setting tx/rx TCP buffers to 2097152,4194304,8388608,4096,1048576,2097152
09-09 11:54:21.259  1604  2127 D ConnectivityService: notifyType IP_CHANGED for NetworkAgentInfo [MOBILE (LTE_CA) - 108]
09-09 11:54:52.400  1604  2127 D ConnectivityService: Setting tx/rx TCP buffers to 2097152,4194304,8388608,262144,524288,1048576
09-09 11:54:52.426  1604  2127 D ConnectivityService: notifyType IP_CHANGED for NetworkAgentInfo [MOBILE (LTE) - 108]
09-09 11:54:53.361  1604  2127 D ConnectivityService: Setting tx/rx TCP buffers to 2097152,4194304,8388608,4096,1048576,2097152
09-09 11:54:53.406  1604  2127 D ConnectivityService: notifyType IP_CHANGED for NetworkAgentInfo [MOBILE (LTE_CA) - 108]
09-09 11:55:03.450  1604  2127 D ConnectivityService: Setting tx/rx TCP buffers to 2097152,4194304,8388608,262144,524288,1048576
09-09 11:55:03.473  1604  2127 D ConnectivityService: notifyType IP_CHANGED for NetworkAgentInfo [MOBILE (LTE) - 108]
09-09 11:55:06.359  1604  2127 D ConnectivityService: Setting tx/rx TCP buffers to 2097152,4194304,8388608,4096,1048576,2097152
09-09 11:55:06.383  1604  2127 D ConnectivityService: notifyType IP_CHANGED for NetworkAgentInfo [MOBILE (LTE_CA) - 108]
09-09 11:55:16.437  1604  2127 D ConnectivityService: Setting tx/rx TCP buffers to 2097152,4194304,8388608,262144,524288,1048576
09-09 11:55:16.459  1604  2127 D ConnectivityService: notifyType IP_CHANGED for NetworkAgentInfo [MOBILE (LTE) - 108]
09-09 11:55:21.323  1604  2127 D ConnectivityService: Setting tx/rx TCP buffers to 2097152,4194304,8388608,4096,1048576,2097152
09-09 11:55:21.346  1604  2127 D ConnectivityService: notifyType IP_CHANGED for NetworkAgentInfo [MOBILE (LTE_CA) - 108]
09-09 11:55:31.346  1604  2127 D ConnectivityService: Setting tx/rx TCP buffers to 2097152,4194304,8388608,262144,524288,1048576
09-09 11:55:31.361  1604  2127 D ConnectivityService: notifyType IP_CHANGED for NetworkAgentInfo [MOBILE (LTE) - 108]
09-09 11:55:31.701  1604  2127 D ConnectivityService: Setting tx/rx TCP buffers to 2097152,4194304,8388608,4096,1048576,2097152
09-09 11:55:31.726  1604  2127 D ConnectivityService: notifyType IP_CHANGED for NetworkAgentInfo [MOBILE (LTE_CA) - 108]
09-09 11:55:41.719  1604  2127 D ConnectivityService: Setting tx/rx TCP buffers to 2097152,4194304,8388608,262144,524288,1048576
09-09 11:55:41.746  1604  2127 D ConnectivityService: notifyType IP_CHANGED for NetworkAgentInfo [MOBILE (LTE) - 108]
09-09 11:55:53.948  1604  2127 D ConnectivityService: Setting tx/rx TCP buffers to 2097152,4194304,8388608,4096,1048576,2097152
09-09 11:55:53.969  1604  2127 D ConnectivityService: notifyType IP_CHANGED for NetworkAgentInfo [MOBILE (LTE_CA) - 108]
09-09 11:56:04.025  1604  2127 D ConnectivityService: Setting tx/rx TCP buffers to 2097152,4194304,8388608,262144,524288,1048576
09-09 11:56:04.039  1604  2127 D ConnectivityService: notifyType IP_CHANGED for NetworkAgentInfo [MOBILE (LTE) - 108]
09-09 11:56:06.450  1604  2127 D ConnectivityService: Setting tx/rx TCP buffers to 2097152,4194304,8388608,4096,1048576,2097152
09-09 11:56:06.482  1604  2127 D ConnectivityService: notifyType IP_CHANGED for NetworkAgentInfo [MOBILE (LTE_CA) - 108]
09-09 11:56:16.538  1604  2127 D ConnectivityService: Setting tx/rx TCP buffers to 2097152,4194304,8388608,262144,524288,1048576
09-09 11:56:16.553  1604  2127 D ConnectivityService: notifyType IP_CHANGED for NetworkAgentInfo [MOBILE (LTE) - 108]
09-09 11:56:21.372  1604  2127 D ConnectivityService: Setting tx/rx TCP buffers to 2097152,4194304,8388608,4096,1048576,2097152
09-09 11:56:21.396  1604  2127 D ConnectivityService: notifyType IP_CHANGED for NetworkAgentInfo [MOBILE (LTE_CA) - 108]
09-09 11:56:31.502  1604  2127 D ConnectivityService: Setting tx/rx TCP buffers to 2097152,4194304,8388608,262144,524288,1048576
09-09 11:56:31.527  1604  2127 D ConnectivityService: notifyType IP_CHANGED for NetworkAgentInfo [MOBILE (LTE) - 108]
09-09 11:56:31.672  1604  2127 D ConnectivityService: Setting tx/rx TCP buffers to 2097152,4194304,8388608,4096,1048576,2097152
09-09 11:56:31.687  1604  2127 D ConnectivityService: notifyType IP_CHANGED for NetworkAgentInfo [MOBILE (LTE_CA) - 108]
09-09 11:56:41.734  1604  2127 D ConnectivityService: Setting tx/rx TCP buffers to 2097152,4194304,8388608,262144,524288,1048576
09-09 11:56:41.757  1604  2127 D ConnectivityService: notifyType IP_CHANGED for NetworkAgentInfo [MOBILE (LTE) - 108]
09-09 11:56:53.377  1604  2127 D ConnectivityService: Setting tx/rx TCP buffers to 2097152,4194304,8388608,4096,1048576,2097152
09-09 11:56:53.408  1604  2127 D ConnectivityService: notifyType IP_CHANGED for NetworkAgentInfo [MOBILE (LTE_CA) - 108]
09-09 11:57:03.507  1604  2127 D ConnectivityService: Setting tx/rx TCP buffers to 2097152,4194304,8388608,262144,524288,1048576
09-09 11:57:03.530  1604  2127 D ConnectivityService: notifyType IP_CHANGED for NetworkAgentInfo [MOBILE (LTE) - 108]
09-09 11:57:06.491  1604  2127 D ConnectivityService: Setting tx/rx TCP buffers to 2097152,4194304,8388608,4096,1048576,2097152
09-09 11:57:06.518  1604  2127 D ConnectivityService: notifyType IP_CHANGED for NetworkAgentInfo [MOBILE (LTE_CA) - 108]
09-09 11:57:16.572  1604  2127 D ConnectivityService: Setting tx/rx TCP buffers to 2097152,4194304,8388608,262144,524288,1048576
09-09 11:57:16.595  1604  2127 D ConnectivityService: notifyType IP_CHANGED for NetworkAgentInfo [MOBILE (LTE) - 108]
09-09 11:57:21.413  1604  2127 D ConnectivityService: Setting tx/rx TCP buffers to 2097152,4194304,8388608,4096,1048576,2097152
09-09 11:57:21.446  1604  2127 D ConnectivityService: notifyType IP_CHANGED for NetworkAgentInfo [MOBILE (LTE_CA) - 108]
09-09 11:57:31.429  1604  2127 D ConnectivityService: Setting tx/rx TCP buffers to 2097152,4194304,8388608,262144,524288,1048576
09-09 11:57:31.444  1604  2127 D ConnectivityService: notifyType IP_CHANGED for NetworkAgentInfo [MOBILE (LTE) - 108]
09-09 11:57:31.731  1604  2127 D ConnectivityService: Setting tx/rx TCP buffers to 2097152,4194304,8388608,4096,1048576,2097152
09-09 11:57:31.745  1604  2127 D ConnectivityService: notifyType IP_CHANGED for NetworkAgentInfo [MOBILE (LTE_CA) - 108]
09-09 11:57:41.786  1604  2127 D ConnectivityService: Setting tx/rx TCP buffers to 2097152,4194304,8388608,262144,524288,1048576
09-09 11:57:41.802  1604  2127 D ConnectivityService: notifyType IP_CHANGED for NetworkAgentInfo [MOBILE (LTE) - 108]
09-09 11:57:46.737  1604  2127 D ConnectivityService: Setting tx/rx TCP buffers to 2097152,4194304,8388608,4096,1048576,2097152
09-09 11:57:46.764  1604  2127 D ConnectivityService: notifyType IP_CHANGED for NetworkAgentInfo [MOBILE (LTE_CA) - 108]
09-09 11:57:56.834  1604  2127 D ConnectivityService: Setting tx/rx TCP buffers to 2097152,4194304,8388608,262144,524288,1048576
09-09 11:57:56.860  1604  2127 D ConnectivityService: notifyType IP_CHANGED for NetworkAgentInfo [MOBILE (LTE) - 108]
09-09 11:58:06.535  1604  2127 D ConnectivityService: Setting tx/rx TCP buffers to 2097152,4194304,8388608,4096,1048576,2097152
09-09 11:58:06.559  1604  2127 D ConnectivityService: notifyType IP_CHANGED for NetworkAgentInfo [MOBILE (LTE_CA) - 108]
09-09 11:58:16.652  1604  2127 D ConnectivityService: Setting tx/rx TCP buffers to 2097152,4194304,8388608,262144,524288,1048576
09-09 11:58:16.674  1604  2127 D ConnectivityService: notifyType IP_CHANGED for NetworkAgentInfo [MOBILE (LTE) - 108]
09-09 11:58:21.500  1604  2127 D ConnectivityService: Setting tx/rx TCP buffers to 2097152,4194304,8388608,4096,1048576,2097152
09-09 11:58:21.525  1604  2127 D ConnectivityService: notifyType IP_CHANGED for NetworkAgentInfo [MOBILE (LTE_CA) - 108]
09-09 11:58:42.611  1604  2127 D ConnectivityService: Setting tx/rx TCP buffers to 2097152,4194304,8388608,262144,524288,1048576
09-09 11:58:42.623  1604  2127 D ConnectivityService: notifyType IP_CHANGED for NetworkAgentInfo [MOBILE (LTE) - 108]
09-09 11:58:53.139  1604  2127 D ConnectivityService: Setting tx/rx TCP buffers to 2097152,4194304,8388608,4096,1048576,2097152
09-09 11:58:53.163  1604  2127 D ConnectivityService: notifyType IP_CHANGED for NetworkAgentInfo [MOBILE (LTE_CA) - 108]
09-09 11:59:17.178  1604  2127 D ConnectivityService: Setting tx/rx TCP buffers to 2097152,4194304,8388608,262144,524288,1048576
09-09 11:59:17.193  1604  2127 D ConnectivityService: notifyType IP_CHANGED for NetworkAgentInfo [MOBILE (LTE) - 108]
09-09 11:59:21.495  1604  2127 D ConnectivityService: Setting tx/rx TCP buffers to 2097152,4194304,8388608,4096,1048576,2097152
09-09 11:59:21.517  1604  2127 D ConnectivityService: notifyType IP_CHANGED for NetworkAgentInfo [MOBILE (LTE_CA) - 108]
09-09 11:59:31.544  1604  2127 D ConnectivityService: Setting tx/rx TCP buffers to 2097152,4194304,8388608,262144,524288,1048576
09-09 11:59:31.558  1604  2127 D ConnectivityService: notifyType IP_CHANGED for NetworkAgentInfo [MOBILE (LTE) - 108]
09-09 11:59:31.716  1604  2127 D ConnectivityService: Setting tx/rx TCP buffers to 2097152,4194304,8388608,4096,1048576,2097152
09-09 11:59:31.730  1604  2127 D ConnectivityService: notifyType IP_CHANGED for NetworkAgentInfo [MOBILE (LTE_CA) - 108]
09-09 11:59:42.009  1604  2127 D ConnectivityService: Setting tx/rx TCP buffers to 2097152,4194304,8388608,262144,524288,1048576
09-09 11:59:42.034  1604  2127 D ConnectivityService: notifyType IP_CHANGED for NetworkAgentInfo [MOBILE (LTE) - 108]
09-09 11:59:42.613  1604  2127 D ConnectivityService: Setting tx/rx TCP buffers to 2097152,4194304,8388608,4096,1048576,2097152
09-09 11:59:42.626  1604  2127 D ConnectivityService: notifyType IP_CHANGED for NetworkAgentInfo [MOBILE (LTE_CA) - 108]
09-09 11:59:52.684  1604  2127 D ConnectivityService: Setting tx/rx TCP buffers to 2097152,4194304,8388608,262144,524288,1048576
09-09 11:59:52.694  1604  2127 D ConnectivityService: notifyType IP_CHANGED for NetworkAgentInfo [MOBILE (LTE) - 108]
09-09 11:59:53.356  1604  2127 D ConnectivityService: Setting tx/rx TCP buffers to 2097152,4194304,8388608,4096,1048576,2097152
09-09 11:59:53.384  1604  2127 D ConnectivityService: notifyType IP_CHANGED for NetworkAgentInfo [MOBILE (LTE_CA) - 108]
09-09 12:00:03.391  1604  2127 D ConnectivityService: Setting tx/rx TCP buffers to 2097152,4194304,8388608,262144,524288,1048576
09-09 12:00:03.409  1604  2127 D ConnectivityService: notifyType IP_CHANGED for NetworkAgentInfo [MOBILE (LTE) - 108]
09-09 12:00:06.585  1604  2127 D ConnectivityService: Setting tx/rx TCP buffers to 2097152,4194304,8388608,4096,1048576,2097152
09-09 12:00:06.606  1604  2127 D ConnectivityService: notifyType IP_CHANGED for NetworkAgentInfo [MOBILE (LTE_CA) - 108]
09-09 12:00:16.694  1604  2127 D ConnectivityService: Setting tx/rx TCP buffers to 2097152,4194304,8388608,262144,524288,1048576
09-09 12:00:16.717  1604  2127 D ConnectivityService: notifyType IP_CHANGED for NetworkAgentInfo [MOBILE (LTE) - 108]
09-09 12:00:21.647  1604  2127 D ConnectivityService: Setting tx/rx TCP buffers to 2097152,4194304,8388608,4096,1048576,2097152
09-09 12:00:21.672  1604  2127 D ConnectivityService: notifyType IP_CHANGED for NetworkAgentInfo [MOBILE (LTE_CA) - 108]
09-09 12:00:31.645  1604  2127 D ConnectivityService: Setting tx/rx TCP buffers to 2097152,4194304,8388608,262144,524288,1048576
09-09 12:00:31.669  1604  2127 D ConnectivityService: notifyType IP_CHANGED for NetworkAgentInfo [MOBILE (LTE) - 108]
09-09 12:00:32.103  1604  2127 D ConnectivityService: Setting tx/rx TCP buffers to 2097152,4194304,8388608,4096,1048576,2097152
09-09 12:00:32.124  1604  2127 D ConnectivityService: notifyType IP_CHANGED for NetworkAgentInfo [MOBILE (LTE_CA) - 108]
09-09 12:00:42.130  1604  2127 D ConnectivityService: Setting tx/rx TCP buffers to 2097152,4194304,8388608,262144,524288,1048576
09-09 12:00:42.166  1604  2127 D ConnectivityService: notifyType IP_CHANGED for NetworkAgentInfo [MOBILE (LTE) - 108]
09-09 12:00:53.110  1604  2226 I ActivityManager: Start proc 21984:com.android.calendar/u0a34 for broadcast com.android.calendar/.widget.CalendarAppWidgetService$CalendarFactory
09-09 12:00:53.187  1604  2164 I ActivityManager: Killing 18286:com.android.providers.calendar/u0a2 (adj 11): empty for 4648s
09-09 12:00:53.199 21984 22001 I ActivityThread: Removing dead content provider:android.content.ContentProviderProxy@eef6ab7
09-09 12:00:53.225  1604  1645 I ActivityManager: Start proc 22002:com.android.providers.calendar/u0a2 for content provider com.android.providers.calendar/.CalendarProvider2
09-09 12:00:53.246  1604  2715 I ActivityManager: Start proc 22016:com.qualcomm.timeservice/1000 for broadcast com.qualcomm.timeservice/.TimeServiceBroadcastReceiver
09-09 12:00:53.253  1604  2228 I ActivityManager: Killing 15826:com.qualcomm.qti.RIDL/1000 (adj 15): empty for 4648s
09-09 12:00:53.591  1604  2127 D ConnectivityService: Setting tx/rx TCP buffers to 2097152,4194304,8388608,4096,1048576,2097152
09-09 12:00:53.614  1604  2127 D ConnectivityService: notifyType IP_CHANGED for NetworkAgentInfo [MOBILE (LTE_CA) - 108]
09-09 12:00:59.429  1604  2631 I ActivityManager: Killing 17951:android.process.acore/u0a1 (adj 9): empty for 4648s
09-09 12:00:59.451  1604  2656 D CountryDetector: No listener is left
09-09 12:00:59.455  1604  1646 I ActivityManager: Killing 17932:com.android.dialer/u0a20 (adj 9): depends on provider com.android.providers.contacts/.ContactsProvider2 in dying proc android.process.acore
09-09 12:00:59.502  1604  2631 I WindowState: WIN DEATH: Window{787a4e7 u0 com.android.dialer/com.android.dialer.DialtactsActivity}
09-09 12:01:03.742  1604  2127 D ConnectivityService: Setting tx/rx TCP buffers to 2097152,4194304,8388608,262144,524288,1048576
09-09 12:01:03.755  1604  2127 D ConnectivityService: notifyType IP_CHANGED for NetworkAgentInfo [MOBILE (LTE) - 108]
09-09 12:01:06.618  1604  2127 D ConnectivityService: Setting tx/rx TCP buffers to 2097152,4194304,8388608,4096,1048576,2097152
09-09 12:01:06.652  1604  2127 D ConnectivityService: notifyType IP_CHANGED for NetworkAgentInfo [MOBILE (LTE_CA) - 108]
09-09 12:01:16.624  1604  2127 D ConnectivityService: Setting tx/rx TCP buffers to 2097152,4194304,8388608,262144,524288,1048576
09-09 12:01:16.656  1604  2127 D ConnectivityService: notifyType IP_CHANGED for NetworkAgentInfo [MOBILE (LTE) - 108]
09-09 12:01:22.433  1604  2127 D ConnectivityService: Setting tx/rx TCP buffers to 2097152,4194304,8388608,4096,1048576,2097152
09-09 12:01:22.452  1604  2127 D ConnectivityService: notifyType IP_CHANGED for NetworkAgentInfo [MOBILE (LTE_CA) - 108]
09-09 12:01:42.564  1604  2127 D ConnectivityService: Setting tx/rx TCP buffers to 2097152,4194304,8388608,262144,524288,1048576
09-09 12:01:42.587  1604  2127 D ConnectivityService: notifyType IP_CHANGED for NetworkAgentInfo [MOBILE (LTE) - 108]
09-09 12:01:53.965  1604  2127 D ConnectivityService: Setting tx/rx TCP buffers to 2097152,4194304,8388608,4096,1048576,2097152
09-09 12:01:53.981  1604  2127 D ConnectivityService: notifyType IP_CHANGED for NetworkAgentInfo [MOBILE (LTE_CA) - 108]
09-09 12:02:04.117  1604  2127 D ConnectivityService: Setting tx/rx TCP buffers to 2097152,4194304,8388608,262144,524288,1048576
09-09 12:02:04.147  1604  2127 D ConnectivityService: notifyType IP_CHANGED for NetworkAgentInfo [MOBILE (LTE) - 108]
09-09 12:02:06.763  1604  2127 D ConnectivityService: Setting tx/rx TCP buffers to 2097152,4194304,8388608,4096,1048576,2097152
09-09 12:02:06.773  1604  2127 D ConnectivityService: notifyType IP_CHANGED for NetworkAgentInfo [MOBILE (LTE_CA) - 108]
09-09 12:02:16.772  1604  2127 D ConnectivityService: Setting tx/rx TCP buffers to 2097152,4194304,8388608,262144,524288,1048576
09-09 12:02:16.788  1604  2127 D ConnectivityService: notifyType IP_CHANGED for NetworkAgentInfo [MOBILE (LTE) - 108]
09-09 12:02:21.732  1604  2127 D ConnectivityService: Setting tx/rx TCP buffers to 2097152,4194304,8388608,4096,1048576,2097152
09-09 12:02:21.762  1604  2127 D ConnectivityService: notifyType IP_CHANGED for NetworkAgentInfo [MOBILE (LTE_CA) - 108]
09-09 12:02:41.827  1604  2127 D ConnectivityService: Setting tx/rx TCP buffers to 2097152,4194304,8388608,262144,524288,1048576
09-09 12:02:41.858  1604  2127 D ConnectivityService: notifyType IP_CHANGED for NetworkAgentInfo [MOBILE (LTE) - 108]
09-09 12:03:06.846  1604  2127 D ConnectivityService: Setting tx/rx TCP buffers to 2097152,4194304,8388608,4096,1048576,2097152
09-09 12:03:06.874  1604  2127 D ConnectivityService: notifyType IP_CHANGED for NetworkAgentInfo [MOBILE (LTE_CA) - 108]
09-09 12:03:16.977  1604  2127 D ConnectivityService: Setting tx/rx TCP buffers to 2097152,4194304,8388608,262144,524288,1048576
09-09 12:03:16.990  1604  2127 D ConnectivityService: notifyType IP_CHANGED for NetworkAgentInfo [MOBILE (LTE) - 108]
09-09 12:03:21.747  1604  2127 D ConnectivityService: Setting tx/rx TCP buffers to 2097152,4194304,8388608,4096,1048576,2097152
09-09 12:03:21.777  1604  2127 D ConnectivityService: notifyType IP_CHANGED for NetworkAgentInfo [MOBILE (LTE_CA) - 108]
09-09 12:03:41.804  1604  2127 D ConnectivityService: Setting tx/rx TCP buffers to 2097152,4194304,8388608,262144,524288,1048576
09-09 12:03:41.830  1604  2127 D ConnectivityService: notifyType IP_CHANGED for NetworkAgentInfo [MOBILE (LTE) - 108]
09-09 12:03:53.367  1604  2127 D ConnectivityService: Setting tx/rx TCP buffers to 2097152,4194304,8388608,4096,1048576,2097152
09-09 12:03:53.392  1604  2127 D ConnectivityService: notifyType IP_CHANGED for NetworkAgentInfo [MOBILE (LTE_CA) - 108]
09-09 12:04:03.500  1604  2127 D ConnectivityService: Setting tx/rx TCP buffers to 2097152,4194304,8388608,262144,524288,1048576
09-09 12:04:03.514  1604  2127 D ConnectivityService: notifyType IP_CHANGED for NetworkAgentInfo [MOBILE (LTE) - 108]
09-09 12:04:06.851  1604  2127 D ConnectivityService: Setting tx/rx TCP buffers to 2097152,4194304,8388608,4096,1048576,2097152
09-09 12:04:06.884  1604  2127 D ConnectivityService: notifyType IP_CHANGED for NetworkAgentInfo [MOBILE (LTE_CA) - 108]
09-09 12:04:16.986  1604  2127 D ConnectivityService: Setting tx/rx TCP buffers to 2097152,4194304,8388608,262144,524288,1048576
09-09 12:04:17.014  1604  2127 D ConnectivityService: notifyType IP_CHANGED for NetworkAgentInfo [MOBILE (LTE) - 108]
09-09 12:04:21.846  1604  2127 D ConnectivityService: Setting tx/rx TCP buffers to 2097152,4194304,8388608,4096,1048576,2097152
09-09 12:04:21.876  1604  2127 D ConnectivityService: notifyType IP_CHANGED for NetworkAgentInfo [MOBILE (LTE_CA) - 108]
09-09 12:04:42.048  1604  2127 D ConnectivityService: Setting tx/rx TCP buffers to 2097152,4194304,8388608,262144,524288,1048576
09-09 12:04:42.087  1604  2127 D ConnectivityService: notifyType IP_CHANGED for NetworkAgentInfo [MOBILE (LTE) - 108]
09-09 12:04:42.584  1604  2127 D ConnectivityService: Setting tx/rx TCP buffers to 2097152,4194304,8388608,4096,1048576,2097152
09-09 12:04:42.598  1604  2127 D ConnectivityService: notifyType IP_CHANGED for NetworkAgentInfo [MOBILE (LTE_CA) - 108]
09-09 12:04:52.610  1604  2127 D ConnectivityService: Setting tx/rx TCP buffers to 2097152,4194304,8388608,262144,524288,1048576
09-09 12:04:52.624  1604  2127 D ConnectivityService: notifyType IP_CHANGED for NetworkAgentInfo [MOBILE (LTE) - 108]
09-09 12:04:53.368  1604  2127 D ConnectivityService: Setting tx/rx TCP buffers to 2097152,4194304,8388608,4096,1048576,2097152
09-09 12:04:53.401  1604  2127 D ConnectivityService: notifyType IP_CHANGED for NetworkAgentInfo [MOBILE (LTE_CA) - 108]
09-09 12:05:03.381  1604  2127 D ConnectivityService: Setting tx/rx TCP buffers to 2097152,4194304,8388608,262144,524288,1048576
09-09 12:05:03.394  1604  2127 D ConnectivityService: notifyType IP_CHANGED for NetworkAgentInfo [MOBILE (LTE) - 108]
09-09 12:05:06.905  1604  2127 D ConnectivityService: Setting tx/rx TCP buffers to 2097152,4194304,8388608,4096,1048576,2097152
09-09 12:05:06.928  1604  2127 D ConnectivityService: notifyType IP_CHANGED for NetworkAgentInfo [MOBILE (LTE_CA) - 108]
09-09 12:05:17.128  1604  2127 D ConnectivityService: Setting tx/rx TCP buffers to 2097152,4194304,8388608,262144,524288,1048576
09-09 12:05:17.152  1604  2127 D ConnectivityService: notifyType IP_CHANGED for NetworkAgentInfo [MOBILE (LTE) - 108]
09-09 12:05:22.509  1604  2127 D ConnectivityService: Setting tx/rx TCP buffers to 2097152,4194304,8388608,4096,1048576,2097152
09-09 12:05:22.538  1604  2127 D ConnectivityService: notifyType IP_CHANGED for NetworkAgentInfo [MOBILE (LTE_CA) - 108]
09-09 12:05:42.615  1604  2127 D ConnectivityService: Setting tx/rx TCP buffers to 2097152,4194304,8388608,262144,524288,1048576
09-09 12:05:42.640  1604  2127 D ConnectivityService: notifyType IP_CHANGED for NetworkAgentInfo [MOBILE (LTE) - 108]
09-09 12:05:53.328  1604  2127 D ConnectivityService: Setting tx/rx TCP buffers to 2097152,4194304,8388608,4096,1048576,2097152
09-09 12:05:53.363  1604  2127 D ConnectivityService: notifyType IP_CHANGED for NetworkAgentInfo [MOBILE (LTE_CA) - 108]
09-09 12:06:03.417  1604  2127 D ConnectivityService: Setting tx/rx TCP buffers to 2097152,4194304,8388608,262144,524288,1048576
09-09 12:06:03.430  1604  2127 D ConnectivityService: notifyType IP_CHANGED for NetworkAgentInfo [MOBILE (LTE) - 108]
09-09 12:06:06.948  1604  2127 D ConnectivityService: Setting tx/rx TCP buffers to 2097152,4194304,8388608,4096,1048576,2097152
09-09 12:06:06.987  1604  2127 D ConnectivityService: notifyType IP_CHANGED for NetworkAgentInfo [MOBILE (LTE_CA) - 108]
09-09 12:06:17.054  1604  2127 D ConnectivityService: Setting tx/rx TCP buffers to 2097152,4194304,8388608,262144,524288,1048576
09-09 12:06:17.074  1604  2127 D ConnectivityService: notifyType IP_CHANGED for NetworkAgentInfo [MOBILE (LTE) - 108]
09-09 12:06:22.178  1604  2127 D ConnectivityService: Setting tx/rx TCP buffers to 2097152,4194304,8388608,4096,1048576,2097152
09-09 12:06:22.205  1604  2127 D ConnectivityService: notifyType IP_CHANGED for NetworkAgentInfo [MOBILE (LTE_CA) - 108]
09-09 12:06:42.228  1604  2127 D ConnectivityService: Setting tx/rx TCP buffers to 2097152,4194304,8388608,262144,524288,1048576
09-09 12:06:42.251  1604  2127 D ConnectivityService: notifyType IP_CHANGED for NetworkAgentInfo [MOBILE (LTE) - 108]
09-09 12:06:53.426  1604  2127 D ConnectivityService: Setting tx/rx TCP buffers to 2097152,4194304,8388608,4096,1048576,2097152
09-09 12:06:53.452  1604  2127 D ConnectivityService: notifyType IP_CHANGED for NetworkAgentInfo [MOBILE (LTE_CA) - 108]
09-09 12:07:03.489  1604  2127 D ConnectivityService: Setting tx/rx TCP buffers to 2097152,4194304,8388608,262144,524288,1048576
09-09 12:07:03.513  1604  2127 D ConnectivityService: notifyType IP_CHANGED for NetworkAgentInfo [MOBILE (LTE) - 108]
09-09 12:07:06.942  1604  2127 D ConnectivityService: Setting tx/rx TCP buffers to 2097152,4194304,8388608,4096,1048576,2097152
09-09 12:07:06.964  1604  2127 D ConnectivityService: notifyType IP_CHANGED for NetworkAgentInfo [MOBILE (LTE_CA) - 108]
09-09 12:07:17.074  1604  2127 D ConnectivityService: Setting tx/rx TCP buffers to 2097152,4194304,8388608,262144,524288,1048576
09-09 12:07:17.093  1604  2127 D ConnectivityService: notifyType IP_CHANGED for NetworkAgentInfo [MOBILE (LTE) - 108]
09-09 12:07:22.055  1604  2127 D ConnectivityService: Setting tx/rx TCP buffers to 2097152,4194304,8388608,4096,1048576,2097152
09-09 12:07:22.079  1604  2127 D ConnectivityService: notifyType IP_CHANGED for NetworkAgentInfo [MOBILE (LTE_CA) - 108]
09-09 12:07:42.141  1604  2127 D ConnectivityService: Setting tx/rx TCP buffers to 2097152,4194304,8388608,262144,524288,1048576
09-09 12:07:42.172  1604  2127 D ConnectivityService: notifyType IP_CHANGED for NetworkAgentInfo [MOBILE (LTE) - 108]
09-09 12:07:56.602  1604  2127 D ConnectivityService: Setting tx/rx TCP buffers to 2097152,4194304,8388608,4096,1048576,2097152
09-09 12:07:56.636  1604  2127 D ConnectivityService: notifyType IP_CHANGED for NetworkAgentInfo [MOBILE (LTE_CA) - 108]
09-09 12:08:17.652  1604  2127 D ConnectivityService: Setting tx/rx TCP buffers to 2097152,4194304,8388608,262144,524288,1048576
09-09 12:08:17.677  1604  2127 D ConnectivityService: notifyType IP_CHANGED for NetworkAgentInfo [MOBILE (LTE) - 108]
09-09 12:08:22.099  1604  2127 D ConnectivityService: Setting tx/rx TCP buffers to 2097152,4194304,8388608,4096,1048576,2097152
09-09 12:08:22.135  1604  2127 D ConnectivityService: notifyType IP_CHANGED for NetworkAgentInfo [MOBILE (LTE_CA) - 108]
09-09 12:08:42.192  1604  2127 D ConnectivityService: Setting tx/rx TCP buffers to 2097152,4194304,8388608,262144,524288,1048576
09-09 12:08:42.216  1604  2127 D ConnectivityService: notifyType IP_CHANGED for NetworkAgentInfo [MOBILE (LTE) - 108]
09-09 12:08:53.357  1604  2127 D ConnectivityService: Setting tx/rx TCP buffers to 2097152,4194304,8388608,4096,1048576,2097152
09-09 12:08:53.392  1604  2127 D ConnectivityService: notifyType IP_CHANGED for NetworkAgentInfo [MOBILE (LTE_CA) - 108]
09-09 12:09:03.375  1604  2127 D ConnectivityService: Setting tx/rx TCP buffers to 2097152,4194304,8388608,262144,524288,1048576
09-09 12:09:03.404  1604  2127 D ConnectivityService: notifyType IP_CHANGED for NetworkAgentInfo [MOBILE (LTE) - 108]
09-09 12:09:07.137  1604  2127 D ConnectivityService: Setting tx/rx TCP buffers to 2097152,4194304,8388608,4096,1048576,2097152
09-09 12:09:07.164  1604  2127 D ConnectivityService: notifyType IP_CHANGED for NetworkAgentInfo [MOBILE (LTE_CA) - 108]
09-09 12:09:17.131  1604  2127 D ConnectivityService: Setting tx/rx TCP buffers to 2097152,4194304,8388608,262144,524288,1048576
09-09 12:09:17.156  1604  2127 D ConnectivityService: notifyType IP_CHANGED for NetworkAgentInfo [MOBILE (LTE) - 108]
09-09 12:09:22.731  1604  2127 D ConnectivityService: Setting tx/rx TCP buffers to 2097152,4194304,8388608,4096,1048576,2097152
09-09 12:09:22.767  1604  2127 D ConnectivityService: notifyType IP_CHANGED for NetworkAgentInfo [MOBILE (LTE_CA) - 108]
