09-09 13:12:57.579 15844 15844 I chatty  : uid=1000(system) com.qualcomm.qti.logkit expire 1 line
09-09 13:12:57.588   823   823 I MSM-irqbalance: Decided to move IRQ5 from CPU6 to CPU5
09-09 13:12:59.468 14169 14239 I MediaSdk: [14239] [AudioEngine]TRACE: PlayAudio failed (-2147478606)[4, 18, 1]
09-09 13:13:00.091  2882  2898 I chatty  : uid=1001(radio) QcRilReceiver expire 4 lines
09-09 13:13:00.092  2882  2882 I chatty  : uid=1001(radio) com.qualcomm.qcrilmsgtunnel expire 1 line
09-09 13:13:00.094  2679  2679 I chatty  : uid=1001(radio) com.android.phone expire 9 lines
09-09 13:13:00.095  3830  3830 D QC_RIL_OEM_HOOK: Received Broadcast Intent ACTION_UNSOL_RESPONSE_OEM_HOOK_RAW
09-09 13:13:00.095  3830  3830 D QC_RIL_OEM_HOOK: Oem ID in QCRILHOOK UNSOL RESP is QOEMHOOK
09-09 13:13:00.095  3772  3772 I chatty  : uid=1000(system) com.qualcomm.qti.modemtestmode expire 2 lines
09-09 13:13:00.148  1604  2127 D ConnectivityService: Setting tx/rx TCP buffers to 2097152,4194304,8388608,262144,524288,1048576
09-09 13:13:00.151 16028 16028 D CellBroadcastReceiver: onReceive Intent { act=android.intent.action.SERVICE_STATE flg=0x10 cmp=com.android.cellbroadcastreceiver/.CellBroadcastReceiver (has extras) }
09-09 13:13:00.151 16028 16028 D CellBroadcastReceiver: Intent ACTION_SERVICE_STATE_CHANGED
09-09 13:13:00.151 16028 16028 D CellBroadcastReceiver: subscriptionId = 1
09-09 13:13:00.163  2679 21047 I chatty  : uid=1001(radio) Binder_8 expire 5 lines
09-09 13:13:00.164  2679 21273 I chatty  : uid=1001(radio) Binder_9 expire 4 lines
09-09 13:13:00.166  1604  2127 I chatty  : uid=1000(system) ConnectivitySer expire 2 lines
09-09 13:13:00.169  2651  2796 I chatty  : uid=1000(system) Binder_3 expire 1 line
09-09 13:13:00.173  1604  2127 D ConnectivityService: notifyType IP_CHANGED for NetworkAgentInfo [MOBILE (LTE) - 108]
09-09 13:13:00.177 16028 16028 D CellBroadcastReceiver: Service state changed! 0 Full: 0 0 voice home data home CMCC CMCC 46000 CMCC CMCC 46000  LTE LTE CSS not supported -1 -1 RoamInd=-1 DefRoamInd=-1 EmergOnly=false IsDataRoamingFromRegistration=false Current state=1
09-09 13:13:00.177  2679 20791 I chatty  : uid=1001(radio) Binder_7 expire 4 lines
09-09 13:13:00.191  2679  2909 I chatty  : uid=1001(radio) Binder_4 expire 5 lines
09-09 13:13:00.193 20301 20301 I chatty  : uid=1000(system) com.qualcomm.qti.extsettings expire 1 line
09-09 13:13:00.202  2261  2412 D NetworkController.MobileSignalController(1): networkClass=4G showRat=true slot=0
09-09 13:13:00.213  2679  1844 I chatty  : uid=1001(radio) Binder_C expire 9 lines
09-09 13:13:00.229  2679  2919 I chatty  : uid=1001(radio) Binder_5 expire 9 lines
09-09 13:13:00.239 16028 25095 D CellBroadcastConfigService: enabling emergency cell broadcast channels
09-09 13:13:00.244  2679 22283 I chatty  : uid=1001(radio) Binder_B expire 14 lines
09-09 13:13:00.248  2679  2881 I chatty  : uid=1001(radio) Binder_3 expire 8 lines
09-09 13:13:00.253 14169 14227 I YYSDK   : [localsock]LocalSockHandler::send data len/port 21 37360
09-09 13:13:00.258  2679 21520 I chatty  : uid=1001(radio) Binder_A expire 11 lines
09-09 13:13:00.303  2679  3032 I chatty  : uid=1001(radio) Binder_6 expire 5 lines
09-09 13:13:00.308  2679 21635 I chatty  : uid=1001(radio) Binder_D expire 7 lines
09-09 13:13:00.333  2679  2691 I chatty  : uid=1001(radio) Binder_2 expire 7 lines
09-09 13:13:00.354 14169 14226 I YYSDK   : LocalSockHandler::onPing  224197725
09-09 13:13:00.355  2679  2690 I chatty  : uid=1001(radio) Binder_1 expire 11 lines
09-09 13:13:00.405 14169 14226 I YYSDK   : LocalSockHandler::onUdpData pong sendTime/now/rtt  224197725 224197725 0
09-09 13:13:00.420  2679  2909 I chatty  : uid=1001(radio) Binder_4 expire 7 lines
09-09 13:13:00.431  2679 20791 I chatty  : uid=1001(radio) Binder_7 expire 7 lines
09-09 13:13:00.463  2679 21273 I chatty  : uid=1001(radio) Binder_9 expire 6 lines
09-09 13:13:00.485  2679 21047 I chatty  : uid=1001(radio) Binder_8 expire 7 lines
09-09 13:13:00.506 16028 25095 D CellBroadcastConfigService: enabled emergency cell broadcast channels
09-09 13:13:00.535 18625 18625 I LKCore  : vendor/qcom/proprietary/qti-logkit/LKCore/main.cpp:85: Run command logcat -v time -d done
09-09 13:13:00.536 18625 18625 I LKCore  : vendor/qcom/proprietary/qti-logkit/LKCore/main.cpp:137: write to /data/misc/qti-logkit/shared-privileged/logcat.txt
09-09 13:13:00.598 16028 25095 D CellBroadcastConfigService: enabling cell broadcast channel 50
09-09 13:13:00.633 16028 25095 D CellBroadcastConfigService: disabling cell broadcast channel 60
09-09 13:13:00.655 16028 25095 D CellBroadcastConfigService: disabled cell broadcast channel 60
09-09 13:13:00.660 16028 25095 D CellBroadcastConfigService: disabling channels 919-928
09-09 13:13:00.682 16028 25095 D CellBroadcastConfigService: disabling cell broadcast ETWS test messages
09-09 13:13:01.614 14169 14226 I YYSDK   : TrafficStat::on30SecPoller, tx/rx/loginerr 0 0 0
09-09 13:13:02.477 14169 14239 I MediaSdk: [14239] [AudioEngine]TRACE: PlayAudio failed (-2147478914)[4, 18, 1]
09-09 13:13:02.588   823   823 I MSM-irqbalance: Decided to move IRQ3 from CPU2 [P:0] to CPU7 [P:1] (banned)
09-09 13:13:02.589   823   823 I MSM-irqbalance: Decided to move IRQ3 from CPU0 [P:0] to CPU4 [P:1] (banned)
09-09 13:13:02.590   823   823 I MSM-irqbalance: Decided to move IRQ3 from CPU1 [P:0] to CPU5 [P:1] (banned)
09-09 13:13:02.599 15844 15844 I chatty  : uid=1000(system) com.qualcomm.qti.logkit expire 4 lines
09-09 13:13:02.975  3589  3589 W perfd   : type=1400 audit(0.0:5274): avc: denied { kill } for capability=5 scontext=u:r:perfd:s0 tcontext=u:r:perfd:s0 tclass=capability permissive=0
09-09 13:13:02.975  3589  3589 W perfd   : type=1400 audit(0.0:5275): avc: denied { kill } for capability=5 scontext=u:r:perfd:s0 tcontext=u:r:perfd:s0 tclass=capability permissive=0
09-09 13:13:03.741 14169 14235 I MediaSdk: [14235] [AudioEngine]OnLogRecordStatus: is OK, recording=false, sampleRate=16000, MaxRecordEnergy=0, CountDiff=0ms, TickDiff=20277ms
09-09 13:13:03.742 14169 14235 I MediaSdk: [14235] [AudioEngine]OnLogPlayoutStatus: is OK, playing=true, sampleRate=44100, MaxPlayoutEnergy=0, curMode=0, CountDiff=20240ms, TickDiff=20277ms
09-09 13:13:05.489 14169 14239 I MediaSdk: [14239] [AudioEngine]TRACE: PlayAudio failed (-2147479222)[4, 18, 1]
09-09 13:13:06.616 14169 14226 I YYSDK   : SvcTrafficStat::on30SecPoller, tx/rx/loginerr 0 0 0
09-09 13:13:07.588   823   823 I MSM-irqbalance: Decided to move IRQ5 from CPU3 [P:0] to CPU7 [P:1] (banned)
09-09 13:13:08.502 14169 14239 I MediaSdk: [14239] [AudioEngine]TRACE: PlayAudio failed (-2147479530)[4, 18, 1]
09-09 13:13:09.285 14169 14226 I YYSDK   : APLink::onKeepAlive: connId/ip/port 281 183.214.134.183 7286
09-09 13:13:09.285 14169 14226 I YYSDK   : LoginLink::onKeepAlive: sendping
09-09 13:13:09.499  2882  2898 I chatty  : uid=1001(radio) QcRilReceiver expire 4 lines
09-09 13:13:09.500  2882  2882 I chatty  : uid=1001(radio) com.qualcomm.qcrilmsgtunnel expire 1 line
09-09 13:13:09.502  2679  2679 I chatty  : uid=1001(radio) com.android.phone expire 9 lines
09-09 13:13:09.502  3830  3830 D QC_RIL_OEM_HOOK: Received Broadcast Intent ACTION_UNSOL_RESPONSE_OEM_HOOK_RAW
09-09 13:13:09.502  3830  3830 D QC_RIL_OEM_HOOK: Oem ID in QCRILHOOK UNSOL RESP is QOEMHOOK
09-09 13:13:09.503  3772  3772 I chatty  : uid=1000(system) com.qualcomm.qti.modemtestmode expire 2 lines
09-09 13:13:09.504 15844 18627 I chatty  : uid=1000(system) logcat expire 1 line
09-09 13:13:09.541 14169 14226 I YYSDK   : IoEngine::run: to check io
09-09 13:13:09.560 14169 14226 I YYSDK   : APLinkMgr::onPingRes: connId:281, m_chType:1, m_setAvailAppID size:1, m_uServerTimeStamp:1473397989, m_strContext size:0
09-09 13:13:09.561  1604  2127 D ConnectivityService: Setting tx/rx TCP buffers to 2097152,4194304,8388608,4096,1048576,2097152
09-09 13:13:09.563 16028 16028 D CellBroadcastReceiver: onReceive Intent { act=android.intent.action.SERVICE_STATE flg=0x10 cmp=com.android.cellbroadcastreceiver/.CellBroadcastReceiver (has extras) }
09-09 13:13:09.563 16028 16028 D CellBroadcastReceiver: Intent ACTION_SERVICE_STATE_CHANGED
09-09 13:13:09.563 16028 16028 D CellBroadcastReceiver: subscriptionId = 1
09-09 13:13:09.580  1604  2127 I chatty  : uid=1000(system) ConnectivitySer expire 2 lines
09-09 13:13:09.581  2651  2665 I chatty  : uid=1000(system) Binder_2 expire 1 line
09-09 13:13:09.584  1604  2127 D ConnectivityService: notifyType IP_CHANGED for NetworkAgentInfo [MOBILE (LTE_CA) - 108]
09-09 13:13:09.592 16028 16028 D CellBroadcastReceiver: Service state changed! 0 Full: 0 0 voice home data home CMCC CMCC 46000 CMCC CMCC 46000  LTE LTE_CA CSS not supported -1 -1 RoamInd=-1 DefRoamInd=-1 EmergOnly=false IsDataRoamingFromRegistration=false Current state=1
09-09 13:13:09.601  2261  2412 D NetworkController.MobileSignalController(1): networkClass=4G showRat=true slot=0
09-09 13:13:09.606 20301 20301 I chatty  : uid=1000(system) com.qualcomm.qti.extsettings expire 1 line
09-09 13:13:09.641 16028 25101 D CellBroadcastConfigService: enabling emergency cell broadcast channels
09-09 13:13:09.692  2679  3032 I chatty  : uid=1001(radio) Binder_6 expire 5 lines
09-09 13:13:09.698  2679  2881 I chatty  : uid=1001(radio) Binder_3 expire 5 lines
09-09 13:13:09.710  2679 20791 I chatty  : uid=1001(radio) Binder_7 expire 5 lines
09-09 13:13:09.715  2679  2919 I chatty  : uid=1001(radio) Binder_5 expire 5 lines
09-09 13:13:09.728  2679 21635 I chatty  : uid=1001(radio) Binder_D expire 9 lines
09-09 13:13:09.735  2679  2691 I chatty  : uid=1001(radio) Binder_2 expire 7 lines
09-09 13:13:09.749  2679  1844 I chatty  : uid=1001(radio) Binder_C expire 9 lines
09-09 13:13:09.757  2679  2690 I chatty  : uid=1001(radio) Binder_1 expire 9 lines
09-09 13:13:09.772  2679 21047 I chatty  : uid=1001(radio) Binder_8 expire 5 lines
09-09 13:13:09.780  2679 21520 I chatty  : uid=1001(radio) Binder_A expire 5 lines
09-09 13:13:09.795  2679 22283 I chatty  : uid=1001(radio) Binder_B expire 8 lines
09-09 13:13:09.802  2679  2909 I chatty  : uid=1001(radio) Binder_4 expire 7 lines
09-09 13:13:09.817  2679 21273 I chatty  : uid=1001(radio) Binder_9 expire 7 lines
09-09 13:13:09.854 16028 25101 D CellBroadcastConfigService: enabled emergency cell broadcast channels
09-09 13:13:09.919 16028 25101 D CellBroadcastConfigService: enabling cell broadcast channel 50
09-09 13:13:09.941 16028 25101 D CellBroadcastConfigService: disabling cell broadcast channel 60
09-09 13:13:09.958 16028 25101 D CellBroadcastConfigService: disabled cell broadcast channel 60
09-09 13:13:09.962 16028 25101 D CellBroadcastConfigService: disabling channels 919-928
09-09 13:13:09.979 16028 25101 D CellBroadcastConfigService: disabling cell broadcast ETWS test messages
09-09 13:13:10.547 18625 18625 I LKCore  : vendor/qcom/proprietary/qti-logkit/LKCore/main.cpp:42: Running command logcat -v time -d
09-09 13:13:11.501 14169 14239 I MediaSdk: [14239] [AudioEngine]TRACE: PlayAudio failed (-2147479838)[4, 18, 1]
09-09 13:13:12.581 15844 15844 I chatty  : uid=1000(system) com.qualcomm.qti.logkit expire 4 lines
09-09 13:13:12.588   823   823 I MSM-irqbalance: Decided to move IRQ5 from CPU2 [P:0] to CPU7 [P:1] (banned)
09-09 13:13:12.589   823   823 I MSM-irqbalance: Decided to move IRQ3 from CPU2 [P:0] to CPU4 [P:1] (banned)
09-09 13:13:12.590   823   823 I MSM-irqbalance: Decided to move IRQ5 from CPU0 [P:0] to CPU5 [P:1] (banned)
09-09 13:13:12.590   823   823 I MSM-irqbalance: Decided to move IRQ3 from CPU0 [P:0] to CPU6 [P:1] (banned)
09-09 13:13:12.591   823   823 I MSM-irqbalance: Decided to move IRQ5 from CPU3 [P:0] to CPU7 [P:1] (banned)
09-09 13:13:12.591   823   823 I MSM-irqbalance: Decided to move IRQ3 from CPU1 [P:0] to CPU4 [P:1] (banned)
09-09 13:13:14.191 14169 14228 I kiwi    : [call] mUpdateWifiInfoTask mChannelSession is null or lastrssi = rssi(-127)(P:14169)(T:144)(C:MediaVideoImp$39)at (MediaVideoImp.java:2127)
09-09 13:13:14.355 14169 14226 I YYSDK   : TrafficStat::on1MinPoller, tx/rx/loginerr 0 32 0
09-09 13:13:14.508 14169 14239 I MediaSdk: [14239] [AudioEngine]TRACE: PlayAudio failed (-2147480146)[4, 18, 1]
09-09 13:13:15.328 14169 14227 I YYSDK   : [localsock]LocalSockHandler::send data len/port 21 37360
09-09 13:13:15.379 14169 14226 I YYSDK   : LocalSockHandler::onPing  224212799
09-09 13:13:15.431 14169 14226 I YYSDK   : LocalSockHandler::onUdpData pong sendTime/now/rtt  224212799 224212800 1
09-09 13:13:17.519 14169 14239 I MediaSdk: [14239] [AudioEngine]TRACE: PlayAudio failed (-2147480454)[4, 18, 1]
09-09 13:13:17.587   823   823 I MSM-irqbalance: Decided to move IRQ5 from CPU0 [P:0] to CPU7 [P:1] (banned)
09-09 13:13:17.588   823   823 I MSM-irqbalance: Decided to move IRQ5 from CPU3 [P:0] to CPU4 [P:1] (banned)
09-09 13:13:17.589   823   823 I MSM-irqbalance: Decided to move IRQ164 from CPU3 [P:0] to CPU5 [P:1] (banned)
09-09 13:13:19.560  2882  2898 I chatty  : uid=1001(radio) QcRilReceiver expire 4 lines
09-09 13:13:19.561  2882  2882 I chatty  : uid=1001(radio) com.qualcomm.qcrilmsgtunnel expire 1 line
09-09 13:13:19.563  2679  2679 I chatty  : uid=1001(radio) com.android.phone expire 9 lines
09-09 13:13:19.563  3830  3830 D QC_RIL_OEM_HOOK: Received Broadcast Intent ACTION_UNSOL_RESPONSE_OEM_HOOK_RAW
09-09 13:13:19.564  3830  3830 D QC_RIL_OEM_HOOK: Oem ID in QCRILHOOK UNSOL RESP is QOEMHOOK
09-09 13:13:19.564  3772  3772 I chatty  : uid=1000(system) com.qualcomm.qti.modemtestmode expire 2 lines
09-09 13:13:19.614  1604  2127 D ConnectivityService: Setting tx/rx TCP buffers to 2097152,4194304,8388608,262144,524288,1048576
09-09 13:13:19.615 16028 16028 D CellBroadcastReceiver: onReceive Intent { act=android.intent.action.SERVICE_STATE flg=0x10 cmp=com.android.cellbroadcastreceiver/.CellBroadcastReceiver (has extras) }
09-09 13:13:19.615 16028 16028 D CellBroadcastReceiver: Intent ACTION_SERVICE_STATE_CHANGED
09-09 13:13:19.615 16028 16028 D CellBroadcastReceiver: subscriptionId = 1
09-09 13:13:19.625  1604  2127 I chatty  : uid=1000(system) ConnectivitySer expire 2 lines
09-09 13:13:19.625  2651  2664 I chatty  : uid=1000(system) Binder_1 expire 1 line
09-09 13:13:19.626  2679  2919 I chatty  : uid=1001(radio) Binder_5 expire 5 lines
09-09 13:13:19.627  1604  2127 D ConnectivityService: notifyType IP_CHANGED for NetworkAgentInfo [MOBILE (LTE) - 108]
09-09 13:13:19.638 16028 16028 D CellBroadcastReceiver: Service state changed! 0 Full: 0 0 voice home data home CMCC CMCC 46000 CMCC CMCC 46000  LTE LTE CSS not supported -1 -1 RoamInd=-1 DefRoamInd=-1 EmergOnly=false IsDataRoamingFromRegistration=false Current state=1
09-09 13:13:19.640  2679 21047 I chatty  : uid=1001(radio) Binder_8 expire 2 lines
09-09 13:13:19.647 20301 20301 I chatty  : uid=1000(system) com.qualcomm.qti.extsettings expire 1 line
09-09 13:13:19.650  2261  2412 D NetworkController.MobileSignalController(1): networkClass=4G showRat=true slot=0
09-09 13:13:19.658  2679 21520 I chatty  : uid=1001(radio) Binder_A expire 21 lines
09-09 13:13:19.672  2679  2881 I chatty  : uid=1001(radio) Binder_3 expire 16 lines
09-09 13:13:19.693 16028 25110 D CellBroadcastConfigService: enabling emergency cell broadcast channels
09-09 13:13:19.757  2679  3032 I chatty  : uid=1001(radio) Binder_6 expire 5 lines
09-09 13:13:19.784  2679 20791 I chatty  : uid=1001(radio) Binder_7 expire 14 lines
09-09 13:13:19.793  2679  2691 I chatty  : uid=1001(radio) Binder_2 expire 14 lines
09-09 13:13:19.814  2679  1844 I chatty  : uid=1001(radio) Binder_C expire 16 lines
09-09 13:13:19.823  2679 21047 I chatty  : uid=1001(radio) Binder_8 expire 15 lines
09-09 13:13:19.845  2679  2909 I chatty  : uid=1001(radio) Binder_4 expire 12 lines
09-09 13:13:19.855  2679 21635 I chatty  : uid=1001(radio) Binder_D expire 14 lines
09-09 13:13:19.875  2679 21273 I chatty  : uid=1001(radio) Binder_9 expire 12 lines
09-09 13:13:19.906  2679 22283 I chatty  : uid=1001(radio) Binder_B expire 14 lines
09-09 13:13:19.916  2679  2690 I chatty  : uid=1001(radio) Binder_1 expire 15 lines
09-09 13:13:19.938  2679  2919 I chatty  : uid=1001(radio) Binder_5 expire 13 lines
09-09 13:13:19.981 16028 25110 D CellBroadcastConfigService: enabled emergency cell broadcast channels
09-09 13:13:20.066 16028 25110 D CellBroadcastConfigService: enabling cell broadcast channel 50
09-09 13:13:20.097 16028 25110 D CellBroadcastConfigService: disabling cell broadcast channel 60
09-09 13:13:20.119 16028 25110 D CellBroadcastConfigService: disabled cell broadcast channel 60
09-09 13:13:20.124 16028 25110 D CellBroadcastConfigService: disabling channels 919-928
09-09 13:13:20.144 16028 25110 D CellBroadcastConfigService: disabling cell broadcast ETWS test messages
09-09 13:13:20.517 14169 14239 I MediaSdk: [14239] [AudioEngine]TRACE: PlayAudio failed (-2147480762)[4, 18, 1]
09-09 13:13:21.577 18625 18625 I LKCore  : vendor/qcom/proprietary/qti-logkit/LKCore/main.cpp:85: Run command logcat -v time -d done
09-09 13:13:21.577 18625 18625 I LKCore  : vendor/qcom/proprietary/qti-logkit/LKCore/main.cpp:137: write to /data/misc/qti-logkit/shared-privileged/logcat.txt
09-09 13:13:22.581 15844 15844 I chatty  : uid=1000(system) com.qualcomm.qti.logkit expire 2 lines
09-09 13:13:22.588   823   823 I MSM-irqbalance: Decided to move IRQ3 from CPU2 [P:0] to CPU7 [P:1] (banned)
09-09 13:13:22.589   823   823 I MSM-irqbalance: Decided to move IRQ3 from CPU0 [P:0] to CPU5 [P:1] (banned)
09-09 13:13:22.589   823   823 I MSM-irqbalance: Decided to move IRQ5 from CPU0 [P:0] to CPU4 [P:1] (banned)
09-09 13:13:22.590   823   823 I MSM-irqbalance: Decided to move IRQ3 from CPU1 [P:0] to CPU6 [P:1] (banned)
09-09 13:13:23.448 14169 14239 I MediaSdk: [14239] [AudioEngine]TRACE: PlayAudio failed (-2147477486)[4, 18, 1]
09-09 13:13:24.144 14169 14235 I MediaSdk: [14235] [AudioEngine]OnLogRecordStatus: is OK, recording=false, sampleRate=16000, MaxRecordEnergy=0, CountDiff=0ms, TickDiff=20403ms
09-09 13:13:24.145 14169 14235 I MediaSdk: [14235] [AudioEngine]OnLogPlayoutStatus: is OK, playing=true, sampleRate=44100, MaxPlayoutEnergy=0, curMode=0, CountDiff=20400ms, TickDiff=20403ms
09-09 13:13:24.568 14169 14226 I YYSDK   : IoEngine::run: to check io
09-09 13:13:24.619 14169 14226 I YYSDK   : APLink::onKeepAlive: connId/ip/port 289 183.214.134.195 8082
09-09 13:13:24.619 14169 14226 I YYSDK   : LoginLink::onKeepAlive: sendping
09-09 13:13:24.783  2882  2898 I chatty  : uid=1001(radio) QcRilReceiver expire 8 lines
09-09 13:13:24.783  2882  2882 I chatty  : uid=1001(radio) com.qualcomm.qcrilmsgtunnel expire 2 lines
09-09 13:13:24.786  2679  2679 I chatty  : uid=1001(radio) com.android.phone expire 14 lines
09-09 13:13:24.786  3830  3830 D QC_RIL_OEM_HOOK: Received Broadcast Intent ACTION_UNSOL_RESPONSE_OEM_HOOK_RAW
09-09 13:13:24.786  3830  3830 D QC_RIL_OEM_HOOK: Oem ID in QCRILHOOK UNSOL RESP is QOEMHOOK
09-09 13:13:24.787  3772  3772 I chatty  : uid=1000(system) com.qualcomm.qti.modemtestmode expire 2 lines
09-09 13:13:24.792 14169 14226 I YYSDK   : APLinkCheckPolicy::reportLinkStat: ping stat  rtt 191-221-825-189-209-199-827-191-180-173
09-09 13:13:24.792 14169 14226 I YYSDK   : APLinkMgr::onPingRes: connId:289, m_chType:0, m_setAvailAppID size:1, m_uServerTimeStamp:1473398004, m_strContext size:4, timeSend:224222091, rtt:173
09-09 13:13:24.848  1604  2127 D ConnectivityService: Setting tx/rx TCP buffers to 2097152,4194304,8388608,4096,1048576,2097152
09-09 13:13:24.849 16028 16028 D CellBroadcastReceiver: onReceive Intent { act=android.intent.action.SERVICE_STATE flg=0x10 cmp=com.android.cellbroadcastreceiver/.CellBroadcastReceiver (has extras) }
09-09 13:13:24.849 16028 16028 D CellBroadcastReceiver: Intent ACTION_SERVICE_STATE_CHANGED
09-09 13:13:24.849 16028 16028 D CellBroadcastReceiver: subscriptionId = 1
09-09 13:13:24.873  1604  2127 I chatty  : uid=1000(system) ConnectivitySer expire 2 lines
09-09 13:13:24.874  2651  2796 I chatty  : uid=1000(system) Binder_3 expire 1 line
09-09 13:13:24.879  1604  2127 D ConnectivityService: notifyType IP_CHANGED for NetworkAgentInfo [MOBILE (LTE_CA) - 108]
09-09 13:13:24.883  2679  3032 I chatty  : uid=1001(radio) Binder_6 expire 10 lines
09-09 13:13:24.888  2261  2412 D NetworkController.MobileSignalController(1): networkClass=4G showRat=true slot=0
09-09 13:13:24.890 16028 16028 D CellBroadcastReceiver: Service state changed! 0 Full: 0 0 voice home data home CMCC CMCC 46000 CMCC CMCC 46000  LTE LTE_CA CSS not supported -1 -1 RoamInd=-1 DefRoamInd=-1 EmergOnly=false IsDataRoamingFromRegistration=false Current state=1
09-09 13:13:24.901 20301 20301 I chatty  : uid=1000(system) com.qualcomm.qti.extsettings expire 1 line
09-09 13:13:24.940 16028 25116 D CellBroadcastConfigService: enabling emergency cell broadcast channels
09-09 13:13:25.179 16028 25116 D CellBroadcastConfigService: enabled emergency cell broadcast channels
09-09 13:13:25.252 16028 25116 D CellBroadcastConfigService: enabling cell broadcast channel 50
09-09 13:13:25.277 16028 25116 D CellBroadcastConfigService: disabling cell broadcast channel 60
09-09 13:13:25.296 16028 25116 D CellBroadcastConfigService: disabled cell broadcast channel 60
09-09 13:13:25.301 16028 25116 D CellBroadcastConfigService: disabling channels 919-928
09-09 13:13:25.320 16028 25116 D CellBroadcastConfigService: disabling cell broadcast ETWS test messages
09-09 13:13:26.457 14169 14239 I MediaSdk: [14239] [AudioEngine]TRACE: PlayAudio failed (-2147477794)[4, 18, 1]
09-09 13:13:27.581 15844 15844 I chatty  : uid=1000(system) com.qualcomm.qti.logkit expire 8 lines
09-09 13:13:27.589   823   823 I MSM-irqbalance: Decided to move IRQ5 from CPU2 [P:0] to CPU7 [P:1] (banned)
09-09 13:13:27.590   823   823 I MSM-irqbalance: Decided to move IRQ5 from CPU3 [P:0] to CPU5 [P:1] (banned)
09-09 13:13:27.590   823   823 I MSM-irqbalance: Decided to move IRQ5 from CPU0 [P:0] to CPU4 [P:1] (banned)
09-09 13:13:27.591   823   823 I MSM-irqbalance: Decided to move IRQ5 from CPU1 [P:0] to CPU6 [P:1] (banned)
09-09 13:13:27.591   823   823 I MSM-irqbalance: Decided to move IRQ3 from CPU1 [P:0] to CPU7 [P:1] (banned)
09-09 13:13:29.458 14169 14239 I MediaSdk: [14239] [AudioEngine]TRACE: PlayAudio failed (-2147478102)[4, 18, 1]
09-09 13:13:30.129 14169 14226 I YYSDK   : TrafficStat::on3MinPoller, tx/rx/loginerr 0 160 0
09-09 13:13:30.382 14169 14227 I YYSDK   : [localsock]LocalSockHandler::send data len/port 21 37360
09-09 13:13:30.432 14169 14226 I YYSDK   : LocalSockHandler::onPing  224227853
09-09 13:13:30.483 14169 14226 I YYSDK   : LocalSockHandler::onUdpData pong sendTime/now/rtt  224227853 224227855 2
09-09 13:13:30.914 14169 14226 I YYSDK   : protocol::SendReqFNTask::run mType/rType 0 8
09-09 13:13:30.915 14169 14226 I YYSDK   : LoginReqHandler::handle, req->reqType= 8
09-09 13:13:30.916 14169 14226 I YYSDK   : LoginReqHandler::onHBReq
09-09 13:13:30.916 14169 14226 I YYSDK   : APLink::keepAlive: sendping
09-09 13:13:31.020 14169 14226 I YYSDK   : SvcTrafficStat::on1MinPoller, tx/rx/loginerr 0 28 0
09-09 13:13:31.079 14169 14226 I YYSDK   : APLinkCheckPolicy::reportLinkStat: ping stat  rtt 191-221-825-189-209-199-827-191-180-173
09-09 13:13:31.079 14169 14226 I YYSDK   : APLinkMgr::onPingRes: connId:289, m_chType:0, m_setAvailAppID size:1, m_uServerTimeStamp:1473398010, m_strContext size:4, timeSend:224228388, rtt:162
09-09 13:13:31.587 18625 18625 I LKCore  : vendor/qcom/proprietary/qti-logkit/LKCore/main.cpp:42: Running command logcat -v time -d
09-09 13:13:31.633 14169 14226 I YYSDK   : TrafficStat::on30SecPoller, tx/rx/loginerr 0 64 0
09-09 13:13:31.801 14822 14822 I PushLog : StateConnected.handleEvent, send ping
09-09 13:13:31.814 14822 28441 D PUSH_SDK_JNI: PushReqHandler::send ping, monotonic time = 135693253
09-09 13:13:31.815 14822 28441 D PUSH_SDK_JNI: [lsh] PushLinkMgr::_send, size= 14
09-09 13:13:31.917 14822 28441 D PUSH_SDK_JNI: PushHandler::onPong, rtt = 103
09-09 13:13:31.918 14822 14822 I PushLog : StateConnected.handleEvent get pong
09-09 13:13:31.920 14822 14822 I PushLog : StateConnected.handleEvent, recv pong times=5, send ping times=5
09-09 13:13:32.472 14169 14239 I MediaSdk: [14239] [AudioEngine]TRACE: PlayAudio failed (-2147478410)[4, 18, 1]
09-09 13:13:32.589   823   823 I MSM-irqbalance: Decided to move IRQ3 from CPU0 [P:0] to CPU7 [P:1] (banned)
09-09 13:13:32.590   823   823 I MSM-irqbalance: Decided to move IRQ5 from CPU0 [P:0] to CPU5 [P:1] (banned)
09-09 13:13:34.214 14169 14228 I kiwi    : [call] mUpdateWifiInfoTask mChannelSession is null or lastrssi = rssi(-127)(P:14169)(T:144)(C:MediaVideoImp$39)at (MediaVideoImp.java:2127)
09-09 13:13:35.482 14169 14239 I MediaSdk: [14239] [AudioEngine]TRACE: PlayAudio failed (-2147478718)[4, 18, 1]
09-09 13:13:36.702 14169 14226 I YYSDK   : SvcTrafficStat::on30SecPoller, tx/rx/loginerr 0 28 0
09-09 13:13:37.589   823   823 I MSM-irqbalance: Decided to move IRQ5 from CPU6 to CPU4
09-09 13:13:38.480 14169 14239 I MediaSdk: [14239] [AudioEngine]TRACE: PlayAudio failed (-2147479026)[4, 18, 1]
09-09 13:13:39.560 14169 14226 I YYSDK   : IoEngine::run: to check io
09-09 13:13:41.489 14169 14239 I MediaSdk: [14239] [AudioEngine]TRACE: PlayAudio failed (-2147479334)[4, 18, 1]
09-09 13:13:42.589   823   823 I MSM-irqbalance: Decided to move IRQ188 from CPU2 [P:0] to CPU7 [P:1] (banned)
09-09 13:13:42.590   823   823 I MSM-irqbalance: Decided to move IRQ164 from CPU2 [P:0] to CPU5 [P:1] (banned)
09-09 13:13:42.591   823   823 I MSM-irqbalance: Decided to move IRQ188 from CPU3 [P:0] to CPU4 [P:1] (banned)
09-09 13:13:42.591   823   823 I MSM-irqbalance: Decided to move IRQ164 from CPU3 [P:0] to CPU6 [P:1] (banned)
09-09 13:13:42.592   823   823 I MSM-irqbalance: Decided to move IRQ3 from CPU3 [P:0] to CPU7 [P:1] (banned)
09-09 13:13:42.592   823   823 I MSM-irqbalance: Decided to move IRQ3 from CPU0 [P:0] to CPU5 [P:1] (banned)
09-09 13:13:42.618 18625 18625 I LKCore  : vendor/qcom/proprietary/qti-logkit/LKCore/main.cpp:85: Run command logcat -v time -d done
09-09 13:13:42.619 18625 18625 I LKCore  : vendor/qcom/proprietary/qti-logkit/LKCore/main.cpp:137: write to /data/misc/qti-logkit/shared-privileged/logcat.txt
09-09 13:13:42.947  3830  3830 D QC_RIL_OEM_HOOK: Received Broadcast Intent ACTION_UNSOL_RESPONSE_OEM_HOOK_RAW
09-09 13:13:42.947  3830  3830 D QC_RIL_OEM_HOOK: Oem ID in QCRILHOOK UNSOL RESP is QOEMHOOK
09-09 13:13:42.949  3772  3772 I chatty  : uid=1000(system) com.qualcomm.qti.modemtestmode expire 2 lines
09-09 13:13:42.949  2679  2679 I chatty  : uid=1001(radio) com.android.phone expire 4 lines
09-09 13:13:43.010  1604  2127 D ConnectivityService: Setting tx/rx TCP buffers to 2097152,4194304,8388608,262144,524288,1048576
09-09 13:13:43.010 16028 16028 D CellBroadcastReceiver: onReceive Intent { act=android.intent.action.SERVICE_STATE flg=0x10 cmp=com.android.cellbroadcastreceiver/.CellBroadcastReceiver (has extras) }
09-09 13:13:43.010 16028 16028 D CellBroadcastReceiver: Intent ACTION_SERVICE_STATE_CHANGED
09-09 13:13:43.011 16028 16028 D CellBroadcastReceiver: subscriptionId = 1
09-09 13:13:43.016  2679  3032 I chatty  : uid=1001(radio) Binder_6 expire 7 lines
09-09 13:13:43.037  1604  2127 I chatty  : uid=1000(system) ConnectivitySer expire 2 lines
09-09 13:13:43.039  2651  2665 I chatty  : uid=1000(system) Binder_2 expire 1 line
09-09 13:13:43.042  1604  2127 D ConnectivityService: notifyType IP_CHANGED for NetworkAgentInfo [MOBILE (LTE) - 108]
09-09 13:13:43.042  2679 21273 I chatty  : uid=1001(radio) Binder_9 expire 10 lines
09-09 13:13:43.044 16028 16028 D CellBroadcastReceiver: Service state changed! 0 Full: 0 0 voice home data home CMCC CMCC 46000 CMCC CMCC 46000  LTE LTE CSS not supported -1 -1 RoamInd=-1 DefRoamInd=-1 EmergOnly=false IsDataRoamingFromRegistration=false Current state=1
09-09 13:13:43.050  2679  2691 I chatty  : uid=1001(radio) Binder_2 expire 7 lines
09-09 13:13:43.051  2261  2412 D NetworkController.MobileSignalController(1): networkClass=4G showRat=true slot=0
09-09 13:13:43.054 20301 20301 I chatty  : uid=1000(system) com.qualcomm.qti.extsettings expire 1 line
09-09 13:13:43.064  2679 21635 I chatty  : uid=1001(radio) Binder_D expire 16 lines
09-09 13:13:43.078  2679 22283 I chatty  : uid=1001(radio) Binder_B expire 7 lines
09-09 13:13:43.091 16028 25125 D CellBroadcastConfigService: enabling emergency cell broadcast channels
09-09 13:13:43.096  2679  2919 I chatty  : uid=1001(radio) Binder_5 expire 17 lines
09-09 13:13:43.112  2679 20791 I chatty  : uid=1001(radio) Binder_7 expire 7 lines
09-09 13:13:43.134  2679  1844 I chatty  : uid=1001(radio) Binder_C expire 14 lines
09-09 13:13:43.215  2679  2909 I chatty  : uid=1001(radio) Binder_4 expire 15 lines
09-09 13:13:43.238  2679 21047 I chatty  : uid=1001(radio) Binder_8 expire 16 lines
09-09 13:13:43.390 16028 25125 D CellBroadcastConfigService: enabled emergency cell broadcast channels
09-09 13:13:43.410  2679  2881 I chatty  : uid=1001(radio) Binder_3 expire 12 lines
09-09 13:13:43.492 16028 25125 D CellBroadcastConfigService: enabling cell broadcast channel 50
09-09 13:13:43.513  2679 21520 I chatty  : uid=1001(radio) Binder_A expire 10 lines
09-09 13:13:43.529 16028 25125 D CellBroadcastConfigService: disabling cell broadcast channel 60
09-09 13:13:43.553 16028 25125 D CellBroadcastConfigService: disabled cell broadcast channel 60
09-09 13:13:43.560 16028 25125 D CellBroadcastConfigService: disabling channels 919-928
09-09 13:13:43.581 16028 25125 D CellBroadcastConfigService: disabling cell broadcast ETWS test messages
09-09 13:13:44.502 14169 14239 I MediaSdk: [14239] [AudioEngine]TRACE: PlayAudio failed (-2147479642)[4, 18, 1]
09-09 13:13:44.540 14169 14235 I MediaSdk: [14235] [AudioEngine]OnLogRecordStatus: is OK, recording=false, sampleRate=16000, MaxRecordEnergy=0, CountDiff=0ms, TickDiff=20396ms
09-09 13:13:44.540 14169 14235 I MediaSdk: [14235] [AudioEngine]OnLogPlayoutStatus: is OK, playing=true, sampleRate=44100, MaxPlayoutEnergy=0, curMode=0, CountDiff=20400ms, TickDiff=20396ms
09-09 13:13:45.411 14169 14226 I YYSDK   : LocalSockHandler::onPing  224242882
09-09 13:13:45.411 14169 14227 I YYSDK   : [localsock]LocalSockHandler::send data len/port 21 37360
09-09 13:13:45.461 14169 14226 I YYSDK   : LocalSockHandler::onUdpData pong sendTime/now/rtt  224242882 224242883 1
09-09 13:13:47.506 14169 14239 I MediaSdk: [14239] [AudioEngine]TRACE: PlayAudio failed (-2147479950)[4, 18, 1]
09-09 13:13:47.585 15844 15844 I chatty  : uid=1000(system) com.qualcomm.qti.logkit expire 4 lines
09-09 13:13:47.589   823   823 I MSM-irqbalance: Decided to move IRQ3 from CPU0 [P:0] to CPU7 [P:1] (banned)
09-09 13:13:47.590   823   823 I MSM-irqbalance: Decided to move IRQ5 from CPU0 [P:0] to CPU5 [P:1] (banned)
09-09 13:13:47.590   823   823 I MSM-irqbalance: Decided to move IRQ5 from CPU1 [P:0] to CPU4 [P:1] (banned)
09-09 13:13:50.506 14169 14239 I MediaSdk: [14239] [AudioEngine]TRACE: PlayAudio failed (-2147480258)[4, 18, 1]
09-09 13:13:52.588   823   823 I MSM-irqbalance: Decided to move IRQ3 from CPU0 [P:0] to CPU7 [P:1] (banned)
09-09 13:13:52.589   823   823 I MSM-irqbalance: Decided to move IRQ5 from CPU0 [P:0] to CPU5 [P:1] (banned)
09-09 13:13:52.636 18625 18625 I LKCore  : vendor/qcom/proprietary/qti-logkit/LKCore/main.cpp:42: Running command logcat -v time -d
09-09 13:13:52.925  2882  2898 I chatty  : uid=1001(radio) QcRilReceiver expire 8 lines
09-09 13:13:52.925  2882  2882 I chatty  : uid=1001(radio) com.qualcomm.qcrilmsgtunnel expire 2 lines
09-09 13:13:52.928  2679  2679 I chatty  : uid=1001(radio) com.android.phone expire 17 lines
09-09 13:13:52.929  3830  3830 D QC_RIL_OEM_HOOK: Received Broadcast Intent ACTION_UNSOL_RESPONSE_OEM_HOOK_RAW
09-09 13:13:52.929  3772  3772 I chatty  : uid=1000(system) com.qualcomm.qti.modemtestmode expire 2 lines
09-09 13:13:52.929  3830  3830 D QC_RIL_OEM_HOOK: Oem ID in QCRILHOOK UNSOL RESP is QOEMHOOK
09-09 13:13:52.988  1604  2127 D ConnectivityService: Setting tx/rx TCP buffers to 2097152,4194304,8388608,4096,1048576,2097152
09-09 13:13:52.989 16028 16028 D CellBroadcastReceiver: onReceive Intent { act=android.intent.action.SERVICE_STATE flg=0x10 cmp=com.android.cellbroadcastreceiver/.CellBroadcastReceiver (has extras) }
09-09 13:13:52.989 16028 16028 D CellBroadcastReceiver: Intent ACTION_SERVICE_STATE_CHANGED
09-09 13:13:52.989 16028 16028 D CellBroadcastReceiver: subscriptionId = 1
09-09 13:13:52.996  2679  3032 I chatty  : uid=1001(radio) Binder_6 expire 11 lines
09-09 13:13:53.007  1604  2127 I chatty  : uid=1000(system) ConnectivitySer expire 2 lines
09-09 13:13:53.014  2261  2412 D NetworkController.MobileSignalController(1): networkClass=4G showRat=true slot=0
09-09 13:13:53.016  2651  2664 I chatty  : uid=1000(system) Binder_1 expire 1 line
09-09 13:13:53.022  1604  2127 D ConnectivityService: notifyType IP_CHANGED for NetworkAgentInfo [MOBILE (LTE_CA) - 108]
09-09 13:13:53.023 16028 16028 D CellBroadcastReceiver: Service state changed! 0 Full: 0 0 voice home data home CMCC CMCC 46000 CMCC CMCC 46000  LTE LTE_CA CSS not supported -1 -1 RoamInd=-1 DefRoamInd=-1 EmergOnly=false IsDataRoamingFromRegistration=false Current state=1
09-09 13:13:53.043 20301 20301 I chatty  : uid=1000(system) com.qualcomm.qti.extsettings expire 1 line
09-09 13:13:53.048  2679  2691 I chatty  : uid=1001(radio) Binder_2 expire 9 lines
09-09 13:13:53.079 14169 14226 I YYSDK   : protocol::SendReqFNTask::run mType/rType 0 8
09-09 13:13:53.079 14169 14226 I YYSDK   : LoginReqHandler::handle, req->reqType= 8
09-09 13:13:53.079 14169 14226 I YYSDK   : LoginReqHandler::onHBReq
09-09 13:13:53.079 14169 14226 I YYSDK   : APLink::keepAlive: sendping
09-09 13:13:53.091 16028 25133 D CellBroadcastConfigService: enabling emergency cell broadcast channels
09-09 13:13:53.100  2679 21273 I chatty  : uid=1001(radio) Binder_9 expire 8 lines
09-09 13:13:53.111  2679 22283 I chatty  : uid=1001(radio) Binder_B expire 7 lines
09-09 13:13:53.145  2679  2690 I chatty  : uid=1001(radio) Binder_1 expire 7 lines
09-09 13:13:53.188 14169 14226 I YYSDK   : APLinkCheckPolicy::reportLinkStat: ping stat  rtt 191-221-825-189-209-199-827-191-180-173
09-09 13:13:53.188 14169 14226 I YYSDK   : APLinkMgr::onPingRes: connId:289, m_chType:0, m_setAvailAppID size:1, m_uServerTimeStamp:1473398032, m_strContext size:4, timeSend:224250551, rtt:109
09-09 13:13:53.204  2679 20791 I chatty  : uid=1001(radio) Binder_7 expire 7 lines
09-09 13:13:53.316 16028 25133 D CellBroadcastConfigService: enabled emergency cell broadcast channels
09-09 13:13:53.387 16028 25133 D CellBroadcastConfigService: enabling cell broadcast channel 50
09-09 13:13:53.411 16028 25133 D CellBroadcastConfigService: disabling cell broadcast channel 60
09-09 13:13:53.427 16028 25133 D CellBroadcastConfigService: disabled cell broadcast channel 60
09-09 13:13:53.431 16028 25133 D CellBroadcastConfigService: disabling channels 919-928
09-09 13:13:53.450 16028 25133 D CellBroadcastConfigService: disabling cell broadcast ETWS test messages
09-09 13:13:53.515 14169 14239 I MediaSdk: [14239] [AudioEngine]TRACE: PlayAudio failed (-2147480566)[4, 18, 1]
09-09 13:13:54.236 14169 14228 I kiwi    : [call] mUpdateWifiInfoTask mChannelSession is null or lastrssi = rssi(-127)(P:14169)(T:144)(C:MediaVideoImp$39)at (MediaVideoImp.java:2127)
09-09 13:13:54.597 14169 14226 I YYSDK   : IoEngine::run: to check io
09-09 13:13:55.618 14169 14265 I MediaSdk: [14265] [signal] signal ping 135717057
09-09 13:13:55.618 14169 14227 I YYSDK   : [localsock]LocalSockHandler::send data len/port 21 20007
09-09 13:13:55.618 14169 14265 I MediaSdk: [14265] [signal] signal ping 135717057
09-09 13:13:55.618 14169 14265 I MediaSdk: [14265] [signal] signal ping 135717057
09-09 13:13:55.619 14169 14227 I YYSDK   : [localsock]LocalSockHandler::send data len/port 21 20007
09-09 13:13:55.619 14169 14265 I MediaSdk: [14265] [signal] signal ping 135717058
09-09 13:13:55.619 14169 14227 I YYSDK   : [localsock]LocalSockHandler::send data len/port 21 20007
09-09 13:13:55.619 14169 14265 I MediaSdk: [14265] [signal] signal ping 135717058
09-09 13:13:55.619 14169 14265 I MediaSdk: [14265] [signal] signal ping 135717058
09-09 13:13:55.619 14169 14227 I YYSDK   : [localsock]LocalSockHandler::send data len/port 21 20007
09-09 13:13:55.619 14169 14265 I MediaSdk: [14265] [signal] signal ping 135717058
09-09 13:13:55.619 14169 14227 I YYSDK   : [localsock]LocalSockHandler::send data len/port 21 20007
09-09 13:13:55.619 14169 14265 I MediaSdk: [14265] [signal] signal ping 135717058
09-09 13:13:55.620 14169 14227 I YYSDK   : [localsock]LocalSockHandler::send data len/port 21 20007
09-09 13:13:55.620 14169 14265 I MediaSdk: [14265] [signal] signal ping 135717059
09-09 13:13:55.620 14169 14265 I MediaSdk: [14265] [signal] signal ping 135717059
09-09 13:13:55.620 14169 14227 I YYSDK   : [localsock]LocalSockHandler::send data len/port 21 20007
09-09 13:13:55.620 14169 14265 I MediaSdk: [14265] [signal] signal ping 135717059
09-09 13:13:55.620 14169 14265 I MediaSdk: [14265] [signal] signal ping 135717059
09-09 13:13:55.620 14169 14227 I YYSDK   : [localsock]LocalSockHandler::send data len/port 21 20007
09-09 13:13:55.621 14169 14265 I MediaSdk: [14265] [signal] signal ping 135717060
09-09 13:13:55.621 14169 14227 I YYSDK   : [localsock]LocalSockHandler::send data len/port 21 20007
09-09 13:13:55.621 14169 14265 I MediaSdk: [14265] [signal] signal ping 135717060
09-09 13:13:55.621 14169 14227 I YYSDK   : [localsock]LocalSockHandler::send data len/port 21 20007
09-09 13:13:55.621 14169 14265 I MediaSdk: [14265] [signal] signal ping 135717060
09-09 13:13:55.621 14169 14265 I MediaSdk: [14265] [signal] signal ping 135717060
09-09 13:13:55.621 14169 14227 I YYSDK   : [localsock]LocalSockHandler::send data len/port 21 20007
09-09 13:13:55.622 14169 14265 I MediaSdk: [14265] [signal] signal ping 135717061
09-09 13:13:55.622 14169 14227 I YYSDK   : [localsock]LocalSockHandler::send data len/port 21 20007
09-09 13:13:55.622 14169 14265 I MediaSdk: [14265] [signal] signal ping 135717061
09-09 13:13:55.622 14169 14265 I MediaSdk: [14265] [signal] signal ping 135717061
09-09 13:13:55.622 14169 14227 I YYSDK   : [localsock]LocalSockHandler::send data len/port 21 20007
09-09 13:13:55.622 14169 14265 I MediaSdk: [14265] [signal] signal ping 135717061
09-09 13:13:55.622 14169 14227 I YYSDK   : [localsock]LocalSockHandler::send data len/port 21 20007
09-09 13:13:55.622 14169 14265 I MediaSdk: [14265] [signal] signal ping 135717061
09-09 13:13:55.623 14169 14227 I YYSDK   : [localsock]LocalSockHandler::send data len/port 21 20007
09-09 13:13:55.623 14169 14265 I MediaSdk: [14265] [signal] signal ping 135717062
09-09 13:13:55.623 14169 14265 I MediaSdk: [14265] [signal] signal ping 135717062
09-09 13:13:55.623 14169 14227 I YYSDK   : [localsock]LocalSockHandler::send data len/port 21 20007
09-09 13:13:55.623 14169 14265 I MediaSdk: [14265] [signal] signal ping 135717062
09-09 13:13:55.623 14169 14227 I YYSDK   : [localsock]LocalSockHandler::send data len/port 21 20007
09-09 13:13:55.623 14169 14265 I MediaSdk: [14265] [signal] signal ping 135717062
09-09 13:13:55.623 14169 14227 I YYSDK   : [localsock]LocalSockHandler::send data len/port 21 20007
09-09 13:13:55.623 14169 14265 I MediaSdk: [14265] [signal] signal ping 135717062
09-09 13:13:55.624 14169 14265 I MediaSdk: [14265] [signal] signal ping 135717063
09-09 13:13:55.624 14169 14227 I YYSDK   : [localsock]LocalSockHandler::send data len/port 21 20007
09-09 13:13:55.624 14169 14265 I MediaSdk: [14265] [signal] signal ping 135717063
09-09 13:13:55.624 14169 14227 I YYSDK   : [localsock]LocalSockHandler::send data len/port 21 20007
09-09 13:13:55.624 14169 14265 I MediaSdk: [14265] [signal] signal ping 135717063
09-09 13:13:55.624 14169 14227 I YYSDK   : [localsock]LocalSockHandler::send data len/port 21 20007
09-09 13:13:55.624 14169 14265 I MediaSdk: [14265] [signal] signal ping 135717063
09-09 13:13:55.624 14169 14265 I MediaSdk: [14265] [signal] signal ping 135717063
09-09 13:13:55.624 14169 14227 I YYSDK   : [localsock]LocalSockHandler::send data len/port 21 20007
09-09 13:13:55.625 14169 14265 I MediaSdk: [14265] [signal] signal ping 135717064
09-09 13:13:55.625 14169 14265 I MediaSdk: [14265] [signal] signal ping 135717064
09-09 13:13:55.625 14169 14265 I MediaSdk: [14265] [signal] signal ping 135717064
09-09 13:13:55.625 14169 14265 I MediaSdk: [14265] [signal] signal ping 135717064
09-09 13:13:55.626 14169 14227 I YYSDK   : [localsock]LocalSockHandler::send data len/port 21 20007
09-09 13:13:55.626 14169 14265 I MediaSdk: [14265] [signal] signal ping 135717065
09-09 13:13:55.626 14169 14265 I MediaSdk: [14265] [signal] signal ping 135717065
09-09 13:13:55.626 14169 14227 I YYSDK   : [localsock]LocalSockHandler::send data len/port 21 20007
09-09 13:13:55.626 14169 14265 I MediaSdk: [14265] [signal] signal ping 135717065
09-09 13:13:55.626 14169 14265 I MediaSdk: [14265] [signal] signal ping 135717065
09-09 13:13:55.626 14169 14227 I YYSDK   : [localsock]LocalSockHandler::send data len/port 21 20007
09-09 13:13:55.626 14169 14265 I MediaSdk: [14265] [signal] signal ping 135717065
09-09 13:13:55.627 14169 14227 I YYSDK   : [localsock]LocalSockHandler::send data len/port 21 20007
09-09 13:13:55.627 14169 14265 I MediaSdk: [14265] [thread] transport thread in past 120112 ms, wakeup 13 times callWakeupCount 13 callResetWakeUpCount 3 runUse( 5:12 10:1 15:0 20:0 25:0 30:0 40:0 50:0 60:0 70:0 80:0 100:0 200:0 500:0 1000:0 -1:0)
09-09 13:13:55.627 14169 14265 I MediaSdk: [14265] [signal] signal ping res 135717057
09-09 13:13:55.627 14169 14265 I MediaSdk: [14265] [signal] signal ping res 135717057
09-09 13:13:55.627 14169 14265 I MediaSdk: [14265] [signal] signal ping res 135717057
09-09 13:13:55.627 14169 14227 I YYSDK   : [localsock]LocalSockHandler::send data len/port 21 20007
09-09 13:13:55.627 14169 14265 I MediaSdk: [14265] [signal] signal ping res 135717058
09-09 13:13:55.627 14169 14265 I MediaSdk: [14265] [signal] signal ping res 135717058
09-09 13:13:55.627 14169 14265 I MediaSdk: [14265] [signal] signal ping res 135717058
09-09 13:13:55.628 14169 14227 I YYSDK   : [localsock]LocalSockHandler::send data len/port 21 20007
09-09 13:13:55.628 14169 14265 I MediaSdk: [14265] [signal] signal ping res 135717058
09-09 13:13:55.628 14169 14265 I MediaSdk: [14265] [signal] signal ping res 135717058
09-09 13:13:55.628 14169 14265 I MediaSdk: [14265] [signal] signal ping res 135717059
09-09 13:13:55.628 14169 14265 I MediaSdk: [14265] [signal] signal ping res 135717059
09-09 13:13:55.628 14169 14227 I YYSDK   : [localsock]LocalSockHandler::send data len/port 21 20007
09-09 13:13:55.628 14169 14265 I MediaSdk: [14265] [signal] signal ping res 135717059
09-09 13:13:55.628 14169 14265 I MediaSdk: [14265] [signal] signal ping res 135717059
09-09 13:13:55.628 14169 14265 I MediaSdk: [14265] [signal] signal ping res 135717060
09-09 13:13:55.628 14169 14265 I MediaSdk: [14265] [signal] signal ping res 135717060
09-09 13:13:55.628 14169 14227 I YYSDK   : [localsock]LocalSockHandler::send data len/port 21 20007
09-09 13:13:55.628 14169 14265 I MediaSdk: [14265] [signal] signal ping res 135717060
09-09 13:13:55.628 14169 14265 I MediaSdk: [14265] [signal] signal ping res 135717060
09-09 13:13:55.629 14169 14265 I MediaSdk: [14265] [signal] signal ping res 135717061
09-09 13:13:55.629 14169 14227 I YYSDK   : [localsock]LocalSockHandler::send data len/port 21 20007
09-09 13:13:55.629 14169 14265 I MediaSdk: [14265] [signal] signal ping res 135717061
09-09 13:13:55.629 14169 14265 I MediaSdk: [14265] [signal] signal ping res 135717061
09-09 13:13:55.629 14169 14265 I MediaSdk: [14265] [signal] signal ping res 135717061
09-09 13:13:55.629 14169 14265 I MediaSdk: [14265] [signal] signal ping res 135717061
09-09 13:13:55.629 14169 14227 I YYSDK   : [localsock]LocalSockHandler::send data len/port 21 20007
09-09 13:13:55.629 14169 14265 I MediaSdk: [14265] [signal] signal ping res 135717062
09-09 13:13:55.629 14169 14265 I MediaSdk: [14265] [signal] signal ping res 135717062
09-09 13:13:55.629 14169 14265 I MediaSdk: [14265] [signal] signal ping res 135717062
09-09 13:13:55.629 14169 14227 I YYSDK   : [localsock]LocalSockHandler::send data len/port 21 20007
09-09 13:13:55.629 14169 14265 I MediaSdk: [14265] [signal] signal ping res 135717062
09-09 13:13:55.630 14169 14265 I MediaSdk: [14265] [signal] signal ping res 135717062
09-09 13:13:55.630 14169 14265 I MediaSdk: [14265] [signal] signal ping res 135717063
09-09 13:13:55.630 14169 14265 I MediaSdk: [14265] [signal] signal ping res 135717063
09-09 13:13:55.630 14169 14227 I YYSDK   : [localsock]LocalSockHandler::send data len/port 21 20007
09-09 13:13:55.630 14169 14265 I MediaSdk: [14265] [signal] signal ping res 135717063
09-09 13:13:55.630 14169 14265 I MediaSdk: [14265] [signal] signal ping res 135717063
09-09 13:13:55.630 14169 14265 I MediaSdk: [14265] [signal] signal ping res 135717063
09-09 13:13:55.630 14169 14265 I MediaSdk: [14265] [signal] signal ping res 135717064
09-09 13:13:55.630 14169 14227 I YYSDK   : [localsock]LocalSockHandler::send data len/port 21 20007
09-09 13:13:55.630 14169 14265 I MediaSdk: [14265] [signal] signal ping res 135717064
09-09 13:13:55.630 14169 14265 I MediaSdk: [14265] [signal] signal ping res 135717064
09-09 13:13:55.631 14169 14265 I MediaSdk: [14265] [signal] signal ping res 135717064
09-09 13:13:55.631 14169 14227 I YYSDK   : [localsock]LocalSockHandler::send data len/port 21 20007
09-09 13:13:55.631 14169 14227 I YYSDK   : [localsock]LocalSockHandler::send data len/port 21 20007
09-09 13:13:55.631 14169 14265 I MediaSdk: [14265] [signal] signal ping res 135717065
09-09 13:13:55.631 14169 14265 I MediaSdk: [14265] [signal] signal ping res 135717065
09-09 13:13:55.631 14169 14227 I YYSDK   : [localsock]LocalSockHandler::send data len/port 21 20007
09-09 13:13:55.632 14169 14227 I YYSDK   : [localsock]LocalSockHandler::send data len/port 21 20007
09-09 13:13:55.632 14169 14265 I MediaSdk: [14265] [signal] signal ping res 135717065
09-09 13:13:55.632 14169 14227 I YYSDK   : [localsock]LocalSockHandler::send data len/port 21 20007
09-09 13:13:55.632 14169 14265 I MediaSdk: [14265] [signal] signal ping res 135717065
09-09 13:13:55.633 14169 14265 I MediaSdk: [14265] [signal] signal ping res 135717065
09-09 13:13:56.526 14169 14239 I MediaSdk: [14239] [AudioEngine]TRACE: PlayAudio failed (-2147480874)[4, 18, 1]
09-09 13:13:57.578 15844 15844 I chatty  : uid=1000(system) com.qualcomm.qti.logkit expire 4 lines
09-09 13:13:57.588   823   823 I MSM-irqbalance: Decided to move IRQ5 from CPU2 [P:0] to CPU7 [P:1] (banned)
09-09 13:13:57.589   823   823 I MSM-irqbalance: Decided to move IRQ3 from CPU2 [P:0] to CPU5 [P:1] (banned)
09-09 13:13:57.590   823   823 I MSM-irqbalance: Decided to move IRQ5 from CPU3 [P:0] to CPU4 [P:1] (banned)
09-09 13:13:57.590   823   823 I MSM-irqbalance: Decided to move IRQ5 from CPU0 [P:0] to CPU6 [P:1] (banned)
09-09 13:13:57.591   823   823 I MSM-irqbalance: Decided to move IRQ3 from CPU1 [P:0] to CPU7 [P:1] (banned)
09-09 13:13:57.591   823   823 I MSM-irqbalance: Decided to move IRQ5 from CPU1 [P:0] to CPU5 [P:1] (banned)
09-09 13:13:59.448 14169 14239 I MediaSdk: [14239] [AudioEngine]TRACE: PlayAudio failed (-2147477598)[4, 18, 1]
09-09 13:14:00.488 14169 14227 I YYSDK   : [localsock]LocalSockHandler::send data len/port 21 37360
09-09 13:14:00.538 14169 14226 I YYSDK   : LocalSockHandler::onPing  224257959
09-09 13:14:00.589 14169 14226 I YYSDK   : LocalSockHandler::onUdpData pong sendTime/now/rtt  224257959 224257961 2
09-09 13:14:01.657 14169 14226 I YYSDK   : TrafficStat::on30SecPoller, tx/rx/loginerr 0 32 0
09-09 13:14:02.460 14169 14239 I MediaSdk: [14239] [AudioEngine]TRACE: PlayAudio failed (-2147477906)[4, 18, 1]
09-09 13:14:02.588   823   823 I MSM-irqbalance: Decided to move IRQ5 from CPU3 [P:0] to CPU7 [P:1] (banned)
09-09 13:14:02.589   823   823 I MSM-irqbalance: Decided to move IRQ3 from CPU0 [P:0] to CPU5 [P:1] (banned)
09-09 13:14:02.590   823   823 I MSM-irqbalance: Decided to move IRQ5 from CPU0 [P:0] to CPU4 [P:1] (banned)
09-09 13:14:02.975  3589  3589 W perfd   : type=1400 audit(0.0:5276): avc: denied { kill } for capability=5 scontext=u:r:perfd:s0 tcontext=u:r:perfd:s0 tclass=capability permissive=0
09-09 13:14:02.975  3589  3589 W perfd   : type=1400 audit(0.0:5277): avc: denied { kill } for capability=5 scontext=u:r:perfd:s0 tcontext=u:r:perfd:s0 tclass=capability permissive=0
09-09 13:14:03.060  3830  3830 D QC_RIL_OEM_HOOK: Received Broadcast Intent ACTION_UNSOL_RESPONSE_OEM_HOOK_RAW
09-09 13:14:03.060  3830  3830 D QC_RIL_OEM_HOOK: Oem ID in QCRILHOOK UNSOL RESP is QOEMHOOK
09-09 13:14:03.061  3772  3772 I chatty  : uid=1000(system) com.qualcomm.qti.modemtestmode expire 2 lines
09-09 13:14:03.096  2679  2679 I chatty  : uid=1001(radio) com.android.phone expire 1 line
09-09 13:14:03.108  1604  2127 D ConnectivityService: Setting tx/rx TCP buffers to 2097152,4194304,8388608,262144,524288,1048576
09-09 13:14:03.112 16028 16028 D CellBroadcastReceiver: onReceive Intent { act=android.intent.action.SERVICE_STATE flg=0x10 cmp=com.android.cellbroadcastreceiver/.CellBroadcastReceiver (has extras) }
09-09 13:14:03.112 16028 16028 D CellBroadcastReceiver: Intent ACTION_SERVICE_STATE_CHANGED
09-09 13:14:03.114 16028 16028 D CellBroadcastReceiver: subscriptionId = 1
09-09 13:14:03.118  1604  2127 I chatty  : uid=1000(system) ConnectivitySer expire 2 lines
09-09 13:14:03.119  2651  2796 I chatty  : uid=1000(system) Binder_3 expire 1 line
09-09 13:14:03.121  1604  2127 D ConnectivityService: notifyType IP_CHANGED for NetworkAgentInfo [MOBILE (LTE) - 108]
09-09 13:14:03.125  2679  2909 I chatty  : uid=1001(radio) Binder_4 expire 9 lines
09-09 13:14:03.126  2679  2691 I chatty  : uid=1001(radio) Binder_2 expire 10 lines
09-09 13:14:03.131  2679 21047 I chatty  : uid=1001(radio) Binder_8 expire 11 lines
