09-08 15:57:06.878  2261  2261 W ViewRootImpl: Dropping event due to no window focus: MotionEvent { action=ACTION_MOVE, actionButton=0, id[0]=0, x[0]=1071.1532, y[0]=1870.0, toolType[0]=TOOL_TYPE_FINGER, buttonState=0, metaState=0, flags=0x0, edgeFlags=0x0, pointerCount=1, historySize=2, eventTime=77659345, downTime=77658217, deviceId=6, source=0x1002 }
09-08 15:57:06.895  2261  2261 W ViewRootImpl: Dropping event due to no window focus: MotionEvent { action=ACTION_MOVE, actionButton=0, id[0]=0, x[0]=1073.3303, y[0]=1870.0, toolType[0]=TOOL_TYPE_FINGER, buttonState=0, metaState=0, flags=0x0, edgeFlags=0x0, pointerCount=1, historySize=2, eventTime=77659362, downTime=77658217, deviceId=6, source=0x1002 }
09-08 15:57:06.911  2261  2261 W ViewRootImpl: Dropping event due to no window focus: MotionEvent { action=ACTION_MOVE, actionButton=0, id[0]=0, x[0]=1075.3358, y[0]=1870.0, toolType[0]=TOOL_TYPE_FINGER, buttonState=0, metaState=0, flags=0x0, edgeFlags=0x0, pointerCount=1, historySize=2, eventTime=77659378, downTime=77658217, deviceId=6, source=0x1002 }
09-08 15:57:06.928  2261  2261 W ViewRootImpl: Dropping event due to no window focus: MotionEvent { action=ACTION_MOVE, actionButton=0, id[0]=0, x[0]=1077.0956, y[0]=1870.0, toolType[0]=TOOL_TYPE_FINGER, buttonState=0, metaState=0, flags=0x0, edgeFlags=0x0, pointerCount=1, historySize=2, eventTime=77659395, downTime=77658217, deviceId=6, source=0x1002 }
09-08 15:57:06.946  2261  2261 W ViewRootImpl: Dropping event due to no window focus: MotionEvent { action=ACTION_MOVE, actionButton=0, id[0]=0, x[0]=1078.5, y[0]=1870.0, toolType[0]=TOOL_TYPE_FINGER, buttonState=0, metaState=0, flags=0x0, edgeFlags=0x0, pointerCount=1, historySize=1, eventTime=77659403, downTime=77658217, deviceId=6, source=0x1002 }
09-08 15:57:07.159  2261  2261 W ViewRootImpl: Dropping event due to no window focus: MotionEvent { action=ACTION_MOVE, actionButton=0, id[0]=0, x[0]=1071.2963, y[0]=1871.4259, toolType[0]=TOOL_TYPE_FINGER, buttonState=0, metaState=0, flags=0x0, edgeFlags=0x0, pointerCount=1, historySize=2, eventTime=77659626, downTime=77658217, deviceId=6, source=0x1002 }
09-08 15:57:07.176  2261  2261 W ViewRootImpl: Dropping event due to no window focus: MotionEvent { action=ACTION_MOVE, actionButton=0, id[0]=0, x[0]=1065.2643, y[0]=1872.0, toolType[0]=TOOL_TYPE_FINGER, buttonState=0, metaState=0, flags=0x0, edgeFlags=0x0, pointerCount=1, historySize=2, eventTime=77659643, downTime=77658217, deviceId=6, source=0x1002 }
09-08 15:57:07.192  2261  2261 W ViewRootImpl: Dropping event due to no window focus: MotionEvent { action=ACTION_MOVE, actionButton=0, id[0]=0, x[0]=1061.1675, y[0]=1872.0, toolType[0]=TOOL_TYPE_FINGER, buttonState=0, metaState=0, flags=0x0, edgeFlags=0x0, pointerCount=1, historySize=2, eventTime=77659659, downTime=77658217, deviceId=6, source=0x1002 }
09-08 15:57:07.209  2261  2261 W ViewRootImpl: Dropping event due to no window focus: MotionEvent { action=ACTION_MOVE, actionButton=0, id[0]=0, x[0]=1058.7612, y[0]=1872.0, toolType[0]=TOOL_TYPE_FINGER, buttonState=0, metaState=0, flags=0x0, edgeFlags=0x0, pointerCount=1, historySize=2, eventTime=77659676, downTime=77658217, deviceId=6, source=0x1002 }
09-08 15:57:07.225  2261  2261 W ViewRootImpl: Dropping event due to no window focus: MotionEvent { action=ACTION_MOVE, actionButton=0, id[0]=0, x[0]=1057.0647, y[0]=1872.0, toolType[0]=TOOL_TYPE_FINGER, buttonState=0, metaState=0, flags=0x0, edgeFlags=0x0, pointerCount=1, historySize=2, eventTime=77659693, downTime=77658217, deviceId=6, source=0x1002 }
09-08 15:57:07.242  2261  2261 W ViewRootImpl: Dropping event due to no window focus: MotionEvent { action=ACTION_MOVE, actionButton=0, id[0]=0, x[0]=1060.7842, y[0]=1872.0, toolType[0]=TOOL_TYPE_FINGER, buttonState=0, metaState=0, flags=0x0, edgeFlags=0x0, pointerCount=1, historySize=2, eventTime=77659709, downTime=77658217, deviceId=6, source=0x1002 }
09-08 15:57:07.259  2261  2261 W ViewRootImpl: Dropping event due to no window focus: MotionEvent { action=ACTION_MOVE, actionButton=0, id[0]=0, x[0]=1064.8209, y[0]=1872.0, toolType[0]=TOOL_TYPE_FINGER, buttonState=0, metaState=0, flags=0x0, edgeFlags=0x0, pointerCount=1, historySize=2, eventTime=77659726, downTime=77658217, deviceId=6, source=0x1002 }
09-08 15:57:07.275  2261  2261 W ViewRootImpl: Dropping event due to no window focus: MotionEvent { action=ACTION_MOVE, actionButton=0, id[0]=0, x[0]=1067.3641, y[0]=1872.0, toolType[0]=TOOL_TYPE_FINGER, buttonState=0, metaState=0, flags=0x0, edgeFlags=0x0, pointerCount=1, historySize=2, eventTime=77659742, downTime=77658217, deviceId=6, source=0x1002 }
09-08 15:57:07.291  2261  2261 W ViewRootImpl: Dropping event due to no window focus: MotionEvent { action=ACTION_MOVE, actionButton=0, id[0]=0, x[0]=1069.3958, y[0]=1872.0, toolType[0]=TOOL_TYPE_FINGER, buttonState=0, metaState=0, flags=0x0, edgeFlags=0x0, pointerCount=1, historySize=2, eventTime=77659759, downTime=77658217, deviceId=6, source=0x1002 }
09-08 15:57:07.308  2261  2261 W ViewRootImpl: Dropping event due to no window focus: MotionEvent { action=ACTION_MOVE, actionButton=0, id[0]=0, x[0]=1071.399, y[0]=1872.0, toolType[0]=TOOL_TYPE_FINGER, buttonState=0, metaState=0, flags=0x0, edgeFlags=0x0, pointerCount=1, historySize=2, eventTime=77659775, downTime=77658217, deviceId=6, source=0x1002 }
09-08 15:57:07.325  2261  2261 W ViewRootImpl: Dropping event due to no window focus: MotionEvent { action=ACTION_MOVE, actionButton=0, id[0]=0, x[0]=1073.438, y[0]=1872.0, toolType[0]=TOOL_TYPE_FINGER, buttonState=0, metaState=0, flags=0x0, edgeFlags=0x0, pointerCount=1, historySize=2, eventTime=77659792, downTime=77658217, deviceId=6, source=0x1002 }
09-08 15:57:07.341  2261  2261 W ViewRootImpl: Dropping event due to no window focus: MotionEvent { action=ACTION_MOVE, actionButton=0, id[0]=0, x[0]=1075.411, y[0]=1872.0, toolType[0]=TOOL_TYPE_FINGER, buttonState=0, metaState=0, flags=0x0, edgeFlags=0x0, pointerCount=1, historySize=2, eventTime=77659808, downTime=77658217, deviceId=6, source=0x1002 }
09-08 15:57:07.357  2261  2261 W ViewRootImpl: Dropping event due to no window focus: MotionEvent { action=ACTION_MOVE, actionButton=0, id[0]=0, x[0]=1076.1699, y[0]=1872.0, toolType[0]=TOOL_TYPE_FINGER, buttonState=0, metaState=0, flags=0x0, edgeFlags=0x0, pointerCount=1, historySize=2, eventTime=77659825, downTime=77658217, deviceId=6, source=0x1002 }
09-08 15:57:07.375  2261  2261 W ViewRootImpl: Dropping event due to no window focus: MotionEvent { action=ACTION_MOVE, actionButton=0, id[0]=0, x[0]=1073.8506, y[0]=1872.0, toolType[0]=TOOL_TYPE_FINGER, buttonState=0, metaState=0, flags=0x0, edgeFlags=0x0, pointerCount=1, historySize=2, eventTime=77659841, downTime=77658217, deviceId=6, source=0x1002 }
09-08 15:57:07.390  2261  2261 W ViewRootImpl: Dropping event due to no window focus: MotionEvent { action=ACTION_MOVE, actionButton=0, id[0]=0, x[0]=1075.4001, y[0]=1872.0, toolType[0]=TOOL_TYPE_FINGER, buttonState=0, metaState=0, flags=0x0, edgeFlags=0x0, pointerCount=1, historySize=1, eventTime=77659858, downTime=77658217, deviceId=6, source=0x1002 }
09-08 15:57:07.407  2261  2261 W ViewRootImpl: Dropping event due to no window focus: MotionEvent { action=ACTION_MOVE, actionButton=0, id[0]=0, x[0]=1077.1829, y[0]=1872.0, toolType[0]=TOOL_TYPE_FINGER, buttonState=0, metaState=0, flags=0x0, edgeFlags=0x0, pointerCount=1, historySize=2, eventTime=77659875, downTime=77658217, deviceId=6, source=0x1002 }
09-08 15:57:07.424  2261  2261 W ViewRootImpl: Dropping event due to no window focus: MotionEvent { action=ACTION_MOVE, actionButton=0, id[0]=0, x[0]=1078.5, y[0]=1872.0, toolType[0]=TOOL_TYPE_FINGER, buttonState=0, metaState=0, flags=0x0, edgeFlags=0x0, pointerCount=1, historySize=1, eventTime=77659881, downTime=77658217, deviceId=6, source=0x1002 }
09-08 15:57:07.557  2261  2261 W ViewRootImpl: Dropping event due to no window focus: MotionEvent { action=ACTION_MOVE, actionButton=0, id[0]=0, x[0]=1070.7689, y[0]=1873.0, toolType[0]=TOOL_TYPE_FINGER, buttonState=0, metaState=0, flags=0x0, edgeFlags=0x0, pointerCount=1, historySize=2, eventTime=77660023, downTime=77658217, deviceId=6, source=0x1002 }
09-08 15:57:07.573  2261  2261 W ViewRootImpl: Dropping event due to no window focus: MotionEvent { action=ACTION_MOVE, actionButton=0, id[0]=0, x[0]=1065.711, y[0]=1873.0, toolType[0]=TOOL_TYPE_FINGER, buttonState=0, metaState=0, flags=0x0, edgeFlags=0x0, pointerCount=1, historySize=2, eventTime=77660040, downTime=77658217, deviceId=6, source=0x1002 }
09-08 15:57:07.589  2261  2261 W ViewRootImpl: Dropping event due to no window focus: MotionEvent { action=ACTION_MOVE, actionButton=0, id[0]=0, x[0]=1061.5287, y[0]=1873.0, toolType[0]=TOOL_TYPE_FINGER, buttonState=0, metaState=0, flags=0x0, edgeFlags=0x0, pointerCount=1, historySize=2, eventTime=77660057, downTime=77658217, deviceId=6, source=0x1002 }
09-08 15:57:07.606  2261  2261 W ViewRootImpl: Dropping event due to no window focus: MotionEvent { action=ACTION_MOVE, actionButton=0, id[0]=0, x[0]=1057.2621, y[0]=1873.0, toolType[0]=TOOL_TYPE_FINGER, buttonState=0, metaState=0, flags=0x0, edgeFlags=0x0, pointerCount=1, historySize=2, eventTime=77660073, downTime=77658217, deviceId=6, source=0x1002 }
09-08 15:57:07.623  2261  2261 W ViewRootImpl: Dropping event due to no window focus: MotionEvent { action=ACTION_MOVE, actionButton=0, id[0]=0, x[0]=1055.8821, y[0]=1873.0, toolType[0]=TOOL_TYPE_FINGER, buttonState=0, metaState=0, flags=0x0, edgeFlags=0x0, pointerCount=1, historySize=2, eventTime=77660090, downTime=77658217, deviceId=6, source=0x1002 }
09-08 15:57:07.639  2261  2261 W ViewRootImpl: Dropping event due to no window focus: MotionEvent { action=ACTION_MOVE, actionButton=0, id[0]=0, x[0]=1053.7898, y[0]=1873.0, toolType[0]=TOOL_TYPE_FINGER, buttonState=0, metaState=0, flags=0x0, edgeFlags=0x0, pointerCount=1, historySize=2, eventTime=77660106, downTime=77658217, deviceId=6, source=0x1002 }
09-08 15:57:07.656  2261  2261 W ViewRootImpl: Dropping event due to no window focus: MotionEvent { action=ACTION_MOVE, actionButton=0, id[0]=0, x[0]=1051.6002, y[0]=1873.0, toolType[0]=TOOL_TYPE_FINGER, buttonState=0, metaState=0, flags=0x0, edgeFlags=0x0, pointerCount=1, historySize=2, eventTime=77660123, downTime=77658217, deviceId=6, source=0x1002 }
09-08 15:57:07.672  2261  2261 W ViewRootImpl: Dropping event due to no window focus: MotionEvent { action=ACTION_MOVE, actionButton=0, id[0]=0, x[0]=1049.5948, y[0]=1873.0, toolType[0]=TOOL_TYPE_FINGER, buttonState=0, metaState=0, flags=0x0, edgeFlags=0x0, pointerCount=1, historySize=2, eventTime=77660139, downTime=77658217, deviceId=6, source=0x1002 }
09-08 15:57:07.689  2261  2261 W ViewRootImpl: Dropping event due to no window focus: MotionEvent { action=ACTION_MOVE, actionButton=0, id[0]=0, x[0]=1047.8331, y[0]=1873.0, toolType[0]=TOOL_TYPE_FINGER, buttonState=0, metaState=0, flags=0x0, edgeFlags=0x0, pointerCount=1, historySize=2, eventTime=77660156, downTime=77658217, deviceId=6, source=0x1002 }
09-08 15:57:07.706  2261  2261 W ViewRootImpl: Dropping event due to no window focus: MotionEvent { action=ACTION_MOVE, actionButton=0, id[0]=0, x[0]=1046.8055, y[0]=1873.0, toolType[0]=TOOL_TYPE_FINGER, buttonState=0, metaState=0, flags=0x0, edgeFlags=0x0, pointerCount=1, historySize=1, eventTime=77660172, downTime=77658217, deviceId=6, source=0x1002 }
09-08 15:57:07.771  2261  2261 W ViewRootImpl: Dropping event due to no window focus: MotionEvent { action=ACTION_MOVE, actionButton=0, id[0]=0, x[0]=1046.0, y[0]=1873.0, toolType[0]=TOOL_TYPE_FINGER, buttonState=0, metaState=0, flags=0x0, edgeFlags=0x0, pointerCount=1, historySize=0, eventTime=77660235, downTime=77658217, deviceId=6, source=0x1002 }
09-08 15:57:07.805  2261  2261 W ViewRootImpl: Dropping event due to no window focus: MotionEvent { action=ACTION_MOVE, actionButton=0, id[0]=0, x[0]=1045.0, y[0]=1873.0, toolType[0]=TOOL_TYPE_FINGER, buttonState=0, metaState=0, flags=0x0, edgeFlags=0x0, pointerCount=1, historySize=0, eventTime=77660259, downTime=77658217, deviceId=6, source=0x1002 }
09-08 15:57:07.837  2261  2261 W ViewRootImpl: Dropping event due to no window focus: MotionEvent { action=ACTION_MOVE, actionButton=0, id[0]=0, x[0]=1042.6327, y[0]=1873.0, toolType[0]=TOOL_TYPE_FINGER, buttonState=0, metaState=0, flags=0x0, edgeFlags=0x0, pointerCount=1, historySize=2, eventTime=77660305, downTime=77658217, deviceId=6, source=0x1002 }
09-08 15:57:07.871  2261  2261 W ViewRootImpl: Dropping event due to no window focus: MotionEvent { action=ACTION_MOVE, actionButton=0, id[0]=0, x[0]=1042.0, y[0]=1873.0, toolType[0]=TOOL_TYPE_FINGER, buttonState=0, metaState=0, flags=0x0, edgeFlags=0x0, pointerCount=1, historySize=0, eventTime=77660336, downTime=77658217, deviceId=6, source=0x1002 }
09-08 15:57:08.399  2261  2261 W ViewRootImpl: Dropping event due to no window focus: MotionEvent { action=ACTION_MOVE, actionButton=0, id[0]=0, x[0]=1052.3673, y[0]=1873.0, toolType[0]=TOOL_TYPE_FINGER, buttonState=0, metaState=0, flags=0x0, edgeFlags=0x0, pointerCount=1, historySize=2, eventTime=77660866, downTime=77658217, deviceId=6, source=0x1002 }
09-08 15:57:08.415  2261  2261 W ViewRootImpl: Dropping event due to no window focus: MotionEvent { action=ACTION_MOVE, actionButton=0, id[0]=0, x[0]=1060.1614, y[0]=1873.0, toolType[0]=TOOL_TYPE_FINGER, buttonState=0, metaState=0, flags=0x0, edgeFlags=0x0, pointerCount=1, historySize=2, eventTime=77660882, downTime=77658217, deviceId=6, source=0x1002 }
09-08 15:57:08.431  2261  2261 W ViewRootImpl: Dropping event due to no window focus: MotionEvent { action=ACTION_MOVE, actionButton=0, id[0]=0, x[0]=1064.7618, y[0]=1873.0, toolType[0]=TOOL_TYPE_FINGER, buttonState=0, metaState=0, flags=0x0, edgeFlags=0x0, pointerCount=1, historySize=2, eventTime=77660899, downTime=77658217, deviceId=6, source=0x1002 }
09-08 15:57:08.448  2261  2261 W ViewRootImpl: Dropping event due to no window focus: MotionEvent { action=ACTION_MOVE, actionButton=0, id[0]=0, x[0]=1065.2457, y[0]=1874.0, toolType[0]=TOOL_TYPE_FINGER, buttonState=0, metaState=0, flags=0x0, edgeFlags=0x0, pointerCount=1, historySize=2, eventTime=77660916, downTime=77658217, deviceId=6, source=0x1002 }
09-08 15:57:08.465  2261  2261 W ViewRootImpl: Dropping event due to no window focus: MotionEvent { action=ACTION_MOVE, actionButton=0, id[0]=0, x[0]=1061.3055, y[0]=1874.3472, toolType[0]=TOOL_TYPE_FINGER, buttonState=0, metaState=0, flags=0x0, edgeFlags=0x0, pointerCount=1, historySize=2, eventTime=77660932, downTime=77658217, deviceId=6, source=0x1002 }
09-08 15:57:08.481  2261  2261 W ViewRootImpl: Dropping event due to no window focus: MotionEvent { action=ACTION_MOVE, actionButton=0, id[0]=0, x[0]=1057.3641, y[0]=1875.0, toolType[0]=TOOL_TYPE_FINGER, buttonState=0, metaState=0, flags=0x0, edgeFlags=0x0, pointerCount=1, historySize=2, eventTime=77660949, downTime=77658217, deviceId=6, source=0x1002 }
09-08 15:57:08.498  2261  2261 W ViewRootImpl: Dropping event due to no window focus: MotionEvent { action=ACTION_MOVE, actionButton=0, id[0]=0, x[0]=1054.8859, y[0]=1875.0, toolType[0]=TOOL_TYPE_FINGER, buttonState=0, metaState=0, flags=0x0, edgeFlags=0x0, pointerCount=1, historySize=2, eventTime=77660965, downTime=77658217, deviceId=6, source=0x1002 }
09-08 15:57:08.514  2261  2261 W ViewRootImpl: Dropping event due to no window focus: MotionEvent { action=ACTION_MOVE, actionButton=0, id[0]=0, x[0]=1052.7538, y[0]=1875.0, toolType[0]=TOOL_TYPE_FINGER, buttonState=0, metaState=0, flags=0x0, edgeFlags=0x0, pointerCount=1, historySize=2, eventTime=77660982, downTime=77658217, deviceId=6, source=0x1002 }
09-08 15:57:08.531  2261  2261 W ViewRootImpl: Dropping event due to no window focus: MotionEvent { action=ACTION_MOVE, actionButton=0, id[0]=0, x[0]=1050.6869, y[0]=1875.0, toolType[0]=TOOL_TYPE_FINGER, buttonState=0, metaState=0, flags=0x0, edgeFlags=0x0, pointerCount=1, historySize=2, eventTime=77660998, downTime=77658217, deviceId=6, source=0x1002 }
09-08 15:57:08.548  2261  2261 W ViewRootImpl: Dropping event due to no window focus: MotionEvent { action=ACTION_MOVE, actionButton=0, id[0]=0, x[0]=1049.07, y[0]=1875.0, toolType[0]=TOOL_TYPE_FINGER, buttonState=0, metaState=0, flags=0x0, edgeFlags=0x0, pointerCount=1, historySize=1, eventTime=77661015, downTime=77658217, deviceId=6, source=0x1002 }
09-08 15:57:08.565  2261  2261 W ViewRootImpl: Dropping event due to no window focus: MotionEvent { action=ACTION_MOVE, actionButton=0, id[0]=0, x[0]=1046.7549, y[0]=1875.0, toolType[0]=TOOL_TYPE_FINGER, buttonState=0, metaState=0, flags=0x0, edgeFlags=0x0, pointerCount=1, historySize=3, eventTime=77661031, downTime=77658217, deviceId=6, source=0x1002 }
09-08 15:57:08.597  2261  2261 W ViewRootImpl: Dropping event due to no window focus: MotionEvent { action=ACTION_MOVE, actionButton=0, id[0]=0, x[0]=1050.0, y[0]=1875.0, toolType[0]=TOOL_TYPE_FINGER, buttonState=0, metaState=0, flags=0x0, edgeFlags=0x0, pointerCount=1, historySize=0, eventTime=77661064, downTime=77658217, deviceId=6, source=0x1002 }
09-08 15:57:08.614  2261  2261 W ViewRootImpl: Dropping event due to no window focus: MotionEvent { action=ACTION_MOVE, actionButton=0, id[0]=0, x[0]=1057.5841, y[0]=1875.0, toolType[0]=TOOL_TYPE_FINGER, buttonState=0, metaState=0, flags=0x0, edgeFlags=0x0, pointerCount=1, historySize=2, eventTime=77661081, downTime=77658217, deviceId=6, source=0x1002 }
09-08 15:57:08.630  2261  2261 W ViewRootImpl: Dropping event due to no window focus: MotionEvent { action=ACTION_MOVE, actionButton=0, id[0]=0, x[0]=1063.9303, y[0]=1875.0, toolType[0]=TOOL_TYPE_FINGER, buttonState=0, metaState=0, flags=0x0, edgeFlags=0x0, pointerCount=1, historySize=2, eventTime=77661097, downTime=77658217, deviceId=6, source=0x1002 }
09-08 15:57:08.647  2261  2261 W ViewRootImpl: Dropping event due to no window focus: MotionEvent { action=ACTION_MOVE, actionButton=0, id[0]=0, x[0]=1067.2664, y[0]=1875.0, toolType[0]=TOOL_TYPE_FINGER, buttonState=0, metaState=0, flags=0x0, edgeFlags=0x0, pointerCount=1, historySize=2, eventTime=77661114, downTime=77658217, deviceId=6, source=0x1002 }
09-08 15:57:08.663  2261  2261 W ViewRootImpl: Dropping event due to no window focus: MotionEvent { action=ACTION_MOVE, actionButton=0, id[0]=0, x[0]=1069.0115, y[0]=1875.0, toolType[0]=TOOL_TYPE_FINGER, buttonState=0, metaState=0, flags=0x0, edgeFlags=0x0, pointerCount=1, historySize=2, eventTime=77661130, downTime=77658217, deviceId=6, source=0x1002 }
09-08 15:57:08.680  2261  2261 W ViewRootImpl: Dropping event due to no window focus: MotionEvent { action=ACTION_MOVE, actionButton=0, id[0]=0, x[0]=1071.2191, y[0]=1875.0, toolType[0]=TOOL_TYPE_FINGER, buttonState=0, metaState=0, flags=0x0, edgeFlags=0x0, pointerCount=1, historySize=2, eventTime=77661147, downTime=77658217, deviceId=6, source=0x1002 }
09-08 15:57:08.697  2261  2261 W ViewRootImpl: Dropping event due to no window focus: MotionEvent { action=ACTION_MOVE, actionButton=0, id[0]=0, x[0]=1073.0905, y[0]=1875.0, toolType[0]=TOOL_TYPE_FINGER, buttonState=0, metaState=0, flags=0x0, edgeFlags=0x0, pointerCount=1, historySize=2, eventTime=77661164, downTime=77658217, deviceId=6, source=0x1002 }
09-08 15:57:08.713  2261  2261 W ViewRootImpl: Dropping event due to no window focus: MotionEvent { action=ACTION_MOVE, actionButton=0, id[0]=0, x[0]=1075.028, y[0]=1875.0, toolType[0]=TOOL_TYPE_FINGER, buttonState=0, metaState=0, flags=0x0, edgeFlags=0x0, pointerCount=1, historySize=2, eventTime=77661180, downTime=77658217, deviceId=6, source=0x1002 }
09-08 15:57:08.729  2261  2261 W ViewRootImpl: Dropping event due to no window focus: MotionEvent { action=ACTION_MOVE, actionButton=0, id[0]=0, x[0]=1077.2305, y[0]=1875.0, toolType[0]=TOOL_TYPE_FINGER, buttonState=0, metaState=0, flags=0x0, edgeFlags=0x0, pointerCount=1, historySize=2, eventTime=77661197, downTime=77658217, deviceId=6, source=0x1002 }
09-08 15:57:08.748  2261  2261 W ViewRootImpl: Dropping event due to no window focus: MotionEvent { action=ACTION_MOVE, actionButton=0, id[0]=0, x[0]=1078.5, y[0]=1875.0, toolType[0]=TOOL_TYPE_FINGER, buttonState=0, metaState=0, flags=0x0, edgeFlags=0x0, pointerCount=1, historySize=1, eventTime=77661205, downTime=77658217, deviceId=6, source=0x1002 }
09-08 15:57:09.473  2261  2261 W ViewRootImpl: Dropping event due to no window focus: MotionEvent { action=ACTION_MOVE, actionButton=0, id[0]=0, x[0]=1075.0, y[0]=1876.0, toolType[0]=TOOL_TYPE_FINGER, buttonState=0, metaState=0, flags=0x0, edgeFlags=0x0, pointerCount=1, historySize=0, eventTime=77661939, downTime=77658217, deviceId=6, source=0x1002 }
09-08 15:57:09.490  2261  2261 W ViewRootImpl: Dropping event due to no window focus: MotionEvent { action=ACTION_MOVE, actionButton=0, id[0]=0, x[0]=1067.8567, y[0]=1877.0, toolType[0]=TOOL_TYPE_FINGER, buttonState=0, metaState=0, flags=0x0, edgeFlags=0x0, pointerCount=1, historySize=2, eventTime=77661957, downTime=77658217, deviceId=6, source=0x1002 }
09-08 15:57:09.506  2261  2261 W ViewRootImpl: Dropping event due to no window focus: MotionEvent { action=ACTION_MOVE, actionButton=0, id[0]=0, x[0]=1063.1812, y[0]=1877.0, toolType[0]=TOOL_TYPE_FINGER, buttonState=0, metaState=0, flags=0x0, edgeFlags=0x0, pointerCount=1, historySize=2, eventTime=77661974, downTime=77658217, deviceId=6, source=0x1002 }
09-08 15:57:09.523  2261  2261 W ViewRootImpl: Dropping event due to no window focus: MotionEvent { action=ACTION_MOVE, actionButton=0, id[0]=0, x[0]=1059.5925, y[0]=1877.0, toolType[0]=TOOL_TYPE_FINGER, buttonState=0, metaState=0, flags=0x0, edgeFlags=0x0, pointerCount=1, historySize=2, eventTime=77661990, downTime=77658217, deviceId=6, source=0x1002 }
09-08 15:57:09.539  2261  2261 W ViewRootImpl: Dropping event due to no window focus: MotionEvent { action=ACTION_MOVE, actionButton=0, id[0]=0, x[0]=1057.6107, y[0]=1877.0, toolType[0]=TOOL_TYPE_FINGER, buttonState=0, metaState=0, flags=0x0, edgeFlags=0x0, pointerCount=1, historySize=2, eventTime=77662007, downTime=77658217, deviceId=6, source=0x1002 }
09-08 15:57:09.556  2261  2261 W ViewRootImpl: Dropping event due to no window focus: MotionEvent { action=ACTION_MOVE, actionButton=0, id[0]=0, x[0]=1055.6003, y[0]=1877.0, toolType[0]=TOOL_TYPE_FINGER, buttonState=0, metaState=0, flags=0x0, edgeFlags=0x0, pointerCount=1, historySize=2, eventTime=77662023, downTime=77658217, deviceId=6, source=0x1002 }
09-08 15:57:09.572  2261  2261 W ViewRootImpl: Dropping event due to no window focus: MotionEvent { action=ACTION_MOVE, actionButton=0, id[0]=0, x[0]=1053.6102, y[0]=1877.0, toolType[0]=TOOL_TYPE_FINGER, buttonState=0, metaState=0, flags=0x0, edgeFlags=0x0, pointerCount=1, historySize=2, eventTime=77662040, downTime=77658217, deviceId=6, source=0x1002 }
09-08 15:57:09.589  2261  2261 W ViewRootImpl: Dropping event due to no window focus: MotionEvent { action=ACTION_MOVE, actionButton=0, id[0]=0, x[0]=1051.6188, y[0]=1877.0, toolType[0]=TOOL_TYPE_FINGER, buttonState=0, metaState=0, flags=0x0, edgeFlags=0x0, pointerCount=1, historySize=2, eventTime=77662056, downTime=77658217, deviceId=6, source=0x1002 }
09-08 15:57:09.605  2261  2261 W ViewRootImpl: Dropping event due to no window focus: MotionEvent { action=ACTION_MOVE, actionButton=0, id[0]=0, x[0]=1049.8645, y[0]=1877.0, toolType[0]=TOOL_TYPE_FINGER, buttonState=0, metaState=0, flags=0x0, edgeFlags=0x0, pointerCount=1, historySize=2, eventTime=77662073, downTime=77658217, deviceId=6, source=0x1002 }
09-08 15:57:09.623  2261  2261 W ViewRootImpl: Dropping event due to no window focus: MotionEvent { action=ACTION_MOVE, actionButton=0, id[0]=0, x[0]=1048.9731, y[0]=1877.0, toolType[0]=TOOL_TYPE_FINGER, buttonState=0, metaState=0, flags=0x0, edgeFlags=0x0, pointerCount=1, historySize=1, eventTime=77662089, downTime=77658217, deviceId=6, source=0x1002 }
09-08 15:57:09.688  2261  2261 W ViewRootImpl: Dropping event due to no window focus: MotionEvent { action=ACTION_MOVE, actionButton=0, id[0]=0, x[0]=1055.9742, y[0]=1875.6753, toolType[0]=TOOL_TYPE_FINGER, buttonState=0, metaState=0, flags=0x0, edgeFlags=0x0, pointerCount=1, historySize=2, eventTime=77662156, downTime=77658217, deviceId=6, source=0x1002 }
09-08 15:57:09.705  2261  2261 W ViewRootImpl: Dropping event due to no window focus: MotionEvent { action=ACTION_MOVE, actionButton=0, id[0]=0, x[0]=1061.1182, y[0]=1874.0, toolType[0]=TOOL_TYPE_FINGER, buttonState=0, metaState=0, flags=0x0, edgeFlags=0x0, pointerCount=1, historySize=2, eventTime=77662172, downTime=77658217, deviceId=6, source=0x1002 }
09-08 15:57:09.721  2261  2261 W ViewRootImpl: Dropping event due to no window focus: MotionEvent { action=ACTION_MOVE, actionButton=0, id[0]=0, x[0]=1065.0964, y[0]=1872.9518, toolType[0]=TOOL_TYPE_FINGER, buttonState=0, metaState=0, flags=0x0, edgeFlags=0x0, pointerCount=1, historySize=2, eventTime=77662189, downTime=77658217, deviceId=6, source=0x1002 }
09-08 15:57:09.738  2261  2261 W ViewRootImpl: Dropping event due to no window focus: MotionEvent { action=ACTION_MOVE, actionButton=0, id[0]=0, x[0]=1068.3269, y[0]=1872.0, toolType[0]=TOOL_TYPE_FINGER, buttonState=0, metaState=0, flags=0x0, edgeFlags=0x0, pointerCount=1, historySize=2, eventTime=77662205, downTime=77658217, deviceId=6, source=0x1002 }
09-08 15:57:09.754  2261  2261 W ViewRootImpl: Dropping event due to no window focus: MotionEvent { action=ACTION_MOVE, actionButton=0, id[0]=0, x[0]=1070.2797, y[0]=1870.7203, toolType[0]=TOOL_TYPE_FINGER, buttonState=0, metaState=0, flags=0x0, edgeFlags=0x0, pointerCount=1, historySize=2, eventTime=77662222, downTime=77658217, deviceId=6, source=0x1002 }
09-08 15:57:09.771  2261  2261 W ViewRootImpl: Dropping event due to no window focus: MotionEvent { action=ACTION_MOVE, actionButton=0, id[0]=0, x[0]=1072.0249, y[0]=1871.0, toolType[0]=TOOL_TYPE_FINGER, buttonState=0, metaState=0, flags=0x0, edgeFlags=0x0, pointerCount=1, historySize=2, eventTime=77662238, downTime=77658217, deviceId=6, source=0x1002 }
09-08 15:57:09.787  2261  2261 W ViewRootImpl: Dropping event due to no window focus: MotionEvent { action=ACTION_MOVE, actionButton=0, id[0]=0, x[0]=1074.3131, y[0]=1870.0, toolType[0]=TOOL_TYPE_FINGER, buttonState=0, metaState=0, flags=0x0, edgeFlags=0x0, pointerCount=1, historySize=2, eventTime=77662255, downTime=77658217, deviceId=6, source=0x1002 }
09-08 15:57:09.804  2261  2261 W ViewRootImpl: Dropping event due to no window focus: MotionEvent { action=ACTION_MOVE, actionButton=0, id[0]=0, x[0]=1075.9824, y[0]=1870.0, toolType[0]=TOOL_TYPE_FINGER, buttonState=0, metaState=0, flags=0x0, edgeFlags=0x0, pointerCount=1, historySize=1, eventTime=77662271, downTime=77658217, deviceId=6, source=0x1002 }
09-08 15:57:09.821  2261  2261 W ViewRootImpl: Dropping event due to no window focus: MotionEvent { action=ACTION_MOVE, actionButton=0, id[0]=0, x[0]=1078.3345, y[0]=1870.0, toolType[0]=TOOL_TYPE_FINGER, buttonState=0, metaState=0, flags=0x0, edgeFlags=0x0, pointerCount=1, historySize=3, eventTime=77662288, downTime=77658217, deviceId=6, source=0x1002 }
09-08 15:57:09.870  2261  2261 W ViewRootImpl: Dropping event due to no window focus: MotionEvent { action=ACTION_MOVE, actionButton=0, id[0]=0, x[0]=1074.7941, y[0]=1871.402, toolType[0]=TOOL_TYPE_FINGER, buttonState=0, metaState=0, flags=0x0, edgeFlags=0x0, pointerCount=1, historySize=1, eventTime=77662337, downTime=77658217, deviceId=6, source=0x1002 }
09-08 15:57:09.887  2261  2261 W ViewRootImpl: Dropping event due to no window focus: MotionEvent { action=ACTION_MOVE, actionButton=0, id[0]=0, x[0]=1068.8044, y[0]=1872.3986, toolType[0]=TOOL_TYPE_FINGER, buttonState=0, metaState=0, flags=0x0, edgeFlags=0x0, pointerCount=1, historySize=2, eventTime=77662354, downTime=77658217, deviceId=6, source=0x1002 }
09-08 15:57:09.903  2261  2261 W ViewRootImpl: Dropping event due to no window focus: MotionEvent { action=ACTION_MOVE, actionButton=0, id[0]=0, x[0]=1063.0011, y[0]=1873.0, toolType[0]=TOOL_TYPE_FINGER, buttonState=0, metaState=0, flags=0x0, edgeFlags=0x0, pointerCount=1, historySize=2, eventTime=77662370, downTime=77658217, deviceId=6, source=0x1002 }
09-08 15:57:09.919  2261  2261 W ViewRootImpl: Dropping event due to no window focus: MotionEvent { action=ACTION_MOVE, actionButton=0, id[0]=0, x[0]=1058.2822, y[0]=1873.0, toolType[0]=TOOL_TYPE_FINGER, buttonState=0, metaState=0, flags=0x0, edgeFlags=0x0, pointerCount=1, historySize=2, eventTime=77662387, downTime=77658217, deviceId=6, source=0x1002 }
09-08 15:57:09.937  2261  2261 W ViewRootImpl: Dropping event due to no window focus: MotionEvent { action=ACTION_MOVE, actionButton=0, id[0]=0, x[0]=1055.6403, y[0]=1873.0, toolType[0]=TOOL_TYPE_FINGER, buttonState=0, metaState=0, flags=0x0, edgeFlags=0x0, pointerCount=1, historySize=2, eventTime=77662404, downTime=77658217, deviceId=6, source=0x1002 }
09-08 15:57:09.953  2261  2261 W ViewRootImpl: Dropping event due to no window focus: MotionEvent { action=ACTION_MOVE, actionButton=0, id[0]=0, x[0]=1053.8165, y[0]=1873.0, toolType[0]=TOOL_TYPE_FINGER, buttonState=0, metaState=0, flags=0x0, edgeFlags=0x0, pointerCount=1, historySize=2, eventTime=77662420, downTime=77658217, deviceId=6, source=0x1002 }
09-08 15:57:09.969  2261  2261 W ViewRootImpl: Dropping event due to no window focus: MotionEvent { action=ACTION_MOVE, actionButton=0, id[0]=0, x[0]=1051.9099, y[0]=1873.0, toolType[0]=TOOL_TYPE_FINGER, buttonState=0, metaState=0, flags=0x0, edgeFlags=0x0, pointerCount=1, historySize=2, eventTime=77662437, downTime=77658217, deviceId=6, source=0x1002 }
09-08 15:57:09.986  2261  2261 W ViewRootImpl: Dropping event due to no window focus: MotionEvent { action=ACTION_MOVE, actionButton=0, id[0]=0, x[0]=1049.6487, y[0]=1873.0, toolType[0]=TOOL_TYPE_FINGER, buttonState=0, metaState=0, flags=0x0, edgeFlags=0x0, pointerCount=1, historySize=2, eventTime=77662453, downTime=77658217, deviceId=6, source=0x1002 }
09-08 15:57:10.002  2261  2261 W ViewRootImpl: Dropping event due to no window focus: MotionEvent { action=ACTION_MOVE, actionButton=0, id[0]=0, x[0]=1047.6215, y[0]=1873.0, toolType[0]=TOOL_TYPE_FINGER, buttonState=0, metaState=0, flags=0x0, edgeFlags=0x0, pointerCount=1, historySize=2, eventTime=77662470, downTime=77658217, deviceId=6, source=0x1002 }
09-08 15:57:10.019  2261  2261 W ViewRootImpl: Dropping event due to no window focus: MotionEvent { action=ACTION_MOVE, actionButton=0, id[0]=0, x[0]=1046.0, y[0]=1873.3226, toolType[0]=TOOL_TYPE_FINGER, buttonState=0, metaState=0, flags=0x0, edgeFlags=0x0, pointerCount=1, historySize=2, eventTime=77662486, downTime=77658217, deviceId=6, source=0x1002 }
09-08 15:57:10.036  2261  2261 W ViewRootImpl: Dropping event due to no window focus: MotionEvent { action=ACTION_MOVE, actionButton=0, id[0]=0, x[0]=1046.0, y[0]=1874.5, toolType[0]=TOOL_TYPE_FINGER, buttonState=0, metaState=0, flags=0x0, edgeFlags=0x0, pointerCount=1, historySize=1, eventTime=77662495, downTime=77658217, deviceId=6, source=0x1002 }
09-08 15:57:10.052  2261  2261 W ViewRootImpl: Dropping event due to no window focus: MotionEvent { action=ACTION_MOVE, actionButton=0, id[0]=0, x[0]=1043.6858, y[0]=1874.0, toolType[0]=TOOL_TYPE_FINGER, buttonState=0, metaState=0, flags=0x0, edgeFlags=0x0, pointerCount=1, historySize=2, eventTime=77662519, downTime=77658217, deviceId=6, source=0x1002 }
09-08 15:57:10.069  2261  2261 W ViewRootImpl: Dropping event due to no window focus: MotionEvent { action=ACTION_MOVE, actionButton=0, id[0]=0, x[0]=1041.7922, y[0]=1874.0, toolType[0]=TOOL_TYPE_FINGER, buttonState=0, metaState=0, flags=0x0, edgeFlags=0x0, pointerCount=1, historySize=2, eventTime=77662536, downTime=77658217, deviceId=6, source=0x1002 }
09-08 15:57:10.085  2261  2261 W ViewRootImpl: Dropping event due to no window focus: MotionEvent { action=ACTION_MOVE, actionButton=0, id[0]=0, x[0]=1039.8558, y[0]=1874.0, toolType[0]=TOOL_TYPE_FINGER, buttonState=0, metaState=0, flags=0x0, edgeFlags=0x0, pointerCount=1, historySize=2, eventTime=77662552, downTime=77658217, deviceId=6, source=0x1002 }
09-08 15:57:10.102  2261  2261 W ViewRootImpl: Dropping event due to no window focus: MotionEvent { action=ACTION_MOVE, actionButton=0, id[0]=0, x[0]=1037.7178, y[0]=1874.0, toolType[0]=TOOL_TYPE_FINGER, buttonState=0, metaState=0, flags=0x0, edgeFlags=0x0, pointerCount=1, historySize=2, eventTime=77662569, downTime=77658217, deviceId=6, source=0x1002 }
09-08 15:57:10.631  2261  2261 W ViewRootImpl: Dropping event due to no window focus: MotionEvent { action=ACTION_MOVE, actionButton=0, id[0]=0, x[0]=1051.9347, y[0]=1872.613, toolType[0]=TOOL_TYPE_FINGER, buttonState=0, metaState=0, flags=0x0, edgeFlags=0x0, pointerCount=1, historySize=2, eventTime=77663098, downTime=77658217, deviceId=6, source=0x1002 }
09-08 15:57:10.661  2261  2261 W ViewRootImpl: Dropping event due to no window focus: MotionEvent { action=ACTION_MOVE, actionButton=0, id[0]=0, x[0]=1060.0582, y[0]=1870.6472, toolType[0]=TOOL_TYPE_FINGER, buttonState=0, metaState=0, flags=0x0, edgeFlags=0x0, pointerCount=1, historySize=3, eventTime=77663114, downTime=77658217, deviceId=6, source=0x1002 }
09-08 15:57:11.233  1604  2127 I chatty  : uid=1000(system) ConnectivitySer expire 212 lines
09-08 15:57:19.537  2261  2261 W ViewRootImpl: Cancelling event due to no window focus: MotionEvent { action=ACTION_CANCEL, actionButton=0, id[0]=0, x[0]=11.0, y[0]=559.0, toolType[0]=TOOL_TYPE_FINGER, buttonState=0, metaState=0, flags=0x0, edgeFlags=0x0, pointerCount=1, historySize=0, eventTime=77672008, downTime=77669829, deviceId=6, source=0x1002 }
09-08 15:57:19.537  2261  2261 W ViewRootImpl: Cancelling event due to no window focus: MotionEvent { action=ACTION_CANCEL, actionButton=0, id[0]=0, x[0]=11.0, y[0]=559.0, toolType[0]=TOOL_TYPE_FINGER, buttonState=0, metaState=0, flags=0x0, edgeFlags=0x0, pointerCount=1, historySize=0, eventTime=77672008, downTime=77669829, deviceId=6, source=0x1002 }
09-08 15:57:19.538  2261  2261 W ViewRootImpl: Cancelling event due to no window focus: MotionEvent { action=ACTION_CANCEL, actionButton=0, id[0]=0, x[0]=11.0, y[0]=559.0, toolType[0]=TOOL_TYPE_FINGER, buttonState=0, metaState=0, flags=0x0, edgeFlags=0x0, pointerCount=1, historySize=0, eventTime=77672008, downTime=77669829, deviceId=6, source=0x1002 }
09-08 15:57:19.538  2261  2261 W ViewRootImpl: Cancelling event due to no window focus: MotionEvent { action=ACTION_CANCEL, actionButton=0, id[0]=0, x[0]=11.0, y[0]=559.0, toolType[0]=TOOL_TYPE_FINGER, buttonState=0, metaState=0, flags=0x0, edgeFlags=0x0, pointerCount=1, historySize=0, eventTime=77672008, downTime=77669829, deviceId=6, source=0x1002 }
09-08 15:57:23.454  1604  2100 I chatty  : uid=1000(system) InputReader expire 1 line
09-08 15:57:23.990  1604  1667 I chatty  : uid=1000(system) android.display expire 1 line
09-08 15:57:24.219  1604  1669 I chatty  : uid=1000(system) PowerManagerSer expire 2 lines
09-08 15:57:24.220  1604  1664 I chatty  : uid=1000(system) android.fg expire 1 line
09-08 16:37:04.764  1604  2127 I chatty  : uid=1000(system) ConnectivitySer expire 253 lines
09-08 16:53:58.661  1604  1662 I chatty  : uid=1000(system) ActivityManager expire 3 lines
09-08 17:17:04.914  1604  2127 I chatty  : uid=1000(system) ConnectivitySer expire 253 lines
09-08 17:56:54.200  1604  1664 I chatty  : uid=1000(system) android.fg expire 26 lines
09-08 17:59:01.701  1604  2127 I chatty  : uid=1000(system) ConnectivitySer expire 156 lines
09-08 17:59:53.376  1604  1662 I chatty  : uid=1000(system) ActivityManager expire 2 lines
09-08 18:12:47.780  1604  1669 I chatty  : uid=1000(system) PowerManagerSer expire 26 lines
09-08 18:12:47.792  1604  1604 I chatty  : uid=1000 system_server expire 3 lines
09-08 18:12:47.827  1604  1667 I chatty  : uid=1000(system) android.display expire 8 lines
09-08 18:12:47.890  1604  2657 I chatty  : uid=1000(system) Binder_B expire 4 lines
09-08 18:12:56.434  1604  2693 I chatty  : uid=1000(system) Binder_D expire 4 lines
09-08 18:13:18.931  1604  1661 I chatty  : uid=1000(system) android.bg expire 1 line
09-08 18:14:47.122  1604  2100 I chatty  : uid=1000(system) InputReader expire 2 lines
09-08 18:14:47.198  1604 19363 I chatty  : uid=1000(system) Binder_10 expire 3 lines
09-08 18:14:55.710  1604  1646 I chatty  : uid=1000(system) Binder_2 expire 2 lines
09-08 18:15:03.804  1604  2099 I chatty  : uid=1000(system) InputDispatcher expire 2 lines
09-08 18:15:03.824  1604  2444 I chatty  : uid=1000(system) Binder_8 expire 1 line
09-08 18:15:03.845  1604  2228 I chatty  : uid=1000(system) Binder_7 expire 2 lines
09-08 18:16:58.874  1604  2712 I chatty  : uid=1000(system) Binder_E expire 3 lines
09-08 18:18:21.952  1604  2631 I chatty  : uid=1000(system) Binder_9 expire 1 line
09-08 18:18:23.019  1604  1645 I chatty  : uid=1000(system) Binder_1 expire 3 lines
09-08 18:18:23.023  1604  2656 I chatty  : uid=1000(system) Binder_A expire 3 lines
09-08 18:18:24.630  1604  2200 I chatty  : uid=1000(system) Binder_4 expire 1 line
09-08 18:18:25.479  1604  2226 I chatty  : uid=1000(system) Binder_5 expire 2 lines
09-08 18:18:39.325  1604  2164 I chatty  : uid=1000(system) Binder_3 expire 2 lines
09-08 18:21:32.630  1604  2127 I chatty  : uid=1000(system) ConnectivitySer expire 187 lines
09-08 19:03:32.321  1604  1662 I chatty  : uid=1000(system) ActivityManager expire 12 lines
09-08 19:10:59.628  1604  1664 I chatty  : uid=1000(system) android.fg expire 5 lines
09-08 21:26:14.076  1604  2100 I chatty  : uid=1000(system) InputReader expire 2 lines
09-08 21:26:14.108  1604  1669 I chatty  : uid=1000(system) PowerManagerSer expire 9 lines
09-08 21:26:14.111  1604  1667 I chatty  : uid=1000(system) android.display expire 6 lines
09-08 21:26:14.179  1604  2200 I chatty  : uid=1000(system) Binder_4 expire 1 line
09-08 21:26:25.330  1604  2712 I chatty  : uid=1000(system) Binder_E expire 1 line
09-08 21:26:29.794  1604  2631 I chatty  : uid=1000(system) Binder_9 expire 3 lines
09-08 21:26:30.351  1604  2227 I chatty  : uid=1000(system) Binder_6 expire 2 lines
09-08 21:26:30.385  1604  1646 I chatty  : uid=1000(system) Binder_2 expire 3 lines
09-08 21:26:30.979  1604  2125 I chatty  : uid=1000(system) WifiStateMachin expire 1 line
09-08 21:26:31.548  1604  2656 I chatty  : uid=1000(system) Binder_A expire 1 line
09-08 21:26:31.635  1604  2228 I chatty  : uid=1000(system) Binder_7 expire 5 lines
09-08 21:26:31.681  1604  2226 I chatty  : uid=1000(system) Binder_5 expire 5 lines
09-08 21:26:31.691  1604  2657 I chatty  : uid=1000(system) Binder_B expire 4 lines
09-08 21:26:55.684 15635 15635 I chatty  : uid=1000(system) com.android.settings expire 2 lines
09-08 21:27:01.693  1604  1645 I chatty  : uid=1000(system) Binder_1 expire 1 line
09-08 21:27:23.961  1604  2692 I chatty  : uid=1000(system) Binder_C expire 2 lines
09-08 21:33:50.795  1604  1661 I chatty  : uid=1000(system) android.bg expire 8 lines
09-08 22:01:48.945  1604  2127 I chatty  : uid=1000(system) ConnectivitySer expire 125 lines
09-08 22:14:00.022  1604  1662 I chatty  : uid=1000(system) ActivityManager expire 12 lines
09-08 23:32:48.860  1604  1604 I chatty  : uid=1000 system_server expire 5 lines
09-08 23:54:10.974  1604  2164 I chatty  : uid=1000(system) Binder_3 expire 1 line
09-08 23:54:11.174  1604  1667 I chatty  : uid=1000(system) android.display expire 20 lines
09-08 23:54:17.019  1604  2099 I chatty  : uid=1000(system) InputDispatcher expire 5 lines
09-08 23:54:30.616  1604  2100 I chatty  : uid=1000(system) InputReader expire 9 lines
09-08 23:54:31.341  1604  1669 I chatty  : uid=1000(system) PowerManagerSer expire 29 lines
09-08 23:54:31.341  1604  1664 I chatty  : uid=1000(system) android.fg expire 11 lines
09-09 00:00:00.046  1604  2444 I chatty  : uid=1000(system) Binder_8 expire 2 lines
09-09 00:00:00.111  1604  2200 I chatty  : uid=1000(system) Binder_4 expire 2 lines
09-09 00:00:00.135  1604  2657 I chatty  : uid=1000(system) Binder_B expire 2 lines
09-09 00:00:00.154  1604  2693 I chatty  : uid=1000(system) Binder_D expire 2 lines
09-09 00:00:00.164  1604  2712 I chatty  : uid=1000(system) Binder_E expire 1 line
09-09 00:33:31.153  1604  2631 I chatty  : uid=1000(system) Binder_9 expire 3 lines
09-09 00:33:31.247  1604  2692 I chatty  : uid=1000(system) Binder_C expire 3 lines
09-09 00:36:42.789  1604  2656 I chatty  : uid=1000(system) Binder_A expire 1 line
09-09 00:36:55.926  1604  2227 I chatty  : uid=1000(system) Binder_6 expire 2 lines
09-09 00:37:05.989  1604  2226 I chatty  : uid=1000(system) Binder_5 expire 1 line
09-09 00:37:08.447  1604 19363 I chatty  : uid=1000(system) Binder_10 expire 2 lines
09-09 00:40:46.683  1604  2228 I chatty  : uid=1000(system) Binder_7 expire 2 lines
09-09 00:40:47.264  1604  1646 I chatty  : uid=1000(system) Binder_2 expire 6 lines
09-09 02:23:32.442  1604  2715 I chatty  : uid=1000(system) Binder_F expire 1 line
09-09 02:23:37.150  1604  1645 I chatty  : uid=1000(system) Binder_1 expire 1 line
09-09 02:23:40.337  1604  2141 I chatty  : uid=1000(system) backup expire 1 line
09-09 03:03:51.840  1604  1661 I chatty  : uid=1000(system) android.bg expire 8 lines
09-09 03:06:46.901  1604  2100 I chatty  : uid=1000(system) InputReader expire 9 lines
09-09 03:06:46.937  1604  1669 I chatty  : uid=1000(system) PowerManagerSer expire 23 lines
09-09 03:06:46.941  1604  1667 I chatty  : uid=1000(system) android.display expire 10 lines
09-09 03:06:47.011  1604  2226 I chatty  : uid=1000(system) Binder_5 expire 4 lines
09-09 03:06:47.012  1604  1664 I chatty  : uid=1000(system) android.fg expire 8 lines
09-09 03:06:49.989  1604  2127 I chatty  : uid=1000(system) ConnectivitySer expire 146 lines
09-09 03:06:58.121  1604  2656 I chatty  : uid=1000(system) Binder_A expire 4 lines
09-09 03:07:08.595  1604  1604 I chatty  : uid=1000 system_server expire 5 lines
09-09 03:16:53.092  1604  1662 I chatty  : uid=1000(system) ActivityManager expire 18 lines
09-09 09:22:09.301  1604  2200 I chatty  : uid=1000(system) Binder_4 expire 2 lines
09-09 09:22:09.459  1604  2712 I chatty  : uid=1000(system) Binder_E expire 1 line
09-09 09:22:09.472  1604  2631 I chatty  : uid=1000(system) Binder_9 expire 4 lines
09-09 09:22:09.602  1604  2228 I chatty  : uid=1000(system) Binder_7 expire 2 lines
09-09 09:22:09.705  1604  2164 I chatty  : uid=1000(system) Binder_3 expire 2 lines
09-09 09:22:09.740  1604  2657 I chatty  : uid=1000(system) Binder_B expire 2 lines
09-09 09:22:09.797  1604  1646 I chatty  : uid=1000(system) Binder_2 expire 1 line
09-09 09:22:09.811  1604  1645 I chatty  : uid=1000(system) Binder_1 expire 1 line
09-09 09:22:10.530  1604  2444 I chatty  : uid=1000(system) Binder_8 expire 2 lines
09-09 09:57:32.322  1604  2693 I chatty  : uid=1000(system) Binder_D expire 1 line
09-09 09:57:47.676  1604  2099 I chatty  : uid=1000(system) InputDispatcher expire 1 line
09-09 09:57:47.709  1604 19363 I chatty  : uid=1000(system) Binder_10 expire 1 line
09-09 10:01:43.040  1604  2127 I chatty  : uid=1000(system) ConnectivitySer expire 251 lines
09-09 10:02:56.693  1604  1604 I chatty  : uid=1000 system_server expire 2 lines
09-09 10:17:40.561  1604  1661 I chatty  : uid=1000(system) android.bg expire 1 line
09-09 10:19:03.801  1604  1662 I chatty  : uid=1000(system) ActivityManager expire 4 lines
09-09 10:29:40.775  1604  2127 I chatty  : uid=1000(system) ConnectivitySer expire 102 lines
09-09 10:38:50.969  1604  2100 I chatty  : uid=1000(system) InputReader expire 1 line
09-09 10:38:50.971  1604  1669 I chatty  : uid=1000(system) PowerManagerSer expire 3 lines
09-09 10:38:50.975  1604  1667 I chatty  : uid=1000(system) android.display expire 1 line
09-09 10:38:51.058  1604  2692 I chatty  : uid=1000(system) Binder_C expire 2 lines
09-09 10:38:51.058  1604  1664 I chatty  : uid=1000(system) android.fg expire 1 line
09-09 10:38:52.173  1604 19363 I chatty  : uid=1000(system) Binder_10 expire 25 lines
09-09 10:38:53.217  1604  2656 I chatty  : uid=1000(system) Binder_A expire 2 lines
09-09 10:38:53.238  1604  1645 I chatty  : uid=1000(system) Binder_1 expire 27 lines
09-09 10:38:53.289  1604  2715 I chatty  : uid=1000(system) Binder_F expire 1 line
09-09 10:38:53.480  1604  2200 I chatty  : uid=1000(system) Binder_4 expire 7 lines
09-09 10:38:59.243  1604  2141 I chatty  : uid=1000(system) backup expire 1 line
09-09 10:39:08.274  1604  1604 I chatty  : uid=1000 system_server expire 58 lines
09-09 10:39:08.470  1604  2228 I chatty  : uid=1000(system) Binder_7 expire 5 lines
09-09 10:39:08.488  1604  2631 I chatty  : uid=1000(system) Binder_9 expire 2 lines
09-09 10:39:08.531  1604  2164 I chatty  : uid=1000(system) Binder_3 expire 5 lines
09-09 10:39:14.718  1604  1646 I chatty  : uid=1000(system) Binder_2 expire 2 lines
09-09 10:39:20.468  1604  2712 I chatty  : uid=1000(system) Binder_E expire 2 lines
09-09 10:39:20.499  1604  2444 I chatty  : uid=1000(system) Binder_8 expire 1 line
09-09 10:39:23.630  1604  2227 I chatty  : uid=1000(system) Binder_6 expire 2 lines
09-09 10:39:28.212  1604  2226 I chatty  : uid=1000(system) Binder_5 expire 1 line
09-09 10:39:29.480  1604  2123 I chatty  : uid=1000(system) NetworkPolicy expire 1 line
09-09 10:39:31.405  1604  1604 I Telecom : NewOutgoingCallIntentBroadcaster: Sending NewOutgoingCallBroadcast for [130515122, CONNECTING, null, tel:*****, A, childs(0), has_parent(false), [[Capabilities:]], false, ComponentInfo{com.android.phone/com.android.services.telephony.TelephonyConnectionService}, [356a192b7913b04c54574d18c28d46e6395428ab], UserHandle{0}]
09-09 10:39:31.409  1604  1604 I Telecom : TelecomSystem: CallerInfoAsyncQuery.startQuery number=[12c92cf6391711ac2a61b9051ea5c54e5e6862a3] cookie=[130515122, CONNECTING, null, tel:*****, A, childs(0), has_parent(false), [[Capabilities:]], false, ComponentInfo{com.android.phone/com.android.services.telephony.TelephonyConnectionService}, [356a192b7913b04c54574d18c28d46e6395428ab], UserHandle{0}]
09-09 10:39:31.439  1604  1604 I Telecom : Call: CallerInfo received for tel:*****: com.android.internal.telephony.CallerInfo@4d43803 { name null, phoneNumber non-null }
09-09 10:39:31.472  1604  1604 I Telecom : NewOutgoingCallBroadcastIntentReceiver: Received new-outgoing-call-broadcast for [130515122, CONNECTING, null, tel:*****, A, childs(0), has_parent(false), [[Capabilities:]], false, ComponentInfo{com.android.phone/com.android.services.telephony.TelephonyConnectionService}, [356a192b7913b04c54574d18c28d46e6395428ab], UserHandle{0}] with data [12c92cf6391711ac2a61b9051ea5c54e5e6862a3]
09-09 10:39:31.477  1604  1604 I Telecom : NewOutgoingCallIntentBroadcaster: checkIdp phone type:1 enabled:false
09-09 10:39:31.477  1604  1604 I Telecom : NewOutgoingCallIntentBroadcaster: checkIdp number: 7435# subid: checked number:7435# inValid:false
09-09 10:39:31.477  1604  1604 I Telecom : CallsManager: Creating a new outgoing call with handle: tel:*****
09-09 10:39:31.482  1604  1604 I Telecom : PhoneAccountRegistrar: SimCallManager queried, returning: null
09-09 10:39:31.483  1604  1604 I Telecom : CreateConnectionProcessor: Trying attempt CallAttemptRecord(ComponentInfo{com.android.phone/com.android.services.telephony.TelephonyConnectionService}, [356a192b7913b04c54574d18c28d46e6395428ab], UserHandle{0},ComponentInfo{com.android.phone/com.android.services.telephony.TelephonyConnectionService}, [356a192b7913b04c54574d18c28d46e6395428ab], UserHandle{0})
09-09 10:39:31.483  1604  1604 I Telecom : Event: Call 4: BIND_CS, ComponentInfo{com.android.phone/com.android.services.telephony.TelephonyConnectionService}
09-09 10:39:31.487  1604  1604 I Telecom : ServiceBinderConnection: Service bound ComponentInfo{com.android.phone/com.android.services.telephony.TelephonyConnectionService}
09-09 10:39:31.487  1604  1604 I Telecom : Event: Call 4: CS_BOUND, ComponentInfo{com.android.phone/com.android.services.telephony.TelephonyConnectionService}
09-09 10:39:31.487  1604  1604 I Telecom : Event: Call 4: START_CONNECTION, tel:*****
09-09 10:39:31.492  1604  2693 I Telecom : PhoneAccountRegistrar: SimCallManager queried, returning: null
09-09 10:39:31.498  1604  2226 I ActivityManager: START u0 {flg=0x10800000 cmp=com.android.phone/.MMIDialogActivity (has extras)} from uid 1001 on display 0
09-09 10:39:31.535  1604  2631 I Telecom : PhoneAccountRegistrar: SimCallManager queried, returning: null
09-09 10:39:31.536  1604  2631 I Telecom : ConnectionServiceWrapper: Service unbound ComponentInfo{com.android.phone/com.android.services.telephony.TelephonyConnectionService}, from unbind.
09-09 10:39:31.537  1604  2631 I Telecom : CallsManager: setCallState CONNECTING -> DISCONNECTED, call: [130515122, CONNECTING, null, tel:*****, A, childs(0), has_parent(false), [[Capabilities:]], false, ComponentInfo{com.android.phone/com.android.services.telephony.TelephonyConnectionService}, [356a192b7913b04c54574d18c28d46e6395428ab], UserHandle{0}]
09-09 10:39:31.537  1604  2631 I Telecom : Event: Call 4: SET_DISCONNECTED, disconnected set explicitly> DisconnectCause [ Code: (OTHER) Label: () Description: () Reason: (Connection is null, DIALED_MMI) Tone: (-1) ]
09-09 10:39:31.538  1604  2631 I Telecom : Event: Call 4: DESTROYED, null
09-09 10:39:34.368  1604  2656 W Telecom : : No account found for the calling user
09-09 10:39:35.302  1604  2200 W InputMethodManagerService: Window already focused, ignoring focus gain of: com.android.internal.view.IInputMethodClient$Stub$Proxy@4edfa47 attribute=null, token = android.os.BinderProxy@64ac2a6
09-09 10:39:36.278  1604  2127 D ConnectivityService: handlePromptUnvalidated 108
09-09 10:39:43.028  1604  1662 I ActivityManager: Start proc 18246:com.android.timerswitch/1000 for broadcast com.android.timerswitch/.TimerSwitchInitReceiver
09-09 10:39:44.049  1604  2127 D ConnectivityService: notifyType CAP_CHANGED for NetworkAgentInfo [MOBILE (EDGE) - 108]
09-09 10:39:44.049  1604  2127 D ConnectivityService: Setting tx/rx TCP buffers to 2097152,4194304,8388608,262144,524288,1048576
