09-09 13:14:57.588   823   823 I MSM-irqbalance: Decided to move IRQ5 from CPU2 [P:0] to CPU7 [P:1] (banned)
09-09 13:14:57.589   823   823 I MSM-irqbalance: Decided to move IRQ3 from CPU2 [P:0] to CPU5 [P:1] (banned)
09-09 13:14:57.590   823   823 I MSM-irqbalance: Decided to move IRQ5 from CPU3 [P:0] to CPU4 [P:1] (banned)
09-09 13:14:57.590   823   823 I MSM-irqbalance: Decided to move IRQ3 from CPU3 [P:0] to CPU6 [P:1] (banned)
09-09 13:14:57.591   823   823 I MSM-irqbalance: Decided to move IRQ5 from CPU0 [P:0] to CPU7 [P:1] (banned)
09-09 13:14:57.591   823   823 I MSM-irqbalance: Decided to move IRQ3 from CPU0 [P:0] to CPU5 [P:1] (banned)
09-09 13:14:57.592   823   823 I MSM-irqbalance: Decided to move IRQ3 from CPU1 [P:0] to CPU4 [P:1] (banned)
09-09 13:14:57.592   823   823 I MSM-irqbalance: Decided to move IRQ5 from CPU1 [P:0] to CPU6 [P:1] (banned)
09-09 13:14:59.508 14169 14239 I MediaSdk: [14239] [AudioEngine]TRACE: PlayAudio failed (-2147480174)[4, 18, 1]
09-09 13:15:00.524 14169 14226 I YYSDK   : LocalSockHandler::onPing  224317995
09-09 13:15:00.524 14169 14227 I YYSDK   : [localsock]LocalSockHandler::send data len/port 21 37360
09-09 13:15:00.574 14169 14226 I YYSDK   : LocalSockHandler::onUdpData pong sendTime/now/rtt  224317995 224317996 1
09-09 13:15:01.703 14169 14226 I YYSDK   : TrafficStat::on30SecPoller, tx/rx/loginerr 0 0 0
09-09 13:15:01.811 14822 14822 I PushLog : PushReloginTimerTask.run link is connected
09-09 13:15:01.813 14822 14822 I PushLog : PushTimerWorker.addTaskInTask enter, task=com.yy.pushsvc.timertask.PushReloginTimerTask, interval=1800000, repeat=false
09-09 13:15:02.517 14169 14239 I MediaSdk: [14239] [AudioEngine]TRACE: PlayAudio failed (-2147480482)[4, 18, 1]
09-09 13:15:02.582 15844 15844 I qti-logkit.cStreamingThread: end tag is less than start tag
09-09 13:15:02.582 15844 15844 I qti-logkit.cStreamingThread: end tag is less than start tag
09-09 13:15:02.588   823   823 I MSM-irqbalance: Decided to move IRQ5 from CPU3 [P:0] to CPU7 [P:1] (banned)
09-09 13:15:02.589   823   823 I MSM-irqbalance: Decided to move IRQ3 from CPU0 [P:0] to CPU5 [P:1] (banned)
09-09 13:15:02.590   823   823 I MSM-irqbalance: Decided to move IRQ5 from CPU0 [P:0] to CPU4 [P:1] (banned)
09-09 13:15:02.975  3589  3589 W perfd   : type=1400 audit(0.0:5278): avc: denied { kill } for capability=5 scontext=u:r:perfd:s0 tcontext=u:r:perfd:s0 tclass=capability permissive=0
09-09 13:15:02.975  3589  3589 W perfd   : type=1400 audit(0.0:5279): avc: denied { kill } for capability=5 scontext=u:r:perfd:s0 tcontext=u:r:perfd:s0 tclass=capability permissive=0
09-09 13:15:05.521 14169 14239 I MediaSdk: [14239] [AudioEngine]TRACE: PlayAudio failed (-2147480790)[4, 18, 1]
09-09 13:15:05.853 14169 14235 I MediaSdk: [14235] [AudioEngine]OnLogRecordStatus: is OK, recording=false, sampleRate=16000, MaxRecordEnergy=0, CountDiff=0ms, TickDiff=20287ms
09-09 13:15:05.854 14169 14235 I MediaSdk: [14235] [AudioEngine]OnLogPlayoutStatus: is OK, playing=true, sampleRate=44100, MaxPlayoutEnergy=0, curMode=0, CountDiff=20320ms, TickDiff=20287ms
09-09 13:15:06.788 18625 18625 I LKCore  : vendor/qcom/proprietary/qti-logkit/LKCore/main.cpp:85: Run command logcat -v time -d done
09-09 13:15:06.789 18625 18625 I LKCore  : vendor/qcom/proprietary/qti-logkit/LKCore/main.cpp:137: write to /data/misc/qti-logkit/shared-privileged/logcat.txt
09-09 13:15:06.828 14169 14226 I YYSDK   : SvcTrafficStat::on30SecPoller, tx/rx/loginerr 0 0 0
09-09 13:15:07.585 15844 15844 I qti-logkit.cStreamingThread: end tag is less than start tag
09-09 13:15:07.585 15844 15844 I qti-logkit.cStreamingThread: end tag is less than start tag
09-09 13:15:07.588   823   823 I MSM-irqbalance: Decided to move IRQ5 from CPU0 [P:0] to CPU7 [P:1] (banned)
09-09 13:15:08.451 14169 14239 I MediaSdk: [14239] [AudioEngine]TRACE: PlayAudio failed (-2147477514)[4, 18, 1]
09-09 13:15:09.348 14169 14226 I YYSDK   : APLink::onKeepAlive: connId/ip/port 281 183.214.134.183 7286
09-09 13:15:09.348 14169 14226 I YYSDK   : LoginLink::onKeepAlive: sendping
09-09 13:15:09.540  2882  2898 I chatty  : uid=1001(radio) QcRilReceiver expire 4 lines
09-09 13:15:09.540  2882  2882 I chatty  : uid=1001(radio) com.qualcomm.qcrilmsgtunnel expire 1 line
09-09 13:15:09.543  3772  3772 D QC_RIL_OEM_HOOK: Received Broadcast Intent ACTION_UNSOL_RESPONSE_OEM_HOOK_RAW
09-09 13:15:09.543  3830  3830 D QC_RIL_OEM_HOOK: Received Broadcast Intent ACTION_UNSOL_RESPONSE_OEM_HOOK_RAW
09-09 13:15:09.543  3830  3830 D QC_RIL_OEM_HOOK: Oem ID in QCRILHOOK UNSOL RESP is QOEMHOOK
09-09 13:15:09.543  3772  3772 D QC_RIL_OEM_HOOK: Oem ID in QCRILHOOK UNSOL RESP is QOEMHOOK
09-09 13:15:09.544  2679  2679 I chatty  : uid=1001(radio) com.android.phone expire 9 lines
09-09 13:15:09.552 14169 14226 I YYSDK   : APLinkMgr::onPingRes: connId:281, m_chType:1, m_setAvailAppID size:1, m_uServerTimeStamp:1473398109, m_strContext size:0
09-09 13:15:09.602  1604  2127 D ConnectivityService: Setting tx/rx TCP buffers to 2097152,4194304,8388608,4096,1048576,2097152
09-09 13:15:09.609 16028 16028 D CellBroadcastReceiver: onReceive Intent { act=android.intent.action.SERVICE_STATE flg=0x10 cmp=com.android.cellbroadcastreceiver/.CellBroadcastReceiver (has extras) }
09-09 13:15:09.609 16028 16028 D CellBroadcastReceiver: Intent ACTION_SERVICE_STATE_CHANGED
09-09 13:15:09.611 16028 16028 D CellBroadcastReceiver: subscriptionId = 1
09-09 13:15:09.625  1604  2127 I TetherStatsReporting: getTetherStats() called NetworkStats: elapsedRealtime=154341912
09-09 13:15:09.625  1604  2127 I TetherStatsReporting:   [0] iface=wlan0 uid=0 set=DEFAULT tag=0x0 rxBytes=645737 rxPackets=6343 txBytes=266437 txPackets=5446 operations=0
09-09 13:15:09.625  1604  2127 I TetherStatsReporting:   [1] iface=wlan0 uid=0 set=FOREGROUND tag=0x0 rxBytes=0 rxPackets=0 txBytes=0 txPackets=0 operations=0
09-09 13:15:09.625  1604  2127 I TetherStatsReporting:   [2] iface=wlan0 uid=1000 set=DEFAULT tag=0x0 rxBytes=2394 rxPackets=12 txBytes=4076 txPackets=40 operations=0
09-09 13:15:09.625  1604  2127 I TetherStatsReporting:   [3] iface=wlan0 uid=1000 set=FOREGROUND tag=0x0 rxBytes=0 rxPackets=0 txBytes=0 txPackets=0 operations=0
09-09 13:15:09.625  1604  2127 I TetherStatsReporting:   [4] iface=wlan0 uid=10008 set=DEFAULT tag=0x0 rxBytes=0 rxPackets=0 txBytes=0 txPackets=0 operations=0
09-09 13:15:09.625  1604  2127 I TetherStatsReporting:   [5] iface=wlan0 uid=10008 set=FOREGROUND tag=0x0 rxBytes=0 rxPackets=0 txBytes=40 txPackets=1 operations=1
09-09 13:15:09.625  1604  2127 I TetherStatsReporting:   [6] iface=wlan0 uid=10043 set=DEFAULT tag=0x0 rxBytes=43143282 rxPackets=31862 txBytes=1079936 txPackets=21618 operations=0
09-09 13:15:09.625  1604  2127 I TetherStatsReporting:   [7] iface=wlan0 uid=10043 set=FOREGROUND tag=0x0 rxBytes=11601179 rxPackets=9669 txBytes=752450 txPackets=8106 operations=0
09-09 13:15:09.625  1604  2127 I TetherStatsReporting:   [8] iface=wlan0 uid=10079 set=DEFAULT tag=0x0 rxBytes=1432444 rxPackets=20017 txBytes=3500028 txPackets=22405 operations=0
09-09 13:15:09.625  1604  2127 I TetherStatsReporting:   [9] iface=wlan0 uid=10079 set=FOREGROUND tag=0x0 rxBytes=4492313698 rxPackets=4289963 txBytes=59604638 txPackets=633258 operations=0
09-09 13:15:09.625  1604  2127 I TetherStatsReporting:   [10] iface=wlan0 uid=10079 set=DEFAULT tag=0x106ec85e rxBytes=0 rxPackets=0 txBytes=0 txPackets=0 operations=0
09-09 13:15:09.625  1604  2127 I TetherStatsReporting:   [11] iface=wlan0 uid=10079 set=FOREGROUND tag=0x106ec85e rxBytes=10247 rxPackets=77 txBytes=17692 txPackets=104 operations=0
09-09 13:15:09.625  1604  2127 I TetherStatsReporting:   [12] iface=wlan0 uid=10079 set=DEFAULT tag=0x11cf133f rxBytes=0 rxPackets=0 txBytes=0 txPackets=0 operations=0
09-09 13:15:09.625  1604  2127 I TetherStatsReporting:   [13] iface=wlan0 uid=10079 set=FOREGROUND tag=0x11cf133f rxBytes=33838 rxPackets=250 txBytes=60905 txPackets=363 operations=0
09-09 13:15:09.625  1604  2127 I TetherStatsReporting:   [14] iface=wlan0 uid=10079 set=DEFAULT tag=0x11cf1344 rxBytes=0 rxPackets=0 txBytes=0 txPackets=0 operations=0
09-09 13:15:09.625  1604  2127 I TetherStatsReporting:   [15] iface=wlan0 uid=10079 set=FOREGROUND tag=0x11cf1344 rxBytes=9984 rxPackets=72 txBytes=18606 txPackets=105 operations=0
09-09 13:15:09.625  1604  2127 I TetherStatsReporting:   [16] iface=wlan0 uid=10079 set=DEFAULT tag=0x23d770d7 rxBytes=0 rxPackets=0 txBytes=0 txPackets=0 operations=0
09-09 13:15:09.625  1604  2127 I TetherStatsReporting:   [17] iface=wlan0 uid=10079 set=FOREGROUND tag=0x23d770d7 rxBytes=48404 rxPackets=360 txBytes=117522 txPackets=535 operations=0
09-09 13:15:09.625  1604  2127 I TetherStatsReporting:   [18] iface=wlan0 uid=10079 set=DEFAULT tag=0x4233f303 rxBytes=0 rxPackets=0 txBytes=0 txPackets=0 operations=0
09-09 13:15:09.625  1604  2127 I TetherStatsReporting:   [19] iface=wlan0 uid=10079 set=FOREGROUND tag=0x4233f303 rxBytes=9887 rxPackets=75 txBytes=17487 txPackets=102 operations=0
09-09 13:15:09.625  1604  2127 I TetherStatsReporting:   [20] iface=wlan0 uid=10079 set=DEFAULT tag=0x4233f342 rxBytes=0 rxPackets=0 txBytes=0 txPackets=0 operations=0
09-09 13:15:09.625  1604  2127 I TetherStatsReporting:   [21] iface=wlan0 uid=10079 set=FOREGROUND tag=0x4233f342 rxBytes=13208 rxPackets=99 txBytes=23466 txPackets=135 operations=0
09-09 13:15:09.625  1604  2127 I TetherStatsReporting:   [22] iface=wlan0 uid=10079 set=DEFAULT tag=0x556de6ae rxBytes=0 rxPackets=0 txBytes=0 txPackets=0 operations=0
09-09 13:15:09.625  1604  2127 I TetherStatsReporting:   [23] iface=wlan0 uid=10079 set=FOREGROUND tag=0x556de6ae rxBytes=23788 rxPackets=178 txBytes=43052 txPackets=258 operations=0
09-09 13:15:09.625  1604  2127 I TetherStatsReporting:   [24] iface=wlan0 uid=10079 set=DEFAULT tag=0x5af44f95 rxBytes=0 rxPackets=0 txBytes=0 txPackets=0 operations=0
09-09 13:15:09.625  1604  2127 I TetherStatsReporting:   [25] iface=wlan0 uid=10079 set=FOREGROUND tag=0x5af44f95 rxBytes=14484 rxPackets=75 txBytes=11167 txPackets=105 operations=0
09-09 13:15:09.625  1604  2127 I TetherStatsReporting:   [26] iface=wlan0 uid=10079 set=DEFAULT tag=0x63ab63b3 rxBytes=0 rxPackets=0 txBytes=0 txPackets=0 operations=0
09-09 13:15:09.625  1604  2127 I TetherStatsReporting:   [27] iface=wlan0 uid=10079 set=FOREGROUND tag=0x63ab63b3 rxBytes=23380 rxPackets=173 txBytes=40388 txPackets=238 operations=0
09-09 13:15:09.625  1604  2127 I TetherStatsReporting:   [28] iface=wlan0 uid=10079 set=DEFAULT tag=0x9ea3779e rxBytes=0 rxPackets=0 txBytes=0 txPackets=0 operations=0
09-09 13:15:09.625  1604  2127 I TetherStatsReporting:   [29] iface=wlan0 uid=10079 set=FOREGROUND tag=0x9ea3779e rxBytes=12951 rxPackets=98 txBytes=22014 txPackets=132 operations=0
09-09 13:15:09.625  1604  2127 I TetherStatsReporting:   [30] iface=wlan0 uid=10079 set=DEFAULT tag=0xb37d519d rxBytes=40 rxPackets=1 txBytes=40 txPackets=1 operations=0
09-09 13:15:09.625  1604  2127 I TetherStatsReporting:   [31] iface=wlan0 uid=10079 set=FOREGROUND tag=0xb37d519d rxBytes=22194 rxPackets=137 txBytes=39219 txPackets=190 operations=0
09-09 13:15:09.625  1604  2127 I TetherStatsReporting:   [32] iface=wlan0 uid=10079 set=DEFAULT tag=0xe30b75bf rxBytes=4672 rxPackets=8 txBytes=1106 txPackets=11 operations=0
09-09 13:15:09.625  1604  2127 I TetherStatsReporting:   [33] iface=wlan0 uid=10079 set=FOREGROUND tag=0xe30b75b
09-09 13:15:09.625  1604  2127 I TetherStatsReporting: combining tether stats
09-09 13:15:09.626  2651  2665 D QtiTetherService/IpaWrapper: getStats(false)
09-09 13:15:09.630  1604  2127 D ConnectivityService: notifyType IP_CHANGED for NetworkAgentInfo [MOBILE (LTE_CA) - 108]
09-09 13:15:09.640  2261  2412 D NetworkController.MobileSignalController(1): networkClass=4G showRat=true slot=0
09-09 13:15:09.642 16028 16028 D CellBroadcastReceiver: Service state changed! 0 Full: 0 0 voice home data home CMCC CMCC 46000 CMCC CMCC 46000  LTE LTE_CA CSS not supported -1 -1 RoamInd=-1 DefRoamInd=-1 EmergOnly=false IsDataRoamingFromRegistration=false Current state=1
09-09 13:15:09.658 20301 20301 D WifiCallingStatusControl: getIntent : android.intent.action.SERVICE_STATE flag : false
09-09 13:15:09.662  2679 21635 I chatty  : uid=1001(radio) Binder_D expire 7 lines
09-09 13:15:09.676  2679 21520 I chatty  : uid=1001(radio) Binder_A expire 7 lines
09-09 13:15:09.699 16028 25190 D CellBroadcastConfigService: enabling emergency cell broadcast channels
09-09 13:15:09.704  2679 21273 I chatty  : uid=1001(radio) Binder_9 expire 5 lines
09-09 13:15:09.720  2679 21047 I chatty  : uid=1001(radio) Binder_8 expire 5 lines
09-09 13:15:09.726  2679  2909 I chatty  : uid=1001(radio) Binder_4 expire 5 lines
09-09 13:15:09.739  2679  1844 I chatty  : uid=1001(radio) Binder_C expire 5 lines
09-09 13:15:09.746  2679 22283 I chatty  : uid=1001(radio) Binder_B expire 5 lines
09-09 13:15:09.758  2679  3032 I chatty  : uid=1001(radio) Binder_6 expire 5 lines
09-09 13:15:09.783  2679  2691 I chatty  : uid=1001(radio) Binder_2 expire 5 lines
09-09 13:15:09.791  2679  2881 I chatty  : uid=1001(radio) Binder_3 expire 3 lines
09-09 13:15:09.805 14169 14226 I YYSDK   : IoEngine::run: to check io
09-09 13:15:09.808  2679 20791 I chatty  : uid=1001(radio) Binder_7 expire 2 lines
09-09 13:15:09.816  2679  2690 I chatty  : uid=1001(radio) Binder_1 expire 3 lines
09-09 13:15:09.833  2679  2919 I chatty  : uid=1001(radio) Binder_5 expire 2 lines
09-09 13:15:09.947 16028 25190 D CellBroadcastConfigService: enabled emergency cell broadcast channels
09-09 13:15:09.956  2679  2881 I chatty  : uid=1001(radio) Binder_3 expire 2 lines
09-09 13:15:09.965  2679 20791 I chatty  : uid=1001(radio) Binder_7 expire 7 lines
09-09 13:15:09.981  2679  2690 I chatty  : uid=1001(radio) Binder_1 expire 4 lines
09-09 13:15:09.989  2679  2919 I chatty  : uid=1001(radio) Binder_5 expire 10 lines
09-09 13:15:10.006  2679 21273 I chatty  : uid=1001(radio) Binder_9 expire 4 lines
09-09 13:15:10.014  2679 21635 I chatty  : uid=1001(radio) Binder_D expire 3 lines
09-09 13:15:10.021 16028 25190 D CellBroadcastConfigService: enabling cell broadcast channel 50
09-09 13:15:10.029  2679 21047 I chatty  : uid=1001(radio) Binder_8 expire 2 lines
09-09 13:15:10.037  2679  2909 I chatty  : uid=1001(radio) Binder_4 expire 5 lines
09-09 13:15:10.045 16028 25190 D CellBroadcastConfigService: disabling cell broadcast channel 60
09-09 13:15:10.054  2679  1844 I chatty  : uid=1001(radio) Binder_C expire 4 lines
09-09 13:15:10.064  2679 22283 I chatty  : uid=1001(radio) Binder_B expire 4 lines
09-09 13:15:10.065 16028 25190 D CellBroadcastConfigService: disabled cell broadcast channel 60
09-09 13:15:10.069 16028 25190 D CellBroadcastConfigService: disabling channels 919-928
09-09 13:15:10.088 16028 25190 D CellBroadcastConfigService: disabling cell broadcast ETWS test messages
09-09 13:15:11.461 14169 14239 I MediaSdk: [14239] [AudioEngine]TRACE: PlayAudio failed (-2147477822)[4, 18, 1]
09-09 13:15:12.582 15844 15844 I qti-logkit.cStreamingThread: end tag is less than start tag
09-09 13:15:12.582 15844 15844 I qti-logkit.cStreamingThread: end tag is less than start tag
09-09 13:15:12.588   823   823 I MSM-irqbalance: Decided to move IRQ5 from CPU2 [P:0] to CPU7 [P:1] (banned)
09-09 13:15:12.589   823   823 I MSM-irqbalance: Decided to move IRQ5 from CPU3 [P:0] to CPU5 [P:1] (banned)
09-09 13:15:12.590   823   823 I MSM-irqbalance: Decided to move IRQ3 from CPU3 [P:0] to CPU4 [P:1] (banned)
09-09 13:15:12.590   823   823 I MSM-irqbalance: Decided to move IRQ3 from CPU0 [P:0] to CPU6 [P:1] (banned)
09-09 13:15:12.591   823   823 I MSM-irqbalance: Decided to move IRQ5 from CPU0 [P:0] to CPU7 [P:1] (banned)
09-09 13:15:12.592   823   823 I MSM-irqbalance: Decided to move IRQ5 from CPU1 [P:0] to CPU5 [P:1] (banned)
09-09 13:15:12.592   823   823 I MSM-irqbalance: Decided to move IRQ3 from CPU1 [P:0] to CPU4 [P:1] (banned)
09-09 13:15:14.296 14169 14228 I kiwi    : [call] mUpdateWifiInfoTask mChannelSession is null or lastrssi = rssi(-127)(P:14169)(T:144)(C:MediaVideoImp$39)at (MediaVideoImp.java:2127)
09-09 13:15:14.457 14169 14239 I MediaSdk: [14239] [AudioEngine]TRACE: PlayAudio failed (-2147478130)[4, 18, 1]
09-09 13:15:14.462 14169 14226 I YYSDK   : TrafficStat::on1MinPoller, tx/rx/loginerr 0 32 0
09-09 13:15:15.621 14169 14226 I YYSDK   : LocalSockHandler::onPing  224333092
09-09 13:15:15.621 14169 14227 I YYSDK   : [localsock]LocalSockHandler::send data len/port 21 37360
09-09 13:15:15.672 14169 14226 I YYSDK   : LocalSockHandler::onUdpData pong sendTime/now/rtt  224333092 224333094 2
09-09 13:15:16.799 18625 18625 I LKCore  : vendor/qcom/proprietary/qti-logkit/LKCore/main.cpp:42: Running command logcat -v time -d
09-09 13:15:17.467 14169 14239 I MediaSdk: [14239] [AudioEngine]TRACE: PlayAudio failed (-2147478438)[4, 18, 1]
09-09 13:15:17.580 15844 15844 I qti-logkit.cStreamingThread: end tag is less than start tag
09-09 13:15:17.580 15844 15844 I qti-logkit.cStreamingThread: end tag is less than start tag
09-09 13:15:17.589   823   823 I MSM-irqbalance: Decided to move IRQ5 from CPU3 [P:0] to CPU7 [P:1] (banned)
09-09 13:15:19.656  2882  2898 I chatty  : uid=1001(radio) QcRilReceiver expire 4 lines
09-09 13:15:19.657  2882  2882 I chatty  : uid=1001(radio) com.qualcomm.qcrilmsgtunnel expire 1 line
09-09 13:15:19.659  3830  3830 D QC_RIL_OEM_HOOK: Received Broadcast Intent ACTION_UNSOL_RESPONSE_OEM_HOOK_RAW
09-09 13:15:19.659  3830  3830 D QC_RIL_OEM_HOOK: Oem ID in QCRILHOOK UNSOL RESP is QOEMHOOK
09-09 13:15:19.659  3772  3772 D QC_RIL_OEM_HOOK: Received Broadcast Intent ACTION_UNSOL_RESPONSE_OEM_HOOK_RAW
09-09 13:15:19.660  3772  3772 D QC_RIL_OEM_HOOK: Oem ID in QCRILHOOK UNSOL RESP is QOEMHOOK
09-09 13:15:19.661  2679  2679 I chatty  : uid=1001(radio) com.android.phone expire 9 lines
09-09 13:15:19.701 16028 16028 D CellBroadcastReceiver: onReceive Intent { act=android.intent.action.SERVICE_STATE flg=0x10 cmp=com.android.cellbroadcastreceiver/.CellBroadcastReceiver (has extras) }
09-09 13:15:19.701 16028 16028 D CellBroadcastReceiver: Intent ACTION_SERVICE_STATE_CHANGED
09-09 13:15:19.701 16028 16028 D CellBroadcastReceiver: subscriptionId = 1
09-09 13:15:19.705  2679 21520 I chatty  : uid=1001(radio) Binder_A expire 2 lines
09-09 13:15:19.705  1604  2127 D ConnectivityService: Setting tx/rx TCP buffers to 2097152,4194304,8388608,262144,524288,1048576
09-09 13:15:19.721  2679  2881 I chatty  : uid=1001(radio) Binder_3 expire 4 lines
09-09 13:15:19.721 16028 16028 D CellBroadcastReceiver: Service state changed! 0 Full: 0 0 voice home data home CMCC CMCC 46000 CMCC CMCC 46000  LTE LTE CSS not supported -1 -1 RoamInd=-1 DefRoamInd=-1 EmergOnly=false IsDataRoamingFromRegistration=false Current state=1
09-09 13:15:19.722  1604  2127 I TetherStatsReporting: getTetherStats() called NetworkStats: elapsedRealtime=154352014
09-09 13:15:19.722  1604  2127 I TetherStatsReporting:   [0] iface=wlan0 uid=0 set=DEFAULT tag=0x0 rxBytes=645737 rxPackets=6343 txBytes=266437 txPackets=5446 operations=0
09-09 13:15:19.722  1604  2127 I TetherStatsReporting:   [1] iface=wlan0 uid=0 set=FOREGROUND tag=0x0 rxBytes=0 rxPackets=0 txBytes=0 txPackets=0 operations=0
09-09 13:15:19.722  1604  2127 I TetherStatsReporting:   [2] iface=wlan0 uid=1000 set=DEFAULT tag=0x0 rxBytes=2394 rxPackets=12 txBytes=4076 txPackets=40 operations=0
09-09 13:15:19.722  1604  2127 I TetherStatsReporting:   [3] iface=wlan0 uid=1000 set=FOREGROUND tag=0x0 rxBytes=0 rxPackets=0 txBytes=0 txPackets=0 operations=0
09-09 13:15:19.722  1604  2127 I TetherStatsReporting:   [4] iface=wlan0 uid=10008 set=DEFAULT tag=0x0 rxBytes=0 rxPackets=0 txBytes=0 txPackets=0 operations=0
09-09 13:15:19.722  1604  2127 I TetherStatsReporting:   [5] iface=wlan0 uid=10008 set=FOREGROUND tag=0x0 rxBytes=0 rxPackets=0 txBytes=40 txPackets=1 operations=1
09-09 13:15:19.722  1604  2127 I TetherStatsReporting:   [6] iface=wlan0 uid=10043 set=DEFAULT tag=0x0 rxBytes=43143282 rxPackets=31862 txBytes=1079936 txPackets=21618 operations=0
09-09 13:15:19.722  1604  2127 I TetherStatsReporting:   [7] iface=wlan0 uid=10043 set=FOREGROUND tag=0x0 rxBytes=11601179 rxPackets=9669 txBytes=752450 txPackets=8106 operations=0
09-09 13:15:19.722  1604  2127 I TetherStatsReporting:   [8] iface=wlan0 uid=10079 set=DEFAULT tag=0x0 rxBytes=1432444 rxPackets=20017 txBytes=3500028 txPackets=22405 operations=0
09-09 13:15:19.722  1604  2127 I TetherStatsReporting:   [9] iface=wlan0 uid=10079 set=FOREGROUND tag=0x0 rxBytes=4492313698 rxPackets=4289963 txBytes=59604638 txPackets=633258 operations=0
09-09 13:15:19.722  1604  2127 I TetherStatsReporting:   [10] iface=wlan0 uid=10079 set=DEFAULT tag=0x106ec85e rxBytes=0 rxPackets=0 txBytes=0 txPackets=0 operations=0
09-09 13:15:19.722  1604  2127 I TetherStatsReporting:   [11] iface=wlan0 uid=10079 set=FOREGROUND tag=0x106ec85e rxBytes=10247 rxPackets=77 txBytes=17692 txPackets=104 operations=0
09-09 13:15:19.722  1604  2127 I TetherStatsReporting:   [12] iface=wlan0 uid=10079 set=DEFAULT tag=0x11cf133f rxBytes=0 rxPackets=0 txBytes=0 txPackets=0 operations=0
09-09 13:15:19.722  1604  2127 I TetherStatsReporting:   [13] iface=wlan0 uid=10079 set=FOREGROUND tag=0x11cf133f rxBytes=33838 rxPackets=250 txBytes=60905 txPackets=363 operations=0
09-09 13:15:19.722  1604  2127 I TetherStatsReporting:   [14] iface=wlan0 uid=10079 set=DEFAULT tag=0x11cf1344 rxBytes=0 rxPackets=0 txBytes=0 txPackets=0 operations=0
09-09 13:15:19.722  1604  2127 I TetherStatsReporting:   [15] iface=wlan0 uid=10079 set=FOREGROUND tag=0x11cf1344 rxBytes=9984 rxPackets=72 txBytes=18606 txPackets=105 operations=0
09-09 13:15:19.722  1604  2127 I TetherStatsReporting:   [16] iface=wlan0 uid=10079 set=DEFAULT tag=0x23d770d7 rxBytes=0 rxPackets=0 txBytes=0 txPackets=0 operations=0
09-09 13:15:19.722  1604  2127 I TetherStatsReporting:   [17] iface=wlan0 uid=10079 set=FOREGROUND tag=0x23d770d7 rxBytes=48404 rxPackets=360 txBytes=117522 txPackets=535 operations=0
09-09 13:15:19.722  1604  2127 I TetherStatsReporting:   [18] iface=wlan0 uid=10079 set=DEFAULT tag=0x4233f303 rxBytes=0 rxPackets=0 txBytes=0 txPackets=0 operations=0
09-09 13:15:19.722  1604  2127 I TetherStatsReporting:   [19] iface=wlan0 uid=10079 set=FOREGROUND tag=0x4233f303 rxBytes=9887 rxPackets=75 txBytes=17487 txPackets=102 operations=0
09-09 13:15:19.722  1604  2127 I TetherStatsReporting:   [20] iface=wlan0 uid=10079 set=DEFAULT tag=0x4233f342 rxBytes=0 rxPackets=0 txBytes=0 txPackets=0 operations=0
09-09 13:15:19.722  1604  2127 I TetherStatsReporting:   [21] iface=wlan0 uid=10079 set=FOREGROUND tag=0x4233f342 rxBytes=13208 rxPackets=99 txBytes=23466 txPackets=135 operations=0
09-09 13:15:19.722  1604  2127 I TetherStatsReporting:   [22] iface=wlan0 uid=10079 set=DEFAULT tag=0x556de6ae rxBytes=0 rxPackets=0 txBytes=0 txPackets=0 operations=0
09-09 13:15:19.722  1604  2127 I TetherStatsReporting:   [23] iface=wlan0 uid=10079 set=FOREGROUND tag=0x556de6ae rxBytes=23788 rxPackets=178 txBytes=43052 txPackets=258 operations=0
09-09 13:15:19.722  1604  2127 I TetherStatsReporting:   [24] iface=wlan0 uid=10079 set=DEFAULT tag=0x5af44f95 rxBytes=0 rxPackets=0 txBytes=0 txPackets=0 operations=0
09-09 13:15:19.722  1604  2127 I TetherStatsReporting:   [25] iface=wlan0 uid=10079 set=FOREGROUND tag=0x5af44f95 rxBytes=14484 rxPackets=75 txBytes=11167 txPackets=105 operations=0
09-09 13:15:19.722  1604  2127 I TetherStatsReporting:   [26] iface=wlan0 uid=10079 set=DEFAULT tag=0x63ab63b3 rxBytes=0 rxPackets=0 txBytes=0 txPackets=0 operations=0
09-09 13:15:19.722  1604  2127 I TetherStatsReporting:   [27] iface=wlan0 uid=10079 set=FOREGROUND tag=0x63ab63b3 rxBytes=23380 rxPackets=173 txBytes=40388 txPackets=238 operations=0
09-09 13:15:19.722  1604  2127 I TetherStatsReporting:   [28] iface=wlan0 uid=10079 set=DEFAULT tag=0x9ea3779e rxBytes=0 rxPackets=0 txBytes=0 txPackets=0 operations=0
09-09 13:15:19.722  1604  2127 I TetherStatsReporting:   [29] iface=wlan0 uid=10079 set=FOREGROUND tag=0x9ea3779e rxBytes=12951 rxPackets=98 txBytes=22014 txPackets=132 operations=0
09-09 13:15:19.722  1604  2127 I TetherStatsReporting:   [30] iface=wlan0 uid=10079 set=DEFAULT tag=0xb37d519d rxBytes=40 rxPackets=1 txBytes=40 txPackets=1 operations=0
09-09 13:15:19.722  1604  2127 I TetherStatsReporting:   [31] iface=wlan0 uid=10079 set=FOREGROUND tag=0xb37d519d rxBytes=22194 rxPackets=137 txBytes=39219 txPackets=190 operations=0
09-09 13:15:19.722  1604  2127 I TetherStatsReporting:   [32] iface=wlan0 uid=10079 set=DEFAULT tag=0xe30b75bf rxBytes=4672 rxPackets=8 txBytes=1106 txPackets=11 operations=0
09-09 13:15:19.722  1604  2127 I TetherStatsReporting:   [33] iface=wlan0 uid=10079 set=FOREGROUND tag=0xe30b75b
09-09 13:15:19.722  1604  2127 I TetherStatsReporting: combining tether stats
09-09 13:15:19.723  2651  2664 D QtiTetherService/IpaWrapper: getStats(false)
09-09 13:15:19.727  1604  2127 D ConnectivityService: notifyType IP_CHANGED for NetworkAgentInfo [MOBILE (LTE) - 108]
09-09 13:15:19.730  2261  2412 D NetworkController.MobileSignalController(1): networkClass=4G showRat=true slot=0
09-09 13:15:19.732 20301 20301 D WifiCallingStatusControl: getIntent : android.intent.action.SERVICE_STATE flag : false
09-09 13:15:19.771 16028 25199 D CellBroadcastConfigService: enabling emergency cell broadcast channels
09-09 13:15:19.792  2679 21273 I chatty  : uid=1001(radio) Binder_9 expire 5 lines
09-09 13:15:19.802  2679  1844 I chatty  : uid=1001(radio) Binder_C expire 5 lines
09-09 13:15:19.811  2679 21520 I chatty  : uid=1001(radio) Binder_A expire 5 lines
09-09 13:15:19.821  2679  2909 I chatty  : uid=1001(radio) Binder_4 expire 5 lines
09-09 13:15:19.825  2679 21635 I chatty  : uid=1001(radio) Binder_D expire 5 lines
09-09 13:15:19.835  2679  2691 I chatty  : uid=1001(radio) Binder_2 expire 5 lines
09-09 13:15:19.839  2679 22283 I chatty  : uid=1001(radio) Binder_B expire 5 lines
09-09 13:15:19.849  2679  3032 I chatty  : uid=1001(radio) Binder_6 expire 5 lines
09-09 13:15:19.854  2679  2690 I chatty  : uid=1001(radio) Binder_1 expire 5 lines
09-09 13:15:19.864  2679 21047 I chatty  : uid=1001(radio) Binder_8 expire 2 lines
09-09 13:15:19.868  2679  2881 I chatty  : uid=1001(radio) Binder_3 expire 3 lines
09-09 13:15:19.878  2679  2919 I chatty  : uid=1001(radio) Binder_5 expire 2 lines
09-09 13:15:19.881  2679 20791 I chatty  : uid=1001(radio) Binder_7 expire 3 lines
09-09 13:15:19.927 16028 25199 D CellBroadcastConfigService: enabled emergency cell broadcast channels
09-09 13:15:19.951  2679 21047 I chatty  : uid=1001(radio) Binder_8 expire 3 lines
09-09 13:15:19.961  2679  2881 I chatty  : uid=1001(radio) Binder_3 expire 2 lines
09-09 13:15:19.965  2679  2919 I chatty  : uid=1001(radio) Binder_5 expire 3 lines
09-09 13:15:19.971 16028 25199 D CellBroadcastConfigService: enabling cell broadcast channel 50
09-09 13:15:19.976  2679 20791 I chatty  : uid=1001(radio) Binder_7 expire 2 lines
09-09 13:15:19.980  2679 21273 I chatty  : uid=1001(radio) Binder_9 expire 3 lines
09-09 13:15:19.986 16028 25199 D CellBroadcastConfigService: disabling cell broadcast channel 60
09-09 13:15:19.991  2679  1844 I chatty  : uid=1001(radio) Binder_C expire 2 lines
09-09 13:15:19.995  2679 21520 I chatty  : uid=1001(radio) Binder_A expire 4 lines
09-09 13:15:19.996 16028 25199 D CellBroadcastConfigService: disabled cell broadcast channel 60
09-09 13:15:19.998 16028 25199 D CellBroadcastConfigService: disabling channels 919-928
09-09 13:15:20.002  2679  3032 I chatty  : uid=1001(radio) Binder_6 expire 2 lines
09-09 13:15:20.007  2679  2690 I chatty  : uid=1001(radio) Binder_1 expire 2 lines
09-09 13:15:20.008 16028 25199 D CellBroadcastConfigService: disabling cell broadcast ETWS test messages
09-09 13:15:20.012  2679 21047 I chatty  : uid=1001(radio) Binder_8 expire 4 lines
09-09 13:15:20.017  2679  2881 I chatty  : uid=1001(radio) Binder_3 expire 2 lines
09-09 13:15:20.478 14169 14239 I MediaSdk: [14239] [AudioEngine]TRACE: PlayAudio failed (-2147478746)[4, 18, 1]
09-09 13:15:22.584 15844 15844 I qti-logkit.cStreamingThread: end tag is less than start tag
09-09 13:15:22.585 15844 15844 I qti-logkit.cStreamingThread: end tag is less than start tag
09-09 13:15:22.589   823   823 I MSM-irqbalance: Decided to move IRQ5 from CPU0 [P:0] to CPU7 [P:1] (banned)
09-09 13:15:22.590   823   823 I MSM-irqbalance: Decided to move IRQ3 from CPU0 [P:0] to CPU4 [P:1] (banned)
09-09 13:15:22.590   823   823 I MSM-irqbalance: Decided to move IRQ5 from CPU1 [P:0] to CPU5 [P:1] (banned)
09-09 13:15:23.478 14169 14239 I MediaSdk: [14239] [AudioEngine]TRACE: PlayAudio failed (-2147479054)[4, 18, 1]
09-09 13:15:24.684 14169 14226 I YYSDK   : APLink::onKeepAlive: connId/ip/port 289 183.214.134.195 8082
09-09 13:15:24.684 14169 14226 I YYSDK   : LoginLink::onKeepAlive: sendping
09-09 13:15:24.837 14169 14226 I YYSDK   : IoEngine::run: to check io
09-09 13:15:24.864  2882  2898 I chatty  : uid=1001(radio) QcRilReceiver expire 4 lines
09-09 13:15:24.864  2882  2882 I chatty  : uid=1001(radio) com.qualcomm.qcrilmsgtunnel expire 1 line
09-09 13:15:24.866  2679  2679 I chatty  : uid=1001(radio) com.android.phone expire 9 lines
09-09 13:15:24.867  3830  3830 D QC_RIL_OEM_HOOK: Received Broadcast Intent ACTION_UNSOL_RESPONSE_OEM_HOOK_RAW
09-09 13:15:24.868  3830  3830 D QC_RIL_OEM_HOOK: Oem ID in QCRILHOOK UNSOL RESP is QOEMHOOK
09-09 13:15:24.868  3772  3772 D QC_RIL_OEM_HOOK: Received Broadcast Intent ACTION_UNSOL_RESPONSE_OEM_HOOK_RAW
09-09 13:15:24.868  3772  3772 D QC_RIL_OEM_HOOK: Oem ID in QCRILHOOK UNSOL RESP is QOEMHOOK
09-09 13:15:24.877 14169 14226 I YYSDK   : APLinkCheckPolicy::reportLinkStat: ping stat  rtt 825-189-209-199-827-191-180-173-854-193
09-09 13:15:24.878 14169 14226 I YYSDK   : APLinkMgr::onPingRes: connId:289, m_chType:0, m_setAvailAppID size:1, m_uServerTimeStamp:1473398124, m_strContext size:4, timeSend:224342156, rtt:193
09-09 13:15:24.926  1604  2127 D ConnectivityService: Setting tx/rx TCP buffers to 2097152,4194304,8388608,4096,1048576,2097152
09-09 13:15:24.929 16028 16028 D CellBroadcastReceiver: onReceive Intent { act=android.intent.action.SERVICE_STATE flg=0x10 cmp=com.android.cellbroadcastreceiver/.CellBroadcastReceiver (has extras) }
09-09 13:15:24.929 16028 16028 D CellBroadcastReceiver: Intent ACTION_SERVICE_STATE_CHANGED
09-09 13:15:24.929 16028 16028 D CellBroadcastReceiver: subscriptionId = 1
09-09 13:15:24.935  2679  2909 I chatty  : uid=1001(radio) Binder_4 expire 2 lines
09-09 13:15:24.942  2679 22283 I chatty  : uid=1001(radio) Binder_B expire 2 lines
09-09 13:15:24.948  1604  2127 I TetherStatsReporting: getTetherStats() called NetworkStats: elapsedRealtime=154357237
09-09 13:15:24.948  1604  2127 I TetherStatsReporting:   [0] iface=wlan0 uid=0 set=DEFAULT tag=0x0 rxBytes=645737 rxPackets=6343 txBytes=266437 txPackets=5446 operations=0
09-09 13:15:24.948  1604  2127 I TetherStatsReporting:   [1] iface=wlan0 uid=0 set=FOREGROUND tag=0x0 rxBytes=0 rxPackets=0 txBytes=0 txPackets=0 operations=0
09-09 13:15:24.948  1604  2127 I TetherStatsReporting:   [2] iface=wlan0 uid=1000 set=DEFAULT tag=0x0 rxBytes=2394 rxPackets=12 txBytes=4076 txPackets=40 operations=0
09-09 13:15:24.948  1604  2127 I TetherStatsReporting:   [3] iface=wlan0 uid=1000 set=FOREGROUND tag=0x0 rxBytes=0 rxPackets=0 txBytes=0 txPackets=0 operations=0
09-09 13:15:24.948  1604  2127 I TetherStatsReporting:   [4] iface=wlan0 uid=10008 set=DEFAULT tag=0x0 rxBytes=0 rxPackets=0 txBytes=0 txPackets=0 operations=0
09-09 13:15:24.948  1604  2127 I TetherStatsReporting:   [5] iface=wlan0 uid=10008 set=FOREGROUND tag=0x0 rxBytes=0 rxPackets=0 txBytes=40 txPackets=1 operations=1
09-09 13:15:24.948  1604  2127 I TetherStatsReporting:   [6] iface=wlan0 uid=10043 set=DEFAULT tag=0x0 rxBytes=43143282 rxPackets=31862 txBytes=1079936 txPackets=21618 operations=0
09-09 13:15:24.948  1604  2127 I TetherStatsReporting:   [7] iface=wlan0 uid=10043 set=FOREGROUND tag=0x0 rxBytes=11601179 rxPackets=9669 txBytes=752450 txPackets=8106 operations=0
09-09 13:15:24.948  1604  2127 I TetherStatsReporting:   [8] iface=wlan0 uid=10079 set=DEFAULT tag=0x0 rxBytes=1432444 rxPackets=20017 txBytes=3500028 txPackets=22405 operations=0
09-09 13:15:24.948  1604  2127 I TetherStatsReporting:   [9] iface=wlan0 uid=10079 set=FOREGROUND tag=0x0 rxBytes=4492313698 rxPackets=4289963 txBytes=59604638 txPackets=633258 operations=0
09-09 13:15:24.948  1604  2127 I TetherStatsReporting:   [10] iface=wlan0 uid=10079 set=DEFAULT tag=0x106ec85e rxBytes=0 rxPackets=0 txBytes=0 txPackets=0 operations=0
09-09 13:15:24.948  1604  2127 I TetherStatsReporting:   [11] iface=wlan0 uid=10079 set=FOREGROUND tag=0x106ec85e rxBytes=10247 rxPackets=77 txBytes=17692 txPackets=104 operations=0
09-09 13:15:24.948  1604  2127 I TetherStatsReporting:   [12] iface=wlan0 uid=10079 set=DEFAULT tag=0x11cf133f rxBytes=0 rxPackets=0 txBytes=0 txPackets=0 operations=0
09-09 13:15:24.948  1604  2127 I TetherStatsReporting:   [13] iface=wlan0 uid=10079 set=FOREGROUND tag=0x11cf133f rxBytes=33838 rxPackets=250 txBytes=60905 txPackets=363 operations=0
09-09 13:15:24.948  1604  2127 I TetherStatsReporting:   [14] iface=wlan0 uid=10079 set=DEFAULT tag=0x11cf1344 rxBytes=0 rxPackets=0 txBytes=0 txPackets=0 operations=0
09-09 13:15:24.948  1604  2127 I TetherStatsReporting:   [15] iface=wlan0 uid=10079 set=FOREGROUND tag=0x11cf1344 rxBytes=9984 rxPackets=72 txBytes=18606 txPackets=105 operations=0
09-09 13:15:24.948  1604  2127 I TetherStatsReporting:   [16] iface=wlan0 uid=10079 set=DEFAULT tag=0x23d770d7 rxBytes=0 rxPackets=0 txBytes=0 txPackets=0 operations=0
09-09 13:15:24.948  1604  2127 I TetherStatsReporting:   [17] iface=wlan0 uid=10079 set=FOREGROUND tag=0x23d770d7 rxBytes=48404 rxPackets=360 txBytes=117522 txPackets=535 operations=0
09-09 13:15:24.948  1604  2127 I TetherStatsReporting:   [18] iface=wlan0 uid=10079 set=DEFAULT tag=0x4233f303 rxBytes=0 rxPackets=0 txBytes=0 txPackets=0 operations=0
09-09 13:15:24.948  1604  2127 I TetherStatsReporting:   [19] iface=wlan0 uid=10079 set=FOREGROUND tag=0x4233f303 rxBytes=9887 rxPackets=75 txBytes=17487 txPackets=102 operations=0
09-09 13:15:24.948  1604  2127 I TetherStatsReporting:   [20] iface=wlan0 uid=10079 set=DEFAULT tag=0x4233f342 rxBytes=0 rxPackets=0 txBytes=0 txPackets=0 operations=0
09-09 13:15:24.948  1604  2127 I TetherStatsReporting:   [21] iface=wlan0 uid=10079 set=FOREGROUND tag=0x4233f342 rxBytes=13208 rxPackets=99 txBytes=23466 txPackets=135 operations=0
09-09 13:15:24.948  1604  2127 I TetherStatsReporting:   [22] iface=wlan0 uid=10079 set=DEFAULT tag=0x556de6ae rxBytes=0 rxPackets=0 txBytes=0 txPackets=0 operations=0
09-09 13:15:24.948  1604  2127 I TetherStatsReporting:   [23] iface=wlan0 uid=10079 set=FOREGROUND tag=0x556de6ae rxBytes=23788 rxPackets=178 txBytes=43052 txPackets=258 operations=0
09-09 13:15:24.948  1604  2127 I TetherStatsReporting:   [24] iface=wlan0 uid=10079 set=DEFAULT tag=0x5af44f95 rxBytes=0 rxPackets=0 txBytes=0 txPackets=0 operations=0
09-09 13:15:24.948  1604  2127 I TetherStatsReporting:   [25] iface=wlan0 uid=10079 set=FOREGROUND tag=0x5af44f95 rxBytes=14484 rxPackets=75 txBytes=11167 txPackets=105 operations=0
09-09 13:15:24.948  1604  2127 I TetherStatsReporting:   [26] iface=wlan0 uid=10079 set=DEFAULT tag=0x63ab63b3 rxBytes=0 rxPackets=0 txBytes=0 txPackets=0 operations=0
09-09 13:15:24.948  1604  2127 I TetherStatsReporting:   [27] iface=wlan0 uid=10079 set=FOREGROUND tag=0x63ab63b3 rxBytes=23380 rxPackets=173 txBytes=40388 txPackets=238 operations=0
09-09 13:15:24.948  1604  2127 I TetherStatsReporting:   [28] iface=wlan0 uid=10079 set=DEFAULT tag=0x9ea3779e rxBytes=0 rxPackets=0 txBytes=0 txPackets=0 operations=0
09-09 13:15:24.948  1604  2127 I TetherStatsReporting:   [29] iface=wlan0 uid=10079 set=FOREGROUND tag=0x9ea3779e rxBytes=12951 rxPackets=98 txBytes=22014 txPackets=132 operations=0
09-09 13:15:24.948  1604  2127 I TetherStatsReporting:   [30] iface=wlan0 uid=10079 set=DEFAULT tag=0xb37d519d rxBytes=40 rxPackets=1 txBytes=40 txPackets=1 operations=0
09-09 13:15:24.948  1604  2127 I TetherStatsReporting:   [31] iface=wlan0 uid=10079 set=FOREGROUND tag=0xb37d519d rxBytes=22194 rxPackets=137 txBytes=39219 txPackets=190 operations=0
09-09 13:15:24.948  1604  2127 I TetherStatsReporting:   [32] iface=wlan0 uid=10079 set=DEFAULT tag=0xe30b75bf rxBytes=4672 rxPackets=8 txBytes=1106 txPackets=11 operations=0
09-09 13:15:24.948  1604  2127 I TetherStatsReporting:   [33] iface=wlan0 uid=10079 set=FOREGROUND tag=0xe30b75b
09-09 13:15:24.948  1604  2127 I TetherStatsReporting: combining tether stats
09-09 13:15:24.949  2651  2796 D QtiTetherService/IpaWrapper: getStats(false)
09-09 13:15:24.955 16028 16028 D CellBroadcastReceiver: Service state changed! 0 Full: 0 0 voice home data home CMCC CMCC 46000 CMCC CMCC 46000  LTE LTE_CA CSS not supported -1 -1 RoamInd=-1 DefRoamInd=-1 EmergOnly=false IsDataRoamingFromRegistration=false Current state=1
09-09 13:15:24.955  1604  2127 D ConnectivityService: notifyType IP_CHANGED for NetworkAgentInfo [MOBILE (LTE_CA) - 108]
09-09 13:15:24.958  2679 21635 I chatty  : uid=1001(radio) Binder_D expire 11 lines
09-09 13:15:24.969 20301 20301 D WifiCallingStatusControl: getIntent : android.intent.action.SERVICE_STATE flag : false
09-09 13:15:24.974  2261  2412 D NetworkController.MobileSignalController(1): networkClass=4G showRat=true slot=0
09-09 13:15:25.006  2679  3032 I chatty  : uid=1001(radio) Binder_6 expire 9 lines
09-09 13:15:25.011 16028 25205 D CellBroadcastConfigService: enabling emergency cell broadcast channels
09-09 13:15:25.016  2679 20791 I chatty  : uid=1001(radio) Binder_7 expire 11 lines
09-09 13:15:25.021  2679 21273 I chatty  : uid=1001(radio) Binder_9 expire 10 lines
09-09 13:15:25.030  2679  2909 I chatty  : uid=1001(radio) Binder_4 expire 7 lines
09-09 13:15:25.034  2679 21047 I chatty  : uid=1001(radio) Binder_8 expire 8 lines
09-09 13:15:25.049  2679  2691 I chatty  : uid=1001(radio) Binder_2 expire 7 lines
09-09 13:15:25.060  2679 21520 I chatty  : uid=1001(radio) Binder_A expire 5 lines
09-09 13:15:25.066  2679  2881 I chatty  : uid=1001(radio) Binder_3 expire 5 lines
09-09 13:15:25.078  2679  2919 I chatty  : uid=1001(radio) Binder_5 expire 7 lines
09-09 13:15:25.084  2679  2690 I chatty  : uid=1001(radio) Binder_1 expire 8 lines
09-09 13:15:25.100  2679 22283 I chatty  : uid=1001(radio) Binder_B expire 7 lines
09-09 13:15:25.126  2679  1844 I chatty  : uid=1001(radio) Binder_C expire 9 lines
09-09 13:15:25.240 16028 25205 D CellBroadcastConfigService: enabled emergency cell broadcast channels
09-09 13:15:25.311 16028 25205 D CellBroadcastConfigService: enabling cell broadcast channel 50
09-09 13:15:25.330 16028 25205 D CellBroadcastConfigService: disabling cell broadcast channel 60
09-09 13:15:25.343 16028 25205 D CellBroadcastConfigService: disabled cell broadcast channel 60
09-09 13:15:25.346 16028 25205 D CellBroadcastConfigService: disabling channels 919-928
09-09 13:15:25.360 16028 25205 D CellBroadcastConfigService: disabling cell broadcast ETWS test messages
09-09 13:15:26.165 14169 14235 I MediaSdk: [14235] [AudioEngine]OnLogRecordStatus: is OK, recording=false, sampleRate=16000, MaxRecordEnergy=0, CountDiff=0ms, TickDiff=20311ms
09-09 13:15:26.165 14169 14235 I MediaSdk: [14235] [AudioEngine]OnLogPlayoutStatus: is OK, playing=true, sampleRate=44100, MaxPlayoutEnergy=0, curMode=0, CountDiff=20230ms, TickDiff=20311ms
09-09 13:15:26.486 14169 14239 I MediaSdk: [14239] [AudioEngine]TRACE: PlayAudio failed (-2147479362)[4, 18, 1]
09-09 13:15:27.589   823   823 I MSM-irqbalance: Decided to move IRQ3 from CPU2 [P:0] to CPU7 [P:1] (banned)
09-09 13:15:27.590   823   823 I MSM-irqbalance: Decided to move IRQ5 from CPU2 [P:0] to CPU4 [P:1] (banned)
09-09 13:15:27.591   823   823 I MSM-irqbalance: Decided to move IRQ5 from CPU0 [P:0] to CPU5 [P:1] (banned)
09-09 13:15:27.591   823   823 I MSM-irqbalance: Decided to move IRQ3 from CPU0 [P:0] to CPU6 [P:1] (banned)
09-09 13:15:27.592   823   823 I MSM-irqbalance: Decided to move IRQ5 from CPU1 [P:0] to CPU7 [P:1] (banned)
09-09 13:15:27.596 15844 15844 I qti-logkit.cStreamingThread: end tag is less than start tag
09-09 13:15:27.596 15844 15844 I qti-logkit.cStreamingThread: end tag is less than start tag
09-09 13:15:27.821 18625 18625 I LKCore  : vendor/qcom/proprietary/qti-logkit/LKCore/main.cpp:74: too long of waiting, timed out
09-09 13:15:27.823 18625 18625 I LKCore  : vendor/qcom/proprietary/qti-logkit/LKCore/main.cpp:85: Run command logcat -v time -d done
09-09 13:15:27.824 18625 18625 I LKCore  : vendor/qcom/proprietary/qti-logkit/LKCore/main.cpp:137: write to /data/misc/qti-logkit/shared-privileged/logcat.txt
09-09 13:15:29.498 14169 14239 I MediaSdk: [14239] [AudioEngine]TRACE: PlayAudio failed (-2147479670)[4, 18, 1]
09-09 13:15:30.655 14169 14226 I YYSDK   : LocalSockHandler::onPing  224348126
09-09 13:15:30.656 14169 14227 I YYSDK   : [localsock]LocalSockHandler::send data len/port 21 37360
09-09 13:15:30.706 14169 14226 I YYSDK   : LocalSockHandler::onUdpData pong sendTime/now/rtt  224348126 224348129 3
09-09 13:15:30.923 14822 14822 I PushLog : PushKeepaliveMgr mAlarmReceiver.onReceive enter
09-09 13:15:30.921 14169 14226 I YYSDK   : protocol::SendReqFNTask::run mType/rType 0 8
09-09 13:15:30.926 14169 14226 I YYSDK   : LoginReqHandler::handle, req->reqType= 8
09-09 13:15:30.927 14169 14226 I YYSDK   : LoginReqHandler::onHBReq
09-09 13:15:30.927 14169 14226 I YYSDK   : APLink::keepAlive: sendping
09-09 13:15:31.132 14169 14226 I YYSDK   : SvcTrafficStat::on1MinPoller, tx/rx/loginerr 0 28 0
09-09 13:15:31.739 14169 14226 I YYSDK   : TrafficStat::on30SecPoller, tx/rx/loginerr 0 32 0
09-09 13:15:31.815 14822 14822 I PushLog : StateConnected.handleEvent, send ping
09-09 13:15:31.830 14822 28441 D PUSH_SDK_JNI: PushReqHandler::send ping, monotonic time = 135813269
09-09 13:15:31.830 14822 28441 D PUSH_SDK_JNI: [lsh] PushLinkMgr::_send, size= 14
09-09 13:15:32.010 14169 14226 I YYSDK   : APLinkCheckPolicy::reportLinkStat: ping stat  rtt 825-189-209-199-827-191-180-173-854-193
09-09 13:15:32.010 14169 14226 I YYSDK   : APLinkMgr::onPingRes: connId:289, m_chType:0, m_setAvailAppID size:1, m_uServerTimeStamp:1473398131, m_strContext size:4, timeSend:224348399, rtt:1083
09-09 13:15:32.033 14822 28441 D PUSH_SDK_JNI: PushHandler::onPong, local srv time = 2016-09-09 13:15:32.455 , monotonic time = 135813472
09-09 13:15:32.033 14822 28441 D PUSH_SDK_JNI: PushHandler::onPong, local srv time = 2016-09-09 13:15:32.455 , cli local wall time = 2016-09-09 13:15:32.033 , srv time = 2016-09-09 13:15:32.365 , rtt = 203 , srv timestamp = 1473398132365
09-09 13:15:32.036 14822 14822 I PushLog : StateConnected.handleEvent get pong, local wall time=2016-09-09 13:15:32.035, local srv time=2016-09-09 13:15:32.454
09-09 13:15:32.037 14822 14822 I PushLog : StateConnected.handleEvent, recv pong times=1, send ping times=1
09-09 13:15:32.509 14169 14239 I MediaSdk: [14239] [AudioEngine]TRACE: PlayAudio failed (-2147479978)[4, 18, 1]
09-09 13:15:32.581 15844 15844 I qti-logkit.cStreamingThread: end tag is less than start tag
09-09 13:15:32.581 15844 15844 I qti-logkit.cStreamingThread: end tag is less than start tag
09-09 13:15:32.588   823   823 I MSM-irqbalance: Decided to move IRQ3 from CPU0 [P:0] to CPU7 [P:1] (banned)
09-09 13:15:32.589   823   823 I MSM-irqbalance: Decided to move IRQ5 from CPU0 [P:0] to CPU4 [P:1] (banned)
09-09 13:15:34.319 14169 14228 I kiwi    : [call] mUpdateWifiInfoTask mChannelSession is null or lastrssi = rssi(-127)(P:14169)(T:144)(C:MediaVideoImp$39)at (MediaVideoImp.java:2127)
09-09 13:15:35.512 14169 14239 I MediaSdk: [14239] [AudioEngine]TRACE: PlayAudio failed (-2147480286)[4, 18, 1]
09-09 13:15:36.871 14169 14226 I YYSDK   : SvcTrafficStat::on30SecPoller, tx/rx/loginerr 0 28 0
09-09 13:15:37.583 15844 15844 I qti-logkit.cStreamingThread: end tag is less than start tag
09-09 13:15:37.583 15844 15844 I qti-logkit.cStreamingThread: end tag is less than start tag
09-09 13:15:37.589   823   823 I MSM-irqbalance: Decided to move IRQ5 from CPU6 to CPU5
09-09 13:15:37.834 18625 18625 I LKCore  : vendor/qcom/proprietary/qti-logkit/LKCore/main.cpp:42: Running command logcat -v time -d
09-09 13:15:38.521 14169 14239 I MediaSdk: [14239] [AudioEngine]TRACE: PlayAudio failed (-2147480594)[4, 18, 1]
09-09 13:15:39.887 14169 14226 I YYSDK   : IoEngine::run: to check io
09-09 13:15:41.528 14169 14239 I MediaSdk: [14239] [AudioEngine]TRACE: PlayAudio failed (-2147480902)[4, 18, 1]
09-09 13:15:42.579 15844 15844 I qti-logkit.cStreamingThread: end tag is less than start tag
09-09 13:15:42.579 15844 15844 I qti-logkit.cStreamingThread: end tag is less than start tag
09-09 13:15:42.588   823   823 I MSM-irqbalance: Decided to move IRQ3 from CPU0 [P:0] to CPU7 [P:1] (banned)
09-09 13:15:43.016  2882  2898 I chatty  : uid=1001(radio) QcRilReceiver expire 4 lines
09-09 13:15:43.017  2882  2882 I chatty  : uid=1001(radio) com.qualcomm.qcrilmsgtunnel expire 1 line
09-09 13:15:43.019  2679  2679 I chatty  : uid=1001(radio) com.android.phone expire 9 lines
09-09 13:15:43.019  3830  3830 D QC_RIL_OEM_HOOK: Received Broadcast Intent ACTION_UNSOL_RESPONSE_OEM_HOOK_RAW
09-09 13:15:43.020  3830  3830 D QC_RIL_OEM_HOOK: Oem ID in QCRILHOOK UNSOL RESP is QOEMHOOK
09-09 13:15:43.020  3772  3772 D QC_RIL_OEM_HOOK: Received Broadcast Intent ACTION_UNSOL_RESPONSE_OEM_HOOK_RAW
09-09 13:15:43.020  3772  3772 D QC_RIL_OEM_HOOK: Oem ID in QCRILHOOK UNSOL RESP is QOEMHOOK
09-09 13:15:43.079 16028 16028 D CellBroadcastReceiver: onReceive Intent { act=android.intent.action.SERVICE_STATE flg=0x10 cmp=com.android.cellbroadcastreceiver/.CellBroadcastReceiver (has extras) }
09-09 13:15:43.079 16028 16028 D CellBroadcastReceiver: Intent ACTION_SERVICE_STATE_CHANGED
09-09 13:15:43.079  1604  2127 D ConnectivityService: Setting tx/rx TCP buffers to 2097152,4194304,8388608,262144,524288,1048576
09-09 13:15:43.083 16028 16028 D CellBroadcastReceiver: subscriptionId = 1
09-09 13:15:43.098  1604  2127 I TetherStatsReporting: getTetherStats() called NetworkStats: elapsedRealtime=154375385
09-09 13:15:43.098  1604  2127 I TetherStatsReporting:   [0] iface=wlan0 uid=0 set=DEFAULT tag=0x0 rxBytes=645737 rxPackets=6343 txBytes=266437 txPackets=5446 operations=0
09-09 13:15:43.098  1604  2127 I TetherStatsReporting:   [1] iface=wlan0 uid=0 set=FOREGROUND tag=0x0 rxBytes=0 rxPackets=0 txBytes=0 txPackets=0 operations=0
09-09 13:15:43.098  1604  2127 I TetherStatsReporting:   [2] iface=wlan0 uid=1000 set=DEFAULT tag=0x0 rxBytes=2394 rxPackets=12 txBytes=4076 txPackets=40 operations=0
09-09 13:15:43.098  1604  2127 I TetherStatsReporting:   [3] iface=wlan0 uid=1000 set=FOREGROUND tag=0x0 rxBytes=0 rxPackets=0 txBytes=0 txPackets=0 operations=0
09-09 13:15:43.098  1604  2127 I TetherStatsReporting:   [4] iface=wlan0 uid=10008 set=DEFAULT tag=0x0 rxBytes=0 rxPackets=0 txBytes=0 txPackets=0 operations=0
09-09 13:15:43.098  1604  2127 I TetherStatsReporting:   [5] iface=wlan0 uid=10008 set=FOREGROUND tag=0x0 rxBytes=0 rxPackets=0 txBytes=40 txPackets=1 operations=1
09-09 13:15:43.098  1604  2127 I TetherStatsReporting:   [6] iface=wlan0 uid=10043 set=DEFAULT tag=0x0 rxBytes=43143282 rxPackets=31862 txBytes=1079936 txPackets=21618 operations=0
09-09 13:15:43.098  1604  2127 I TetherStatsReporting:   [7] iface=wlan0 uid=10043 set=FOREGROUND tag=0x0 rxBytes=11601179 rxPackets=9669 txBytes=752450 txPackets=8106 operations=0
09-09 13:15:43.098  1604  2127 I TetherStatsReporting:   [8] iface=wlan0 uid=10079 set=DEFAULT tag=0x0 rxBytes=1432444 rxPackets=20017 txBytes=3500028 txPackets=22405 operations=0
09-09 13:15:43.098  1604  2127 I TetherStatsReporting:   [9] iface=wlan0 uid=10079 set=FOREGROUND tag=0x0 rxBytes=4492313698 rxPackets=4289963 txBytes=59604638 txPackets=633258 operations=0
09-09 13:15:43.098  1604  2127 I TetherStatsReporting:   [10] iface=wlan0 uid=10079 set=DEFAULT tag=0x106ec85e rxBytes=0 rxPackets=0 txBytes=0 txPackets=0 operations=0
09-09 13:15:43.098  1604  2127 I TetherStatsReporting:   [11] iface=wlan0 uid=10079 set=FOREGROUND tag=0x106ec85e rxBytes=10247 rxPackets=77 txBytes=17692 txPackets=104 operations=0
09-09 13:15:43.098  1604  2127 I TetherStatsReporting:   [12] iface=wlan0 uid=10079 set=DEFAULT tag=0x11cf133f rxBytes=0 rxPackets=0 txBytes=0 txPackets=0 operations=0
09-09 13:15:43.098  1604  2127 I TetherStatsReporting:   [13] iface=wlan0 uid=10079 set=FOREGROUND tag=0x11cf133f rxBytes=33838 rxPackets=250 txBytes=60905 txPackets=363 operations=0
09-09 13:15:43.098  1604  2127 I TetherStatsReporting:   [14] iface=wlan0 uid=10079 set=DEFAULT tag=0x11cf1344 rxBytes=0 rxPackets=0 txBytes=0 txPackets=0 operations=0
09-09 13:15:43.098  1604  2127 I TetherStatsReporting:   [15] iface=wlan0 uid=10079 set=FOREGROUND tag=0x11cf1344 rxBytes=9984 rxPackets=72 txBytes=18606 txPackets=105 operations=0
09-09 13:15:43.098  1604  2127 I TetherStatsReporting:   [16] iface=wlan0 uid=10079 set=DEFAULT tag=0x23d770d7 rxBytes=0 rxPackets=0 txBytes=0 txPackets=0 operations=0
09-09 13:15:43.098  1604  2127 I TetherStatsReporting:   [17] iface=wlan0 uid=10079 set=FOREGROUND tag=0x23d770d7 rxBytes=48404 rxPackets=360 txBytes=117522 txPackets=535 operations=0
09-09 13:15:43.098  1604  2127 I TetherStatsReporting:   [18] iface=wlan0 uid=10079 set=DEFAULT tag=0x4233f303 rxBytes=0 rxPackets=0 txBytes=0 txPackets=0 operations=0
09-09 13:15:43.098  1604  2127 I TetherStatsReporting:   [19] iface=wlan0 uid=10079 set=FOREGROUND tag=0x4233f303 rxBytes=9887 rxPackets=75 txBytes=17487 txPackets=102 operations=0
09-09 13:15:43.098  1604  2127 I TetherStatsReporting:   [20] iface=wlan0 uid=10079 set=DEFAULT tag=0x4233f342 rxBytes=0 rxPackets=0 txBytes=0 txPackets=0 operations=0
09-09 13:15:43.098  1604  2127 I TetherStatsReporting:   [21] iface=wlan0 uid=10079 set=FOREGROUND tag=0x4233f342 rxBytes=13208 rxPackets=99 txBytes=23466 txPackets=135 operations=0
